Archive member included because of file (symbol)

.\CortexM3\ARM_GCC_493\Debug\Led_Capsense.a(cyfitter_cfg.o)
                              .\CortexM3\ARM_GCC_493\Debug\Cm3Start.o (cyfitter_cfg)
.\CortexM3\ARM_GCC_493\Debug\Led_Capsense.a(LCD.o)
                              .\CortexM3\ARM_GCC_493\Debug\main.o (LCD_PrintString)
.\CortexM3\ARM_GCC_493\Debug\Led_Capsense.a(USBUART.o)
                              .\CortexM3\ARM_GCC_493\Debug\main.o (USBUART_Start)
.\CortexM3\ARM_GCC_493\Debug\Led_Capsense.a(USBUART_cdc.o)
                              .\CortexM3\ARM_GCC_493\Debug\main.o (USBUART_CDC_Init)
.\CortexM3\ARM_GCC_493\Debug\Led_Capsense.a(USBUART_drv.o)
                              .\CortexM3\ARM_GCC_493\Debug\Led_Capsense.a(USBUART.o) (USBUART_lastPacketSize)
.\CortexM3\ARM_GCC_493\Debug\Led_Capsense.a(USBUART_episr.o)
                              .\CortexM3\ARM_GCC_493\Debug\Led_Capsense.a(USBUART.o) (USBUART_EP_1_ISR)
.\CortexM3\ARM_GCC_493\Debug\Led_Capsense.a(USBUART_hid.o)
                              .\CortexM3\ARM_GCC_493\Debug\Led_Capsense.a(USBUART.o) (USBUART_hidProtocol)
.\CortexM3\ARM_GCC_493\Debug\Led_Capsense.a(USBUART_pm.o)
                              .\CortexM3\ARM_GCC_493\Debug\Led_Capsense.a(USBUART.o) (USBUART_DP_ISR)
.\CortexM3\ARM_GCC_493\Debug\Led_Capsense.a(USBUART_std.o)
                              .\CortexM3\ARM_GCC_493\Debug\Led_Capsense.a(USBUART_pm.o) (USBUART_ConfigReg)
.\CortexM3\ARM_GCC_493\Debug\Led_Capsense.a(USBUART_vnd.o)
                              .\CortexM3\ARM_GCC_493\Debug\Led_Capsense.a(USBUART_drv.o) (USBUART_HandleVendorRqst)
.\CortexM3\ARM_GCC_493\Debug\Led_Capsense.a(CapSense.o)
                              .\CortexM3\ARM_GCC_493\Debug\main.o (CapSense_IsBusy)
.\CortexM3\ARM_GCC_493\Debug\Led_Capsense.a(CapSense_CSHL.o)
                              .\CortexM3\ARM_GCC_493\Debug\main.o (CapSense_InitializeAllBaselines)
.\CortexM3\ARM_GCC_493\Debug\Led_Capsense.a(CapSense_INT.o)
                              .\CortexM3\ARM_GCC_493\Debug\Led_Capsense.a(CapSense.o) (CapSense_IsrCH0_ISR)
.\CortexM3\ARM_GCC_493\Debug\Led_Capsense.a(PWM.o)
                              .\CortexM3\ARM_GCC_493\Debug\main.o (PWM_WriteCompare)
.\CortexM3\ARM_GCC_493\Debug\Led_Capsense.a(USBUART_Dp.o)
                              .\CortexM3\ARM_GCC_493\Debug\Led_Capsense.a(USBUART_pm.o) (USBUART_Dp_ClearInterrupt)
.\CortexM3\ARM_GCC_493\Debug\Led_Capsense.a(CapSense_CompCH0.o)
                              .\CortexM3\ARM_GCC_493\Debug\Led_Capsense.a(CapSense.o) (CapSense_CompCH0_Enable)
.\CortexM3\ARM_GCC_493\Debug\Led_Capsense.a(CapSense_IdacCH0.o)
                              .\CortexM3\ARM_GCC_493\Debug\Led_Capsense.a(CapSense.o) (CapSense_IdacCH0_Enable)
.\CortexM3\ARM_GCC_493\Debug\Led_Capsense.a(CapSense_AMuxCH0.o)
                              .\CortexM3\ARM_GCC_493\Debug\Led_Capsense.a(CapSense.o) (CapSense_AMuxCH0_Init)
.\CortexM3\ARM_GCC_493\Debug\Led_Capsense.a(CapSense_IntClock.o)
                              .\CortexM3\ARM_GCC_493\Debug\Led_Capsense.a(CapSense.o) (CapSense_IntClock_Start)
.\CortexM3\ARM_GCC_493\Debug\Led_Capsense.a(CyBootAsmGnu.o)
                              .\CortexM3\ARM_GCC_493\Debug\Led_Capsense.a(cyfitter_cfg.o) (CyDelayCycles)
.\CortexM3\ARM_GCC_493\Debug\Led_Capsense.a(CyLib.o)
                              .\CortexM3\ARM_GCC_493\Debug\Cm3Start.o (CyHalt)
.\CortexM3\ARM_GCC_493\Debug\Led_Capsense.a(cyPm.o)
                              .\CortexM3\ARM_GCC_493\Debug\Led_Capsense.a(CyLib.o) (CyPmReadStatus)
.\CortexM3\ARM_GCC_493\Debug\Led_Capsense.a(USBUART_cls.o)
                              .\CortexM3\ARM_GCC_493\Debug\Led_Capsense.a(USBUART_drv.o) (USBUART_DispatchClassRqst)
.\CortexM3\ARM_GCC_493\Debug\Led_Capsense.a(USBUART_descr.o)
                              .\CortexM3\ARM_GCC_493\Debug\Led_Capsense.a(USBUART_std.o) (USBUART_idSerialNumberStringDescriptor)
.\CortexM3\ARM_GCC_493\Debug\Led_Capsense.a(CyFlash.o)
                              .\CortexM3\ARM_GCC_493\Debug\Led_Capsense.a(cyPm.o) (CyFlash_SetWaitCycles)
.\CortexM3\ARM_GCC_493\Debug\Led_Capsense.a(CySpc.o)
                              .\CortexM3\ARM_GCC_493\Debug\Led_Capsense.a(CyFlash.o) (CySpcStart)
c:/program files (x86)/cypress/psoc creator/3.3/psoc creator/import/gnu/arm/4.9.3/bin/../lib/gcc/arm-none-eabi/4.9.3/../../../../arm-none-eabi/lib/armv7-m\libg_nano.a(lib_a-errno.o)
                              .\CortexM3\ARM_GCC_493\Debug\Cm3Start.o (__errno)
c:/program files (x86)/cypress/psoc creator/3.3/psoc creator/import/gnu/arm/4.9.3/bin/../lib/gcc/arm-none-eabi/4.9.3/../../../../arm-none-eabi/lib/armv7-m\libg_nano.a(lib_a-exit.o)
                              c:/program files (x86)/cypress/psoc creator/3.3/psoc creator/import/gnu/arm/4.9.3/bin/../lib/gcc/arm-none-eabi/4.9.3/../../../../arm-none-eabi/lib/armv7-m/crt0.o (exit)
[...]
Memory Configuration

Name             Origin             Length             Attributes
rom              0x00000000         0x00040000         xr
ram              0x1fff8000         0x00010000         xrw
*default*        0x00000000         0xffffffff

Linker script and memory map

LOAD c:/program files (x86)/cypress/psoc creator/3.3/psoc creator/import/gnu/arm/4.9.3/bin/../lib/gcc/arm-none-eabi/4.9.3/armv7-m/crti.o
LOAD c:/program files (x86)/cypress/psoc creator/3.3/psoc creator/import/gnu/arm/4.9.3/bin/../lib/gcc/arm-none-eabi/4.9.3/armv7-m/crtbegin.o
LOAD c:/program files (x86)/cypress/psoc creator/3.3/psoc creator/import/gnu/arm/4.9.3/bin/../lib/gcc/arm-none-eabi/4.9.3/../../../../arm-none-eabi/lib/armv7-m/crt0.o
START GROUP
LOAD .\CortexM3\ARM_GCC_493\Debug\main.o
LOAD .\CortexM3\ARM_GCC_493\Debug\cymetadata.o
LOAD .\CortexM3\ARM_GCC_493\Debug\Cm3Start.o
LOAD .\CortexM3\ARM_GCC_493\Debug\Led_Capsense.a
LOAD C:\Program Files (x86)\Cypress\PSoC Creator\3.3\PSoC Creator\psoc\content\cycomponentlibrary\CyComponentLibrary.cylib\CapSense_CSD_v3_50\Library\CapSenseLibrary_GCC.a
LOAD C:\Program Files (x86)\Cypress\PSoC Creator\3.3\PSoC Creator\psoc\content\cycomponentlibrary\CyComponentLibrary.cylib\CortexM3\ARM_GCC_493\Debug\CyComponentLibrary.a
END GROUP
START GROUP
LOAD c:/program files (x86)/cypress/psoc creator/3.3/psoc creator/import/gnu/arm/4.9.3/bin/../lib/gcc/arm-none-eabi/4.9.3/armv7-m\libgcc.a
LOAD c:/program files (x86)/cypress/psoc creator/3.3/psoc creator/import/gnu/arm/4.9.3/bin/../lib/gcc/arm-none-eabi/4.9.3/../../../../arm-none-eabi/lib/armv7-m\libg_nano.a
LOAD c:/program files (x86)/cypress/psoc creator/3.3/psoc creator/import/gnu/arm/4.9.3/bin/../lib/gcc/arm-none-eabi/4.9.3/../../../../arm-none-eabi/lib/armv7-m\libc_nano.a
END GROUP
START GROUP
LOAD c:/program files (x86)/cypress/psoc creator/3.3/psoc creator/import/gnu/arm/4.9.3/bin/../lib/gcc/arm-none-eabi/4.9.3/armv7-m\libgcc.a
LOAD c:/program files (x86)/cypress/psoc creator/3.3/psoc creator/import/gnu/arm/4.9.3/bin/../lib/gcc/arm-none-eabi/4.9.3/../../../../arm-none-eabi/lib/armv7-m\libc_nano.a
END GROUP
LOAD c:/program files (x86)/cypress/psoc creator/3.3/psoc creator/import/gnu/arm/4.9.3/bin/../lib/gcc/arm-none-eabi/4.9.3/armv7-m/crtend.o
LOAD c:/program files (x86)/cypress/psoc creator/3.3/psoc creator/import/gnu/arm/4.9.3/bin/../lib/gcc/arm-none-eabi/4.9.3/armv7-m/crtn.o
START GROUP
LOAD c:/program files (x86)/cypress/psoc creator/3.3/psoc creator/import/gnu/arm/4.9.3/bin/../lib/gcc/arm-none-eabi/4.9.3/armv7-m\libgcc.a
LOAD c:/program files (x86)/cypress/psoc creator/3.3/psoc creator/import/gnu/arm/4.9.3/bin/../lib/gcc/arm-none-eabi/4.9.3/../../../../arm-none-eabi/lib/armv7-m\libc.a
LOAD c:/program files (x86)/cypress/psoc creator/3.3/psoc creator/import/gnu/arm/4.9.3/bin/../lib/gcc/arm-none-eabi/4.9.3/../../../../arm-none-eabi/lib/armv7-m\libnosys.a
END GROUP
                0x00000000                CY_APPL_ORIGIN = 0x0
                0x00000100                CY_FLASH_ROW_SIZE = 0x100
                0x00000020                CY_ECC_ROW_SIZE = 0x20
                0x00000000                CY_EE_IN_BTLDR = 0x0
                0x00000000                CY_APPL_LOADABLE = 0x0
                0x00000800                CY_EE_SIZE = 0x800
                0x00000001                CY_APPL_NUM = 0x1
                0x00000001                CY_APPL_MAX = 0x1
                0x00000040                CY_METADATA_SIZE = 0x40
                0x00000000                CY_APPL_LOADABLE = 0x0
                0x00000000                CY_CHECKSUM_EXCLUDE_SIZE = ALIGN (0x0, CY_FLASH_ROW_SIZE)
                0x1fff82c8                PROVIDE (__cy_heap_start, _end)
                0x00000001                PROVIDE (__cy_region_num, ((__cy_regions_end - __cy_regions) / 0x10))
                0x20008000                PROVIDE (__cy_stack, (ORIGIN (ram) + 0x10000))
                0x20007800                PROVIDE (__cy_heap_end, (__cy_stack - 0x800))

.cybootloader   0x00000000        0x0
 *(.cybootloader)
                0x00000000                appl1_start = CY_APPL_ORIGIN?CY_APPL_ORIGIN:ALIGN (CY_FLASH_ROW_SIZE)
                0x0001ff00                appl2_start = (appl1_start + ALIGN ((((0x40000 - appl1_start) - (0x2 * CY_FLASH_ROW_SIZE)) / 0x2), CY_FLASH_ROW_SIZE))
                0x00000000                appl_start = (CY_APPL_NUM == 0x1)?appl1_start:appl2_start
                0x00000000                ecc_offset = ((appl_start / CY_FLASH_ROW_SIZE) * CY_ECC_ROW_SIZE)
                0x00000000                ee_offset = (CY_APPL_LOADABLE && ! (CY_EE_IN_BTLDR))?((CY_EE_SIZE / CY_APPL_MAX) * (CY_APPL_NUM - 0x1)):0x0
                0x00000800                ee_size = (CY_APPL_LOADABLE && ! (CY_EE_IN_BTLDR))?(CY_EE_SIZE / CY_APPL_MAX):CY_EE_SIZE
                0x00000000                PROVIDE (CY_ECC_OFFSET, ecc_offset)

.text           0x00000000     0x2a86
 CREATE_OBJECT_SYMBOLS
                0x00000000                PROVIDE (__cy_interrupt_vector, RomVectors)
 *(.romvectors)
 .romvectors    0x00000000       0x10 .\CortexM3\ARM_GCC_493\Debug\Cm3Start.o
                0x00000000                RomVectors
                0x00000001                ASSERT ((. != __cy_interrupt_vector), No interrupt vector)
                0x00000001                ASSERT (CY_APPL_ORIGIN?(SIZEOF (.cybootloader) <= CY_APPL_ORIGIN):0x1, Wrong image location)
                0x00000010                PROVIDE (__cy_reset, Reset)
 *(.text.Reset)
 .text.Reset    0x00000010       0x18 .\CortexM3\ARM_GCC_493\Debug\Cm3Start.o
                0x00000010                Reset
                0x00000001                ASSERT ((. != __cy_reset), No reset code)
 *(.dma_init)
                0x00000001                ASSERT ((((appl_start + .) <= 0x10000) || 0x1), DMA Init must be within the first 64k of flash)
 *(.text .text.* .gnu.linkonce.t.*)
 .text          0x00000028       0x5c c:/program files (x86)/cypress/psoc creator/3.3/psoc creator/import/gnu/arm/4.9.3/bin/../lib/gcc/arm-none-eabi/4.9.3/armv7-m/crtbegin.o
 .text.main     0x00000084      0x164 .\CortexM3\ARM_GCC_493\Debug\main.o
                0x00000084                main
 .text.IntDefaultHandler
                0x000001e8        0x4 .\CortexM3\ARM_GCC_493\Debug\Cm3Start.o
                0x000001e8                IntDefaultHandler
 .text.Start_c  0x000001ec       0x4c .\CortexM3\ARM_GCC_493\Debug\Cm3Start.o
                0x000001ec                Start_c
 .text.initialize_psoc
                0x00000238       0x74 .\CortexM3\ARM_GCC_493\Debug\Cm3Start.o
                0x00000238                initialize_psoc
 .text.CyClockStartupError
                0x000002ac        0x4 .\CortexM3\ARM_GCC_493\Debug\Led_Capsense.a(cyfitter_cfg.o)
 .text.cfg_write_bytes32
                0x000002b0       0x34 .\CortexM3\ARM_GCC_493\Debug\Led_Capsense.a(cyfitter_cfg.o)
 .text.AnalogSetDefault
                0x000002e4       0x48 .\CortexM3\ARM_GCC_493\Debug\Led_Capsense.a(cyfitter_cfg.o)
 .text.ClockSetup
                0x0000032c       0xc8 .\CortexM3\ARM_GCC_493\Debug\Led_Capsense.a(cyfitter_cfg.o)
 .text.CYMEMZERO
                0x000003f4        0xc .\CortexM3\ARM_GCC_493\Debug\Led_Capsense.a(cyfitter_cfg.o)
 .text.CYCONFIGCPY
                0x00000400        0x8 .\CortexM3\ARM_GCC_493\Debug\Led_Capsense.a(cyfitter_cfg.o)
 .text.CapSense_AMuxCH0_Set
                0x00000408       0x1c .\CortexM3\ARM_GCC_493\Debug\Led_Capsense.a(cyfitter_cfg.o)
                0x00000408                CapSense_AMuxCH0_Set
 .text.CapSense_AMuxCH0_Unset
                0x00000424       0x20 .\CortexM3\ARM_GCC_493\Debug\Led_Capsense.a(cyfitter_cfg.o)
                0x00000424                CapSense_AMuxCH0_Unset
 .text.cyfitter_cfg
                0x00000444      0x10c .\CortexM3\ARM_GCC_493\Debug\Led_Capsense.a(cyfitter_cfg.o)
                0x00000444                cyfitter_cfg
 .text.LCD_WrCntrlNib
                0x00000550       0x34 .\CortexM3\ARM_GCC_493\Debug\Led_Capsense.a(LCD.o)
 .text.LCD_WrDatNib
                0x00000584       0x44 .\CortexM3\ARM_GCC_493\Debug\Led_Capsense.a(LCD.o)
 .text.LCD_IsReady
                0x000005c8       0xe4 .\CortexM3\ARM_GCC_493\Debug\Led_Capsense.a(LCD.o)
                0x000005c8                LCD_IsReady
 .text.LCD_WriteData
                0x000006ac       0x18 .\CortexM3\ARM_GCC_493\Debug\Led_Capsense.a(LCD.o)
                0x000006ac                LCD_WriteData
 .text.LCD_PrintString
                0x000006c4       0x1c .\CortexM3\ARM_GCC_493\Debug\Led_Capsense.a(LCD.o)
                0x000006c4                LCD_PrintString
 .text.LCD_WriteControl
                0x000006e0       0x18 .\CortexM3\ARM_GCC_493\Debug\Led_Capsense.a(LCD.o)
                0x000006e0                LCD_WriteControl
 .text.LCD_Init
                0x000006f8       0x6c .\CortexM3\ARM_GCC_493\Debug\Led_Capsense.a(LCD.o)
                0x000006f8                LCD_Init
 .text.LCD_Enable
                0x00000764       0x14 .\CortexM3\ARM_GCC_493\Debug\Led_Capsense.a(LCD.o)
                0x00000764                LCD_Enable
 .text.LCD_Start
                0x00000778       0x1c .\CortexM3\ARM_GCC_493\Debug\Led_Capsense.a(LCD.o)
                0x00000778                LCD_Start
 .text.LCD_Position
                0x00000794       0x3c .\CortexM3\ARM_GCC_493\Debug\Led_Capsense.a(LCD.o)
                0x00000794                LCD_Position
 .text.USBUART_Init
                0x000007d0      0x140 .\CortexM3\ARM_GCC_493\Debug\Led_Capsense.a(USBUART.o)
                0x000007d0                USBUART_Init
 .text.USBUART_InitComponent
                0x00000910       0xd0 .\CortexM3\ARM_GCC_493\Debug\Led_Capsense.a(USBUART.o)
                0x00000910                USBUART_InitComponent
 .text.USBUART_Start
                0x000009e0       0x24 .\CortexM3\ARM_GCC_493\Debug\Led_Capsense.a(USBUART.o)
                0x000009e0                USBUART_Start
 .text.USBUART_ReInitComponent
                0x00000a04       0x64 .\CortexM3\ARM_GCC_493\Debug\Led_Capsense.a(USBUART.o)
                0x00000a04                USBUART_ReInitComponent
 .text.USBUART_GetConfiguration
                0x00000a68        0xc .\CortexM3\ARM_GCC_493\Debug\Led_Capsense.a(USBUART.o)
                0x00000a68                USBUART_GetConfiguration
 .text.USBUART_GetEPState
                0x00000a74       0x14 .\CortexM3\ARM_GCC_493\Debug\Led_Capsense.a(USBUART.o)
                0x00000a74                USBUART_GetEPState
 .text.USBUART_LoadInEP
                0x00000a88       0x94 .\CortexM3\ARM_GCC_493\Debug\Led_Capsense.a(USBUART.o)
                0x00000a88                USBUART_LoadInEP
 .text.USBUART_EnableOutEP
                0x00000b1c       0x2c .\CortexM3\ARM_GCC_493\Debug\Led_Capsense.a(USBUART.o)
                0x00000b1c                USBUART_EnableOutEP
 .text.USBUART_StrLen
                0x00000b48       0x14 .\CortexM3\ARM_GCC_493\Debug\Led_Capsense.a(USBUART_cdc.o)
 .text.USBUART_GetInterfaceComPort
                0x00000b5c       0x3c .\CortexM3\ARM_GCC_493\Debug\Led_Capsense.a(USBUART_cdc.o)
                0x00000b5c                USBUART_GetInterfaceComPort
 .text.USBUART_DispatchCDCClassRqst
                0x00000b98       0x98 .\CortexM3\ARM_GCC_493\Debug\Led_Capsense.a(USBUART_cdc.o)
                0x00000b98                USBUART_DispatchCDCClassRqst
 .text.USBUART_CDC_Init
                0x00000c30       0x98 .\CortexM3\ARM_GCC_493\Debug\Led_Capsense.a(USBUART_cdc.o)
                0x00000c30                USBUART_CDC_Init
 .text.USBUART_PutString
                0x00000cc8       0x9c .\CortexM3\ARM_GCC_493\Debug\Led_Capsense.a(USBUART_cdc.o)
                0x00000cc8                USBUART_PutString
 .text.USBUART_CDCIsReady
                0x00000d64       0x18 .\CortexM3\ARM_GCC_493\Debug\Led_Capsense.a(USBUART_cdc.o)
                0x00000d64                USBUART_CDCIsReady
 .text.USBUART_Cdc_EpInit
                0x00000d7c       0x50 .\CortexM3\ARM_GCC_493\Debug\Led_Capsense.a(USBUART_cdc.o)
                0x00000d7c                USBUART_Cdc_EpInit
 .text.USBUART_LoadEP0
                0x00000dcc       0x94 .\CortexM3\ARM_GCC_493\Debug\Led_Capsense.a(USBUART_drv.o)
                0x00000dcc                USBUART_LoadEP0
 .text.USBUART_InitZeroLengthControlTransfer
                0x00000e60       0x34 .\CortexM3\ARM_GCC_493\Debug\Led_Capsense.a(USBUART_drv.o)
                0x00000e60                USBUART_InitZeroLengthControlTransfer
 .text.USBUART_ControlReadDataStage
                0x00000e94        0x8 .\CortexM3\ARM_GCC_493\Debug\Led_Capsense.a(USBUART_drv.o)
                0x00000e94                USBUART_ControlReadDataStage
 .text.USBUART_ControlWriteDataStage
                0x00000e9c       0x80 .\CortexM3\ARM_GCC_493\Debug\Led_Capsense.a(USBUART_drv.o)
                0x00000e9c                USBUART_ControlWriteDataStage
 .text.USBUART_InitNoDataControlTransfer
                0x00000f1c       0x2c .\CortexM3\ARM_GCC_493\Debug\Led_Capsense.a(USBUART_drv.o)
                0x00000f1c                USBUART_InitNoDataControlTransfer
 .text.USBUART_UpdateStatusBlock
                0x00000f48       0x24 .\CortexM3\ARM_GCC_493\Debug\Led_Capsense.a(USBUART_drv.o)
                0x00000f48                USBUART_UpdateStatusBlock
 .text.USBUART_HandleSetup
                0x00000f6c       0x5c .\CortexM3\ARM_GCC_493\Debug\Led_Capsense.a(USBUART_drv.o)
                0x00000f6c                USBUART_HandleSetup
 .text.USBUART_ControlReadStatusStage
                0x00000fc8       0x34 .\CortexM3\ARM_GCC_493\Debug\Led_Capsense.a(USBUART_drv.o)
                0x00000fc8                USBUART_ControlReadStatusStage
 .text.USBUART_HandleOUT
                0x00000ffc       0x38 .\CortexM3\ARM_GCC_493\Debug\Led_Capsense.a(USBUART_drv.o)
                0x00000ffc                USBUART_HandleOUT
 .text.USBUART_ControlWriteStatusStage
                0x00001034       0x20 .\CortexM3\ARM_GCC_493\Debug\Led_Capsense.a(USBUART_drv.o)
                0x00001034                USBUART_ControlWriteStatusStage
 .text.USBUART_NoDataControlStatusStage
                0x00001054       0x40 .\CortexM3\ARM_GCC_493\Debug\Led_Capsense.a(USBUART_drv.o)
                0x00001054                USBUART_NoDataControlStatusStage
 .text.USBUART_HandleIN
                0x00001094       0x2c .\CortexM3\ARM_GCC_493\Debug\Led_Capsense.a(USBUART_drv.o)
                0x00001094                USBUART_HandleIN
 .text.USBUART_EP_0_ISR
                0x000010c0       0xb8 .\CortexM3\ARM_GCC_493\Debug\Led_Capsense.a(USBUART_drv.o)
                0x000010c0                USBUART_EP_0_ISR
 .text.USBUART_InitializeStatusBlock
                0x00001178       0x24 .\CortexM3\ARM_GCC_493\Debug\Led_Capsense.a(USBUART_drv.o)
                0x00001178                USBUART_InitializeStatusBlock
 .text.USBUART_InitControlRead
                0x0000119c       0x50 .\CortexM3\ARM_GCC_493\Debug\Led_Capsense.a(USBUART_drv.o)
                0x0000119c                USBUART_InitControlRead
 .text.USBUART_InitControlWrite
                0x000011ec       0x48 .\CortexM3\ARM_GCC_493\Debug\Led_Capsense.a(USBUART_drv.o)
                0x000011ec                USBUART_InitControlWrite
 .text.USBUART_EP_1_ISR
                0x00001234       0x38 .\CortexM3\ARM_GCC_493\Debug\Led_Capsense.a(USBUART_episr.o)
                0x00001234                USBUART_EP_1_ISR
 .text.USBUART_EP_2_ISR
                0x0000126c       0x3c .\CortexM3\ARM_GCC_493\Debug\Led_Capsense.a(USBUART_episr.o)
                0x0000126c                USBUART_EP_2_ISR
 .text.USBUART_EP_3_ISR
                0x000012a8       0x44 .\CortexM3\ARM_GCC_493\Debug\Led_Capsense.a(USBUART_episr.o)
                0x000012a8                USBUART_EP_3_ISR
 .text.USBUART_SOF_ISR
                0x000012ec        0x4 .\CortexM3\ARM_GCC_493\Debug\Led_Capsense.a(USBUART_episr.o)
                0x000012ec                USBUART_SOF_ISR
 .text.USBUART_BUS_RESET_ISR
                0x000012f0        0x8 .\CortexM3\ARM_GCC_493\Debug\Led_Capsense.a(USBUART_episr.o)
                0x000012f0                USBUART_BUS_RESET_ISR
 .text.USBUART_FindHidClassDecriptor
                0x000012f8       0x40 .\CortexM3\ARM_GCC_493\Debug\Led_Capsense.a(USBUART_hid.o)
                0x000012f8                USBUART_FindHidClassDecriptor
 .text.USBUART_FindReportDescriptor
                0x00001338       0x48 .\CortexM3\ARM_GCC_493\Debug\Led_Capsense.a(USBUART_hid.o)
                0x00001338                USBUART_FindReportDescriptor
 .text.USBUART_FindReport
                0x00001380       0x7c .\CortexM3\ARM_GCC_493\Debug\Led_Capsense.a(USBUART_hid.o)
                0x00001380                USBUART_FindReport
 .text.USBUART_DispatchHIDClassRqst
                0x000013fc      0x184 .\CortexM3\ARM_GCC_493\Debug\Led_Capsense.a(USBUART_hid.o)
                0x000013fc                USBUART_DispatchHIDClassRqst
 .text.USBUART_DP_ISR
                0x00001580        0x8 .\CortexM3\ARM_GCC_493\Debug\Led_Capsense.a(USBUART_pm.o)
                0x00001580                USBUART_DP_ISR
 .text.USBUART_ReadDieID
                0x00001588       0x6c .\CortexM3\ARM_GCC_493\Debug\Led_Capsense.a(USBUART_std.o)
                0x00001588                USBUART_ReadDieID
 .text.USBUART_ConfigReg
                0x000015f4       0xa4 .\CortexM3\ARM_GCC_493\Debug\Led_Capsense.a(USBUART_std.o)
                0x000015f4                USBUART_ConfigReg
 .text.USBUART_GetConfigTablePtr
                0x00001698       0x28 .\CortexM3\ARM_GCC_493\Debug\Led_Capsense.a(USBUART_std.o)
                0x00001698                USBUART_GetConfigTablePtr
 .text.USBUART_ConfigAltChanged
                0x000016c0      0x11c .\CortexM3\ARM_GCC_493\Debug\Led_Capsense.a(USBUART_std.o)
                0x000016c0                USBUART_ConfigAltChanged
 .text.USBUART_GetDeviceTablePtr
                0x000017dc       0x18 .\CortexM3\ARM_GCC_493\Debug\Led_Capsense.a(USBUART_std.o)
                0x000017dc                USBUART_GetDeviceTablePtr
 .text.USBUART_GetInterfaceClassTablePtr
                0x000017f4       0x24 .\CortexM3\ARM_GCC_493\Debug\Led_Capsense.a(USBUART_std.o)
                0x000017f4                USBUART_GetInterfaceClassTablePtr
 .text.USBUART_Config
                0x00001818      0x1e4 .\CortexM3\ARM_GCC_493\Debug\Led_Capsense.a(USBUART_std.o)
                0x00001818                USBUART_Config
 .text.USBUART_SetEndpointHalt
                0x000019fc       0x64 .\CortexM3\ARM_GCC_493\Debug\Led_Capsense.a(USBUART_std.o)
                0x000019fc                USBUART_SetEndpointHalt
 .text.USBUART_ClearEndpointHalt
                0x00001a60       0xa8 .\CortexM3\ARM_GCC_493\Debug\Led_Capsense.a(USBUART_std.o)
                0x00001a60                USBUART_ClearEndpointHalt
 .text.USBUART_ValidateAlternateSetting
                0x00001b08       0x4c .\CortexM3\ARM_GCC_493\Debug\Led_Capsense.a(USBUART_std.o)
                0x00001b08                USBUART_ValidateAlternateSetting
 .text.USBUART_HandleStandardRqst
                0x00001b54      0x35c .\CortexM3\ARM_GCC_493\Debug\Led_Capsense.a(USBUART_std.o)
                0x00001b54                USBUART_HandleStandardRqst
 .text.USBUART_HandleVendorRqst
                0x00001eb0       0x3c .\CortexM3\ARM_GCC_493\Debug\Led_Capsense.a(USBUART_vnd.o)
                0x00001eb0                USBUART_HandleVendorRqst
 .text.CapSense_Enable
                0x00001eec       0x68 .\CortexM3\ARM_GCC_493\Debug\Led_Capsense.a(CapSense.o)
                0x00001eec                CapSense_Enable
 .text.CapSense_FindNextSensor
                0x00001f54       0x20 .\CortexM3\ARM_GCC_493\Debug\Led_Capsense.a(CapSense.o)
                0x00001f54                CapSense_FindNextSensor
 .text.CapSense_IsBusy
                0x00001f74       0x10 .\CortexM3\ARM_GCC_493\Debug\Led_Capsense.a(CapSense.o)
                0x00001f74                CapSense_IsBusy
 .text.CapSense_EnableSensor
                0x00001f84       0x34 .\CortexM3\ARM_GCC_493\Debug\Led_Capsense.a(CapSense.o)
                0x00001f84                CapSense_EnableSensor
 .text.CapSense_DisableSensor
                0x00001fb8       0x38 .\CortexM3\ARM_GCC_493\Debug\Led_Capsense.a(CapSense.o)
                0x00001fb8                CapSense_DisableSensor
 .text.CapSense_ClearSensors
                0x00001ff0       0x18 .\CortexM3\ARM_GCC_493\Debug\Led_Capsense.a(CapSense.o)
                0x00001ff0                CapSense_ClearSensors
 .text.CapSense_PostScan
                0x00002008       0x4c .\CortexM3\ARM_GCC_493\Debug\Led_Capsense.a(CapSense.o)
                0x00002008                CapSense_PostScan
 .text.CapSense_SetPrescaler
                0x00002054       0x10 .\CortexM3\ARM_GCC_493\Debug\Led_Capsense.a(CapSense.o)
                0x00002054                CapSense_SetPrescaler
 .text.CapSense_SetScanSlotSettings
                0x00002064       0x30 .\CortexM3\ARM_GCC_493\Debug\Led_Capsense.a(CapSense.o)
                0x00002064                CapSense_SetScanSlotSettings
 .text.CapSense_PreScan
                0x00002094       0x34 .\CortexM3\ARM_GCC_493\Debug\Led_Capsense.a(CapSense.o)
                0x00002094                CapSense_PreScan
 .text.CapSense_ScanSensor
                0x000020c8       0x20 .\CortexM3\ARM_GCC_493\Debug\Led_Capsense.a(CapSense.o)
                0x000020c8                CapSense_ScanSensor
 .text.CapSense_ScanEnabledWidgets
                0x000020e8       0x38 .\CortexM3\ARM_GCC_493\Debug\Led_Capsense.a(CapSense.o)
                0x000020e8                CapSense_ScanEnabledWidgets
 .text.CapSense_SetAnalogSwitchesSource
                0x00002120       0x20 .\CortexM3\ARM_GCC_493\Debug\Led_Capsense.a(CapSense.o)
                0x00002120                CapSense_SetAnalogSwitchesSource
 .text.CapSense_Init
                0x00002140       0xd0 .\CortexM3\ARM_GCC_493\Debug\Led_Capsense.a(CapSense.o)
                0x00002140                CapSense_Init
 .text.CapSense_Start
                0x00002210       0x1c .\CortexM3\ARM_GCC_493\Debug\Led_Capsense.a(CapSense.o)
                0x00002210                CapSense_Start
 .text.CapSense_BaseInit
                0x0000222c       0x54 .\CortexM3\ARM_GCC_493\Debug\Led_Capsense.a(CapSense_CSHL.o)
                0x0000222c                CapSense_BaseInit
 .text.CapSense_InitializeSensorBaseline
                0x00002280       0x18 .\CortexM3\ARM_GCC_493\Debug\Led_Capsense.a(CapSense_CSHL.o)
                0x00002280                CapSense_InitializeSensorBaseline
 .text.CapSense_InitializeAllBaselines
                0x00002298       0x18 .\CortexM3\ARM_GCC_493\Debug\Led_Capsense.a(CapSense_CSHL.o)
                0x00002298                CapSense_InitializeAllBaselines
 .text.CapSense_CheckIsSensorActive
                0x000022b0       0x9c .\CortexM3\ARM_GCC_493\Debug\Led_Capsense.a(CapSense_CSHL.o)
                0x000022b0                CapSense_CheckIsSensorActive
 .text.CapSense_CheckIsWidgetActive
                0x0000234c       0x2c .\CortexM3\ARM_GCC_493\Debug\Led_Capsense.a(CapSense_CSHL.o)
                0x0000234c                CapSense_CheckIsWidgetActive
 .text.CapSense_FindMaximum
                0x00002378       0x2c .\CortexM3\ARM_GCC_493\Debug\Led_Capsense.a(CapSense_CSHL.o)
                0x00002378                CapSense_FindMaximum
 .text.CapSense_CalcCentroid
                0x000023a4       0xb0 .\CortexM3\ARM_GCC_493\Debug\Led_Capsense.a(CapSense_CSHL.o)
                0x000023a4                CapSense_CalcCentroid
 .text.CapSense_IIR2Filter
                0x00002454        0x8 .\CortexM3\ARM_GCC_493\Debug\Led_Capsense.a(CapSense_CSHL.o)
                0x00002454                CapSense_IIR2Filter
 .text.CapSense_UpdateSensorBaseline
                0x0000245c       0xcc .\CortexM3\ARM_GCC_493\Debug\Led_Capsense.a(CapSense_CSHL.o)
                0x0000245c                CapSense_UpdateSensorBaseline
 .text.CapSense_UpdateEnabledBaselines
                0x00002528       0x2c .\CortexM3\ARM_GCC_493\Debug\Led_Capsense.a(CapSense_CSHL.o)
                0x00002528                CapSense_UpdateEnabledBaselines
 .text.CapSense_GetCentroidPos
                0x00002554       0x80 .\CortexM3\ARM_GCC_493\Debug\Led_Capsense.a(CapSense_CSHL.o)
                0x00002554                CapSense_GetCentroidPos
 .text.CapSense_IsrCH0_ISR
                0x000025d4       0x50 .\CortexM3\ARM_GCC_493\Debug\Led_Capsense.a(CapSense_INT.o)
                0x000025d4                CapSense_IsrCH0_ISR
 .text.PWM_Enable
                0x00002624       0x10 .\CortexM3\ARM_GCC_493\Debug\Led_Capsense.a(PWM.o)
                0x00002624                PWM_Enable
 .text.PWM_WriteCounter
                0x00002634        0xc .\CortexM3\ARM_GCC_493\Debug\Led_Capsense.a(PWM.o)
                0x00002634                PWM_WriteCounter
 .text.PWM_WritePeriod
                0x00002640        0xc .\CortexM3\ARM_GCC_493\Debug\Led_Capsense.a(PWM.o)
                0x00002640                PWM_WritePeriod
 .text.PWM_WriteCompare
                0x0000264c        0xc .\CortexM3\ARM_GCC_493\Debug\Led_Capsense.a(PWM.o)
                0x0000264c                PWM_WriteCompare
 .text.PWM_Init
                0x00002658       0x34 .\CortexM3\ARM_GCC_493\Debug\Led_Capsense.a(PWM.o)
                0x00002658                PWM_Init
 .text.PWM_Start
                0x0000268c       0x1c .\CortexM3\ARM_GCC_493\Debug\Led_Capsense.a(PWM.o)
                0x0000268c                PWM_Start
 .text.USBUART_Dp_ClearInterrupt
                0x000026a8       0x10 .\CortexM3\ARM_GCC_493\Debug\Led_Capsense.a(USBUART_Dp.o)
                0x000026a8                USBUART_Dp_ClearInterrupt
 .text.CapSense_CompCH0_Enable
                0x000026b8       0x1c .\CortexM3\ARM_GCC_493\Debug\Led_Capsense.a(CapSense_CompCH0.o)
                0x000026b8                CapSense_CompCH0_Enable
 .text.CapSense_CompCH0_SetSpeed
                0x000026d4       0x58 .\CortexM3\ARM_GCC_493\Debug\Led_Capsense.a(CapSense_CompCH0.o)
                0x000026d4                CapSense_CompCH0_SetSpeed
 .text.CapSense_CompCH0_Init
                0x0000272c       0x3c .\CortexM3\ARM_GCC_493\Debug\Led_Capsense.a(CapSense_CompCH0.o)
                0x0000272c                CapSense_CompCH0_Init
 .text.CapSense_IdacCH0_Enable
                0x00002768       0x1c .\CortexM3\ARM_GCC_493\Debug\Led_Capsense.a(CapSense_IdacCH0.o)
                0x00002768                CapSense_IdacCH0_Enable
 .text.CapSense_IdacCH0_SetSpeed
                0x00002784       0x1c .\CortexM3\ARM_GCC_493\Debug\Led_Capsense.a(CapSense_IdacCH0.o)
                0x00002784                CapSense_IdacCH0_SetSpeed
 .text.CapSense_IdacCH0_SetValue
                0x000027a0        0xc .\CortexM3\ARM_GCC_493\Debug\Led_Capsense.a(CapSense_IdacCH0.o)
                0x000027a0                CapSense_IdacCH0_SetValue
 .text.CapSense_IdacCH0_DacTrim
                0x000027ac       0x34 .\CortexM3\ARM_GCC_493\Debug\Led_Capsense.a(CapSense_IdacCH0.o)
                0x000027ac                CapSense_IdacCH0_DacTrim
 .text.CapSense_IdacCH0_Init
                0x000027e0       0x2c .\CortexM3\ARM_GCC_493\Debug\Led_Capsense.a(CapSense_IdacCH0.o)
                0x000027e0                CapSense_IdacCH0_Init
 .text.CapSense_IdacCH0_SetPolarity
                0x0000280c       0x20 .\CortexM3\ARM_GCC_493\Debug\Led_Capsense.a(CapSense_IdacCH0.o)
                0x0000280c                CapSense_IdacCH0_SetPolarity
 .text.CapSense_IdacCH0_SetRange
                0x0000282c       0x20 .\CortexM3\ARM_GCC_493\Debug\Led_Capsense.a(CapSense_IdacCH0.o)
                0x0000282c                CapSense_IdacCH0_SetRange
 .text.CapSense_AMuxCH0_DisconnectAll
                0x0000284c       0x18 .\CortexM3\ARM_GCC_493\Debug\Led_Capsense.a(CapSense_AMuxCH0.o)
                0x0000284c                CapSense_AMuxCH0_DisconnectAll
 .text.CapSense_AMuxCH0_Init
                0x00002864        0x8 .\CortexM3\ARM_GCC_493\Debug\Led_Capsense.a(CapSense_AMuxCH0.o)
                0x00002864                CapSense_AMuxCH0_Init
 .text.CapSense_IntClock_Start
                0x0000286c       0x1c .\CortexM3\ARM_GCC_493\Debug\Led_Capsense.a(CapSense_IntClock.o)
                0x0000286c                CapSense_IntClock_Start
 .text          0x00002888       0x20 .\CortexM3\ARM_GCC_493\Debug\Led_Capsense.a(CyBootAsmGnu.o)
                0x00002888                CyDelayCycles
                0x00002898                CyEnterCriticalSection
                0x000028a0                CyExitCriticalSection
 .text.CyHalt   0x000028a8        0x4 .\CortexM3\ARM_GCC_493\Debug\Led_Capsense.a(CyLib.o)
                0x000028a8                CyHalt
 .text.CyDelay  0x000028ac       0x2c .\CortexM3\ARM_GCC_493\Debug\Led_Capsense.a(CyLib.o)
                0x000028ac                CyDelay
 .text.CyDelayUs
                0x000028d8       0x14 .\CortexM3\ARM_GCC_493\Debug\Led_Capsense.a(CyLib.o)
                0x000028d8                CyDelayUs
 .text.CyIntSetVector
                0x000028ec       0x28 .\CortexM3\ARM_GCC_493\Debug\Led_Capsense.a(CyLib.o)
                0x000028ec                CyIntSetVector
 .text.CyIntSetPriority
                0x00002914       0x30 .\CortexM3\ARM_GCC_493\Debug\Led_Capsense.a(CyLib.o)
                0x00002914                CyIntSetPriority
 .text.CyGetUniqueId
                0x00002944       0x70 .\CortexM3\ARM_GCC_493\Debug\Led_Capsense.a(CyLib.o)
                0x00002944                CyGetUniqueId
 .text.USBUART_DispatchClassRqst
                0x000029b4       0x60 .\CortexM3\ARM_GCC_493\Debug\Led_Capsense.a(USBUART_cls.o)
                0x000029b4                USBUART_DispatchClassRqst
 .text.__libc_init_array
                0x00002a14       0x4c c:/program files (x86)/cypress/psoc creator/3.3/psoc creator/import/gnu/arm/4.9.3/bin/../lib/gcc/arm-none-eabi/4.9.3/../../../../arm-none-eabi/lib/armv7-m\libg_nano.a(lib_a-init.o)
                0x00002a14                __libc_init_array
 .text.memcpy   0x00002a60       0x16 c:/program files (x86)/cypress/psoc creator/3.3/psoc creator/import/gnu/arm/4.9.3/bin/../lib/gcc/arm-none-eabi/4.9.3/../../../../arm-none-eabi/lib/armv7-m\libg_nano.a(lib_a-memcpy.o)
                0x00002a60                memcpy
 .text.memset   0x00002a76       0x10 c:/program files (x86)/cypress/psoc creator/3.3/psoc creator/import/gnu/arm/4.9.3/bin/../lib/gcc/arm-none-eabi/4.9.3/../../../../arm-none-eabi/lib/armv7-m\libg_nano.a(lib_a-memset.o)
                0x00002a76                memset
 *(.plt)
 *(.gnu.warning)
 *(.glue_7t)
 .glue_7t       0x00000000        0x0 linker stubs
 *(.glue_7)
 .glue_7        0x00000000        0x0 linker stubs
 *(.vfp11_veneer)
 .vfp11_veneer  0x00000000        0x0 linker stubs
 *(.bootloader)
 *(.ARM.extab* .gnu.linkonce.armextab.*)
 *(.gcc_except_table)

.v4_bx          0x00002a88        0x0
 .v4_bx         0x00000000        0x0 linker stubs

.iplt           0x00002a88        0x0
 .iplt          0x00000000        0x0 c:/program files (x86)/cypress/psoc creator/3.3/psoc creator/import/gnu/arm/4.9.3/bin/../lib/gcc/arm-none-eabi/4.9.3/armv7-m/crtbegin.o

.eh_frame_hdr
 *(.eh_frame_hdr)

.eh_frame       0x00002a88        0x4
 *(.eh_frame)
 .eh_frame      0x00002a88        0x0 c:/program files (x86)/cypress/psoc creator/3.3/psoc creator/import/gnu/arm/4.9.3/bin/../lib/gcc/arm-none-eabi/4.9.3/armv7-m/crtbegin.o
 .eh_frame      0x00002a88        0x0 c:/program files (x86)/cypress/psoc creator/3.3/psoc creator/import/gnu/arm/4.9.3/bin/../lib/gcc/arm-none-eabi/4.9.3/../../../../arm-none-eabi/lib/armv7-m\libg_nano.a(lib_a-strcmp.o)
                                 0x28 (size before relaxing)
 .eh_frame      0x00002a88        0x4 c:/program files (x86)/cypress/psoc creator/3.3/psoc creator/import/gnu/arm/4.9.3/bin/../lib/gcc/arm-none-eabi/4.9.3/armv7-m/crtend.o
                0x00002a8c                PROVIDE (__exidx_start, .)

.ARM.exidx
 *(.ARM.exidx* .gnu.linkonce.armexidx.*)
                0x00002a8c                __exidx_end = .

.rodata         0x00002a8c      0x334
 *(.rodata .rodata.* .gnu.linkonce.r.*)
 .rodata        0x00002a8c        0x8 .\CortexM3\ARM_GCC_493\Debug\main.o
 .rodata.str1.4
                0x00002a94       0x42 .\CortexM3\ARM_GCC_493\Debug\main.o
                                 0x44 (size before relaxing)
 *fill*         0x00002ad6        0x2 
 .rodata        0x00002ad8       0x64 .\CortexM3\ARM_GCC_493\Debug\Led_Capsense.a(cyfitter_cfg.o)
                0x00002ad8                CapSense_AMuxCH0__addrTable
                0x00002b00                CapSense_AMuxCH0__maskTable
 .rodata.str1.4
                0x00002b3c       0x14 .\CortexM3\ARM_GCC_493\Debug\Led_Capsense.a(USBUART_std.o)
 .rodata        0x00002b50       0x54 .\CortexM3\ARM_GCC_493\Debug\Led_Capsense.a(CapSense.o)
                0x00002b50                CapSense_portTable
                0x00002b58                CapSense_maskTable
                0x00002b60                CapSense_pcTable
                0x00002b7c                CapSense_csTable
                0x00002b9c                CapSense_widgetNumber
 .rodata        0x00002ba4       0x10 .\CortexM3\ARM_GCC_493\Debug\Led_Capsense.a(CapSense_CSHL.o)
                0x00002ba4                CapSense_rawDataIndex
                0x00002ba8                CapSense_numberOfSensors
                0x00002bac                CapSense_posFiltersMask
                0x00002bb0                CapSense_centroidMult
 .rodata        0x00002bb4      0x1d4 .\CortexM3\ARM_GCC_493\Debug\Led_Capsense.a(USBUART_descr.o)
                0x00002bb4                USBUART_MSOS_CONFIGURATION_DESCR
                0x00002bdc                USBUART_MSOS_DESCRIPTOR
                0x00002bf0                USBUART_TABLE
                0x00002bf8                USBUART_DEVICE0_TABLE
                0x00002c10                USBUART_DEVICE0_CONFIGURATION0_TABLE
                0x00002c38                USBUART_DEVICE0_CONFIGURATION0_INTERFACE_CLASS
                0x00002c3c                USBUART_DEVICE0_CONFIGURATION0_EP_SETTINGS_TABLE
                0x00002c54                USBUART_HIDREPORT_DESCRIPTOR1
                0x00002c8c                USBUART_SN_STRING_DESCRIPTOR
                0x00002c90                USBUART_STRING_DESCRIPTORS
                0x00002d30                USBUART_DEVICE0_CONFIGURATION0_DESCR
                0x00002d74                USBUART_DEVICE0_DESCR
                0x00002d88                . = ALIGN (0x4)
 *(.init)
 .init          0x00002d88        0x4 c:/program files (x86)/cypress/psoc creator/3.3/psoc creator/import/gnu/arm/4.9.3/bin/../lib/gcc/arm-none-eabi/4.9.3/armv7-m/crti.o
                0x00002d88                _init
 .init          0x00002d8c        0x8 c:/program files (x86)/cypress/psoc creator/3.3/psoc creator/import/gnu/arm/4.9.3/bin/../lib/gcc/arm-none-eabi/4.9.3/armv7-m/crtn.o
                0x00002d94                . = ALIGN (0x4)
                0x00002d94                __preinit_array_start = .
 *(.preinit_array)
                0x00002d94                __preinit_array_end = .
                0x00002d94                . = ALIGN (0x4)
                0x00002d94                __init_array_start = .
 *(SORT(.init_array.*))
 *(.init_array)
 .init_array    0x00002d94        0x4 c:/program files (x86)/cypress/psoc creator/3.3/psoc creator/import/gnu/arm/4.9.3/bin/../lib/gcc/arm-none-eabi/4.9.3/armv7-m/crtbegin.o
 .init_array    0x00002d98        0x4 .\CortexM3\ARM_GCC_493\Debug\Cm3Start.o
                0x00002d9c                __init_array_end = .
                0x00002d9c                . = ALIGN (0x4)
 *(.fini)
 .fini          0x00002d9c        0x4 c:/program files (x86)/cypress/psoc creator/3.3/psoc creator/import/gnu/arm/4.9.3/bin/../lib/gcc/arm-none-eabi/4.9.3/armv7-m/crti.o
                0x00002d9c                _fini
 .fini          0x00002da0        0x8 c:/program files (x86)/cypress/psoc creator/3.3/psoc creator/import/gnu/arm/4.9.3/bin/../lib/gcc/arm-none-eabi/4.9.3/armv7-m/crtn.o
                0x00002da8                . = ALIGN (0x4)
                0x00002da8                __fini_array_start = .
 *(.fini_array)
 .fini_array    0x00002da8        0x4 c:/program files (x86)/cypress/psoc creator/3.3/psoc creator/import/gnu/arm/4.9.3/bin/../lib/gcc/arm-none-eabi/4.9.3/armv7-m/crtbegin.o
 *(SORT(.fini_array.*))
                0x00002dac                __fini_array_end = .
                0x00002dac                . = ALIGN (0x4)
 *crtbegin.o(.ctors)
 *(EXCLUDE_FILE(*crtend.o) .ctors)
 *(SORT(.ctors.*))
 *crtend.o(.ctors)
                0x00002dac                . = ALIGN (0x4)
 *crtbegin.o(.dtors)
 *(EXCLUDE_FILE(*crtend.o) .dtors)
 *(SORT(.dtors.*))
 *crtend.o(.dtors)
                0x00002dac                . = ALIGN (0x4)
                0x00002dac                __cy_regions = .
                0x00002dac        0x4 LONG 0x2dc0 __cy_region_init_ram
                0x00002db0        0x4 LONG 0x1fff8108 __cy_region_start_data
                0x00002db4        0x4 LONG 0x58 __cy_region_init_size_ram
                0x00002db8        0x4 LONG 0x168 __cy_region_zero_size_ram
                0x00002dbc                __cy_regions_end = .
                0x00002dc0                . = ALIGN (0x8)
 *fill*         0x00002dbc        0x4 
                0x00002dc0                _etext = .

.cy_checksum_exclude
                0x00002dc0        0x0
 *(.cy_checksum_exclude)

.ramvectors     0x1fff8000      0x100
                0x1fff8000                __cy_region_start_ram = .
 *(.ramvectors)
 .ramvectors    0x1fff8000      0x100 .\CortexM3\ARM_GCC_493\Debug\Cm3Start.o
                0x1fff8000                CyRamVectors

.noinit         0x1fff8100        0x5
 *(.noinit)
 .noinit        0x1fff8100        0x4 .\CortexM3\ARM_GCC_493\Debug\Cm3Start.o
 .noinit        0x1fff8104        0x1 .\CortexM3\ARM_GCC_493\Debug\Led_Capsense.a(CyLib.o)
                0x1fff8104                CyResetStatus

.data           0x1fff8108       0x58 load address 0x00002dc0
                0x1fff8108                __cy_region_start_data = .
 *(.jcr)
 .jcr           0x1fff8108        0x0 c:/program files (x86)/cypress/psoc creator/3.3/psoc creator/import/gnu/arm/4.9.3/bin/../lib/gcc/arm-none-eabi/4.9.3/armv7-m/crtbegin.o
 .jcr           0x1fff8108        0x4 c:/program files (x86)/cypress/psoc creator/3.3/psoc creator/import/gnu/arm/4.9.3/bin/../lib/gcc/arm-none-eabi/4.9.3/armv7-m/crtend.o
 *(.got.plt)
 *(.got)
 *(.shdata)
 *(.data .data.* .gnu.linkonce.d.*)
 .data          0x1fff810c       0x1c .\CortexM3\ARM_GCC_493\Debug\Led_Capsense.a(USBUART_cdc.o)
                0x1fff810c                USBUART_linesCoding
 .data          0x1fff8128       0x10 .\CortexM3\ARM_GCC_493\Debug\Led_Capsense.a(CapSense.o)
                0x1fff8128                CapSense_sensorEnableMask
                0x1fff812c                CapSense_idacSettings
                0x1fff8134                CapSense_widgetResolution
                0x1fff8137                CapSense_analogSwitchDivider
 .data          0x1fff8138       0x14 .\CortexM3\ARM_GCC_493\Debug\Led_Capsense.a(CapSense_CSHL.o)
                0x1fff8138                CapSense_debounce
                0x1fff813c                CapSense_fingerThreshold
                0x1fff8140                CapSense_hysteresis
                0x1fff8144                CapSense_noiseThreshold
                0x1fff8148                CapSense_posFiltersData
 .data          0x1fff814c       0x10 .\CortexM3\ARM_GCC_493\Debug\Led_Capsense.a(CyLib.o)
                0x1fff814c                cydelay_32k_ms
                0x1fff8150                cydelay_freq_khz
                0x1fff8154                cydelay_freq_mhz
                0x1fff8158                cydelay_freq_hz
                0x1fff8160                . = ALIGN (0x8)
 *fill*         0x1fff815c        0x4 
 *(.ram)
                0x1fff8160                _edata = .

.igot.plt       0x1fff8160        0x0 load address 0x00002e18
 .igot.plt      0x00000000        0x0 c:/program files (x86)/cypress/psoc creator/3.3/psoc creator/import/gnu/arm/4.9.3/bin/../lib/gcc/arm-none-eabi/4.9.3/armv7-m/crtbegin.o

.bss            0x1fff8160      0x168 load address 0x00002e18
                0x1fff8160                PROVIDE (__bss_start__, .)
 *(.shbss)
 *(.bss .bss.* .gnu.linkonce.b.*)
 .bss           0x1fff8160       0x1c c:/program files (x86)/cypress/psoc creator/3.3/psoc creator/import/gnu/arm/4.9.3/bin/../lib/gcc/arm-none-eabi/4.9.3/armv7-m/crtbegin.o
 .bss           0x1fff817c        0x2 .\CortexM3\ARM_GCC_493\Debug\Led_Capsense.a(LCD.o)
                0x1fff817c                LCD_enableState
                0x1fff817d                LCD_initVar
 .bss           0x1fff817e        0x1 .\CortexM3\ARM_GCC_493\Debug\Led_Capsense.a(USBUART.o)
                0x1fff817e                USBUART_initVar
 .bss           0x1fff817f        0x1 .\CortexM3\ARM_GCC_493\Debug\Led_Capsense.a(USBUART_cdc.o)
 .bss           0x1fff8180        0x4 .\CortexM3\ARM_GCC_493\Debug\Led_Capsense.a(USBUART_std.o)
 .bss           0x1fff8184        0x1 .\CortexM3\ARM_GCC_493\Debug\Led_Capsense.a(CapSense.o)
 *fill*         0x1fff8185        0x3 
 .bss           0x1fff8188        0x8 .\CortexM3\ARM_GCC_493\Debug\Led_Capsense.a(CapSense_CSHL.o)
                0x1fff8188                CapSense_debounceCounter
 .bss           0x1fff8190        0x1 .\CortexM3\ARM_GCC_493\Debug\Led_Capsense.a(PWM.o)
                0x1fff8190                PWM_initVar
 *(COMMON)
 *fill*         0x1fff8191        0x3 
 COMMON         0x1fff8194       0x18 .\CortexM3\ARM_GCC_493\Debug\Led_Capsense.a(USBUART_cdc.o)
                0x1fff8194                USBUART_linesChanged
                0x1fff8198                USBUART_cdcDataInEp
                0x1fff819c                USBUART_cdcCommInInterruptEp
                0x1fff81a0                USBUART_cdcDataOutEp
                0x1fff81a4                USBUART_serialStateBitmap
                0x1fff81a8                USBUART_linesControlBitmap
 COMMON         0x1fff81ac       0x9a .\CortexM3\ARM_GCC_493\Debug\Led_Capsense.a(USBUART_drv.o)
                0x1fff81ac                USBUART_lastPacketSize
                0x1fff81ad                USBUART_device
                0x1fff81ae                USBUART_transferByteCount
                0x1fff81b0                USBUART_transferState
                0x1fff81b4                USBUART_interfaceSettingLast
                0x1fff81b8                USBUART_currentTD
                0x1fff81c4                USBUART_interfaceNumber
                0x1fff81c8                USBUART_interfaceClass
                0x1fff81cc                USBUART_configurationChanged
                0x1fff81cd                USBUART_ep0Mode
                0x1fff81ce                USBUART_deviceAddress
                0x1fff81cf                USBUART_configuration
                0x1fff81d0                USBUART_ep0Count
                0x1fff81d1                USBUART_deviceStatus
                0x1fff81d4                USBUART_EP
                0x1fff8240                USBUART_interfaceSetting
                0x1fff8242                USBUART_ep0Toggle
                0x1fff8244                USBUART_interfaceStatus
 *fill*         0x1fff8246        0x2 
 COMMON         0x1fff8248        0xa .\CortexM3\ARM_GCC_493\Debug\Led_Capsense.a(USBUART_hid.o)
                0x1fff8248                USBUART_hidProtocol
                0x1fff824c                USBUART_hidIdleTimer
                0x1fff8250                USBUART_hidIdleRate
 *fill*         0x1fff8252        0x2 
 COMMON         0x1fff8254       0x10 .\CortexM3\ARM_GCC_493\Debug\Led_Capsense.a(CapSense.o)
                0x1fff8254                CapSense_sensorRaw
                0x1fff8262                CapSense_sensorIndex
                0x1fff8263                CapSense_csv
 COMMON         0x1fff8264       0x39 .\CortexM3\ARM_GCC_493\Debug\Led_Capsense.a(CapSense_CSHL.o)
                0x1fff8264                CapSense_lowBaselineResetCnt
                0x1fff826c                CapSense_sensorBaselineLow
                0x1fff8274                CapSense_sensorSignal
                0x1fff827c                CapSense_sensorBaseline
                0x1fff828c                CapSense_rawFilterData1
                0x1fff829c                CapSense_sensorOnMask
 *fill*         0x1fff829d        0x3 
 COMMON         0x1fff82a0       0x22 .\CortexM3\ARM_GCC_493\Debug\Led_Capsense.a(USBUART_descr.o)
                0x1fff82a0                USBUART_idSerialNumberStringDescriptor
                0x1fff82c8                . = ALIGN (0x8)
 *fill*         0x1fff82c2        0x6 
 *(.ram.b)
                0x1fff82c8                _end = .
                0x1fff82c8                __end = .
                0x1fff82c8                PROVIDE (end, .)
                0x1fff82c8                PROVIDE (__bss_end__, .)
                0x00002dc0                __cy_region_init_ram = LOADADDR (.data)
                0x00000058                __cy_region_init_size_ram = (_edata - ADDR (.data))
                0x00000168                __cy_region_zero_size_ram = (_end - _edata)

.heap           0x1fff82c8       0x80 load address 0x00002e18
                0x1fff82c8                . = _end
                0x1fff8348                . = (. + 0x80)
 *fill*         0x1fff82c8       0x80 
                0x1fff8348                __cy_heap_limit = .

.stack          0x20007800      0x800
                0x20007800                __cy_stack_limit = .
                0x20008000                . = (. + 0x800)
 *fill*         0x20007800      0x800 
                0x00000001                ASSERT ((__cy_stack_limit >= __cy_heap_limit), region RAM overflowed with stack)
                0x00000000                cy_checksum_exclude_size = (CY_APPL_LOADABLE == 0x1)?SIZEOF (.cy_checksum_exclude):0x0
                0x00000001                ASSERT ((cy_checksum_exclude_size <= CY_CHECKSUM_EXCLUDE_SIZE), CY_BOOT: Section .cy_checksum_exclude size exceedes specified limit.)

.cyloadermeta
 *(.cyloadermeta)

.cyloadablemeta
 *(.cyloadablemeta)

.cyconfigecc    0x80000000      0x3c4
 *(.cyconfigecc)
 .cyconfigecc   0x80000000      0x3c4 .\CortexM3\ARM_GCC_493\Debug\cymetadata.o
                0x80000000                cy_meta_configecc

.cycustnvl      0x90000000        0x4
 *(.cycustnvl)
 .cycustnvl     0x90000000        0x4 .\CortexM3\ARM_GCC_493\Debug\cymetadata.o
                0x90000000                cy_meta_custnvl

.cywolatch      0x90100000        0x4
 *(.cywolatch)
 .cywolatch     0x90100000        0x4 .\CortexM3\ARM_GCC_493\Debug\cymetadata.o
                0x90100000                cy_meta_wonvl

.cyeeprom       0x90200000        0x0
 *(.cyeeprom)
                0x00000001                ASSERT ((. <= ((0x90200000 + ee_offset) + ee_size)), .cyeeprom data will not fit in EEPROM)

.cyflashprotect
                0x90400000      0x100
 *(.cyflashprotect)
 .cyflashprotect
                0x90400000      0x100 .\CortexM3\ARM_GCC_493\Debug\cymetadata.o
                0x90400000                cy_meta_flashprotect

.cymeta         0x90500000        0xc
 *(.cymeta)
 .cymeta        0x90500000        0xc .\CortexM3\ARM_GCC_493\Debug\cymetadata.o
                0x90500000                cy_metadata

.rel.dyn        0x00002e18        0x0 load address 0x9050000c
 .rel.iplt      0x00000000        0x0 c:/program files (x86)/cypress/psoc creator/3.3/psoc creator/import/gnu/arm/4.9.3/bin/../lib/gcc/arm-none-eabi/4.9.3/armv7-m/crtbegin.o

.stab
 *(.stab)

.stabstr
 *(.stabstr)

.debug
 *(.debug)

.line
 *(.line)

.debug_srcinfo
 *(.debug_srcinfo)

.debug_sfnames
 *(.debug_sfnames)

.debug_aranges  0x00000000      0xd60
 *(.debug_aranges)
 .debug_aranges
                0x00000000       0x20 .\CortexM3\ARM_GCC_493\Debug\main.o
 .debug_aranges
                0x00000020       0x18 .\CortexM3\ARM_GCC_493\Debug\cymetadata.o
 .debug_aranges
                0x00000038       0x48 .\CortexM3\ARM_GCC_493\Debug\Cm3Start.o
 .debug_aranges
                0x00000080       0x68 .\CortexM3\ARM_GCC_493\Debug\Led_Capsense.a(cyfitter_cfg.o)
 .debug_aranges
                0x000000e8       0x98 .\CortexM3\ARM_GCC_493\Debug\Led_Capsense.a(LCD.o)
 .debug_aranges
                0x00000180       0xc8 .\CortexM3\ARM_GCC_493\Debug\Led_Capsense.a(USBUART.o)
 .debug_aranges
                0x00000248       0xe8 .\CortexM3\ARM_GCC_493\Debug\Led_Capsense.a(USBUART_cdc.o)
 .debug_aranges
                0x00000330       0x98 .\CortexM3\ARM_GCC_493\Debug\Led_Capsense.a(USBUART_drv.o)
 .debug_aranges
                0x000003c8       0x40 .\CortexM3\ARM_GCC_493\Debug\Led_Capsense.a(USBUART_episr.o)
 .debug_aranges
                0x00000408       0x48 .\CortexM3\ARM_GCC_493\Debug\Led_Capsense.a(USBUART_hid.o)
 .debug_aranges
                0x00000450       0x40 .\CortexM3\ARM_GCC_493\Debug\Led_Capsense.a(USBUART_pm.o)
 .debug_aranges
                0x00000490       0x80 .\CortexM3\ARM_GCC_493\Debug\Led_Capsense.a(USBUART_std.o)
 .debug_aranges
                0x00000510       0x20 .\CortexM3\ARM_GCC_493\Debug\Led_Capsense.a(USBUART_vnd.o)
 .debug_aranges
                0x00000530       0xb0 .\CortexM3\ARM_GCC_493\Debug\Led_Capsense.a(CapSense.o)
 .debug_aranges
                0x000005e0       0x90 .\CortexM3\ARM_GCC_493\Debug\Led_Capsense.a(CapSense_CSHL.o)
 .debug_aranges
                0x00000670       0x20 .\CortexM3\ARM_GCC_493\Debug\Led_Capsense.a(CapSense_INT.o)
 .debug_aranges
                0x00000690       0x80 .\CortexM3\ARM_GCC_493\Debug\Led_Capsense.a(PWM.o)
 .debug_aranges
                0x00000710       0x48 .\CortexM3\ARM_GCC_493\Debug\Led_Capsense.a(USBUART_Dp.o)
 .debug_aranges
                0x00000758       0x70 .\CortexM3\ARM_GCC_493\Debug\Led_Capsense.a(CapSense_CompCH0.o)
 .debug_aranges
                0x000007c8       0x60 .\CortexM3\ARM_GCC_493\Debug\Led_Capsense.a(CapSense_IdacCH0.o)
 .debug_aranges
                0x00000828       0x48 .\CortexM3\ARM_GCC_493\Debug\Led_Capsense.a(CapSense_AMuxCH0.o)
 .debug_aranges
                0x00000870       0x70 .\CortexM3\ARM_GCC_493\Debug\Led_Capsense.a(CapSense_IntClock.o)
 .debug_aranges
                0x000008e0       0x20 .\CortexM3\ARM_GCC_493\Debug\Led_Capsense.a(CyBootAsmGnu.o)
 .debug_aranges
                0x00000900      0x298 .\CortexM3\ARM_GCC_493\Debug\Led_Capsense.a(CyLib.o)
 .debug_aranges
                0x00000b98       0x98 .\CortexM3\ARM_GCC_493\Debug\Led_Capsense.a(cyPm.o)
 .debug_aranges
                0x00000c30       0x20 .\CortexM3\ARM_GCC_493\Debug\Led_Capsense.a(USBUART_cls.o)
 .debug_aranges
                0x00000c50       0x18 .\CortexM3\ARM_GCC_493\Debug\Led_Capsense.a(USBUART_descr.o)
 .debug_aranges
                0x00000c68       0x80 .\CortexM3\ARM_GCC_493\Debug\Led_Capsense.a(CyFlash.o)
 .debug_aranges
                0x00000ce8       0x78 .\CortexM3\ARM_GCC_493\Debug\Led_Capsense.a(CySpc.o)

.debug_pubnames
 *(.debug_pubnames)

.debug_info     0x00000000     0x94cd
 *(.debug_info .gnu.linkonce.wi.*)
 .debug_info    0x00000000      0x412 .\CortexM3\ARM_GCC_493\Debug\main.o
 .debug_info    0x00000412      0x13b .\CortexM3\ARM_GCC_493\Debug\cymetadata.o
 .debug_info    0x0000054d      0x39f .\CortexM3\ARM_GCC_493\Debug\Cm3Start.o
 .debug_info    0x000008ec      0x59a .\CortexM3\ARM_GCC_493\Debug\Led_Capsense.a(cyfitter_cfg.o)
 .debug_info    0x00000e86      0x716 .\CortexM3\ARM_GCC_493\Debug\Led_Capsense.a(LCD.o)
 .debug_info    0x0000159c      0x9e0 .\CortexM3\ARM_GCC_493\Debug\Led_Capsense.a(USBUART.o)
 .debug_info    0x00001f7c      0xb16 .\CortexM3\ARM_GCC_493\Debug\Led_Capsense.a(USBUART_cdc.o)
 .debug_info    0x00002a92      0x649 .\CortexM3\ARM_GCC_493\Debug\Led_Capsense.a(USBUART_drv.o)
 .debug_info    0x000030db      0x244 .\CortexM3\ARM_GCC_493\Debug\Led_Capsense.a(USBUART_episr.o)
 .debug_info    0x0000331f      0x43e .\CortexM3\ARM_GCC_493\Debug\Led_Capsense.a(USBUART_hid.o)
 .debug_info    0x0000375d      0x2ef .\CortexM3\ARM_GCC_493\Debug\Led_Capsense.a(USBUART_pm.o)
 .debug_info    0x00003a4c      0xb45 .\CortexM3\ARM_GCC_493\Debug\Led_Capsense.a(USBUART_std.o)
 .debug_info    0x00004591      0x1b2 .\CortexM3\ARM_GCC_493\Debug\Led_Capsense.a(USBUART_vnd.o)
 .debug_info    0x00004743      0x81f .\CortexM3\ARM_GCC_493\Debug\Led_Capsense.a(CapSense.o)
 .debug_info    0x00004f62      0x925 .\CortexM3\ARM_GCC_493\Debug\Led_Capsense.a(CapSense_CSHL.o)
 .debug_info    0x00005887      0x118 .\CortexM3\ARM_GCC_493\Debug\Led_Capsense.a(CapSense_INT.o)
 .debug_info    0x0000599f      0x271 .\CortexM3\ARM_GCC_493\Debug\Led_Capsense.a(PWM.o)
 .debug_info    0x00005c10      0x174 .\CortexM3\ARM_GCC_493\Debug\Led_Capsense.a(USBUART_Dp.o)
 .debug_info    0x00005d84      0x2c3 .\CortexM3\ARM_GCC_493\Debug\Led_Capsense.a(CapSense_CompCH0.o)
 .debug_info    0x00006047      0x209 .\CortexM3\ARM_GCC_493\Debug\Led_Capsense.a(CapSense_IdacCH0.o)
 .debug_info    0x00006250      0x1db .\CortexM3\ARM_GCC_493\Debug\Led_Capsense.a(CapSense_AMuxCH0.o)
 .debug_info    0x0000642b      0x283 .\CortexM3\ARM_GCC_493\Debug\Led_Capsense.a(CapSense_IntClock.o)
 .debug_info    0x000066ae       0x8c .\CortexM3\ARM_GCC_493\Debug\Led_Capsense.a(CyBootAsmGnu.o)
 .debug_info    0x0000673a     0x136f .\CortexM3\ARM_GCC_493\Debug\Led_Capsense.a(CyLib.o)
 .debug_info    0x00007aa9      0xa57 .\CortexM3\ARM_GCC_493\Debug\Led_Capsense.a(cyPm.o)
 .debug_info    0x00008500      0x1e6 .\CortexM3\ARM_GCC_493\Debug\Led_Capsense.a(USBUART_cls.o)
 .debug_info    0x000086e6      0x2f5 .\CortexM3\ARM_GCC_493\Debug\Led_Capsense.a(USBUART_descr.o)
 .debug_info    0x000089db      0x608 .\CortexM3\ARM_GCC_493\Debug\Led_Capsense.a(CyFlash.o)
 .debug_info    0x00008fe3      0x4ea .\CortexM3\ARM_GCC_493\Debug\Led_Capsense.a(CySpc.o)

.debug_abbrev   0x00000000     0x29a1
 *(.debug_abbrev)
 .debug_abbrev  0x00000000      0x180 .\CortexM3\ARM_GCC_493\Debug\main.o
 .debug_abbrev  0x00000180       0x66 .\CortexM3\ARM_GCC_493\Debug\cymetadata.o
 .debug_abbrev  0x000001e6      0x200 .\CortexM3\ARM_GCC_493\Debug\Cm3Start.o
 .debug_abbrev  0x000003e6      0x223 .\CortexM3\ARM_GCC_493\Debug\Led_Capsense.a(cyfitter_cfg.o)
 .debug_abbrev  0x00000609      0x171 .\CortexM3\ARM_GCC_493\Debug\Led_Capsense.a(LCD.o)
 .debug_abbrev  0x0000077a      0x25e .\CortexM3\ARM_GCC_493\Debug\Led_Capsense.a(USBUART.o)
 .debug_abbrev  0x000009d8      0x28b .\CortexM3\ARM_GCC_493\Debug\Led_Capsense.a(USBUART_cdc.o)
 .debug_abbrev  0x00000c63      0x18b .\CortexM3\ARM_GCC_493\Debug\Led_Capsense.a(USBUART_drv.o)
 .debug_abbrev  0x00000dee      0x11b .\CortexM3\ARM_GCC_493\Debug\Led_Capsense.a(USBUART_episr.o)
 .debug_abbrev  0x00000f09      0x18b .\CortexM3\ARM_GCC_493\Debug\Led_Capsense.a(USBUART_hid.o)
 .debug_abbrev  0x00001094      0x146 .\CortexM3\ARM_GCC_493\Debug\Led_Capsense.a(USBUART_pm.o)
 .debug_abbrev  0x000011da      0x23d .\CortexM3\ARM_GCC_493\Debug\Led_Capsense.a(USBUART_std.o)
 .debug_abbrev  0x00001417       0xe3 .\CortexM3\ARM_GCC_493\Debug\Led_Capsense.a(USBUART_vnd.o)
 .debug_abbrev  0x000014fa      0x1ed .\CortexM3\ARM_GCC_493\Debug\Led_Capsense.a(CapSense.o)
 .debug_abbrev  0x000016e7      0x1ec .\CortexM3\ARM_GCC_493\Debug\Led_Capsense.a(CapSense_CSHL.o)
 .debug_abbrev  0x000018d3       0xb4 .\CortexM3\ARM_GCC_493\Debug\Led_Capsense.a(CapSense_INT.o)
 .debug_abbrev  0x00001987      0x12d .\CortexM3\ARM_GCC_493\Debug\Led_Capsense.a(PWM.o)
 .debug_abbrev  0x00001ab4       0x90 .\CortexM3\ARM_GCC_493\Debug\Led_Capsense.a(USBUART_Dp.o)
 .debug_abbrev  0x00001b44      0x175 .\CortexM3\ARM_GCC_493\Debug\Led_Capsense.a(CapSense_CompCH0.o)
 .debug_abbrev  0x00001cb9      0x106 .\CortexM3\ARM_GCC_493\Debug\Led_Capsense.a(CapSense_IdacCH0.o)
 .debug_abbrev  0x00001dbf       0xcd .\CortexM3\ARM_GCC_493\Debug\Led_Capsense.a(CapSense_AMuxCH0.o)
 .debug_abbrev  0x00001e8c      0x139 .\CortexM3\ARM_GCC_493\Debug\Led_Capsense.a(CapSense_IntClock.o)
 .debug_abbrev  0x00001fc5       0x14 .\CortexM3\ARM_GCC_493\Debug\Led_Capsense.a(CyBootAsmGnu.o)
 .debug_abbrev  0x00001fd9      0x296 .\CortexM3\ARM_GCC_493\Debug\Led_Capsense.a(CyLib.o)
 .debug_abbrev  0x0000226f      0x1ed .\CortexM3\ARM_GCC_493\Debug\Led_Capsense.a(cyPm.o)
 .debug_abbrev  0x0000245c       0xe3 .\CortexM3\ARM_GCC_493\Debug\Led_Capsense.a(USBUART_cls.o)
 .debug_abbrev  0x0000253f       0xb4 .\CortexM3\ARM_GCC_493\Debug\Led_Capsense.a(USBUART_descr.o)
 .debug_abbrev  0x000025f3      0x1ed .\CortexM3\ARM_GCC_493\Debug\Led_Capsense.a(CyFlash.o)
 .debug_abbrev  0x000027e0      0x1c1 .\CortexM3\ARM_GCC_493\Debug\Led_Capsense.a(CySpc.o)

.debug_line     0x00000000     0x3652
 *(.debug_line)
 .debug_line    0x00000000      0x234 .\CortexM3\ARM_GCC_493\Debug\main.o
 .debug_line    0x00000234       0x53 .\CortexM3\ARM_GCC_493\Debug\cymetadata.o
 .debug_line    0x00000287      0x249 .\CortexM3\ARM_GCC_493\Debug\Cm3Start.o
 .debug_line    0x000004d0      0x20b .\CortexM3\ARM_GCC_493\Debug\Led_Capsense.a(cyfitter_cfg.o)
 .debug_line    0x000006db      0x1de .\CortexM3\ARM_GCC_493\Debug\Led_Capsense.a(LCD.o)
 .debug_line    0x000008b9      0x2ea .\CortexM3\ARM_GCC_493\Debug\Led_Capsense.a(USBUART.o)
 .debug_line    0x00000ba3      0x2f4 .\CortexM3\ARM_GCC_493\Debug\Led_Capsense.a(USBUART_cdc.o)
 .debug_line    0x00000e97      0x223 .\CortexM3\ARM_GCC_493\Debug\Led_Capsense.a(USBUART_drv.o)
 .debug_line    0x000010ba       0xe8 .\CortexM3\ARM_GCC_493\Debug\Led_Capsense.a(USBUART_episr.o)
 .debug_line    0x000011a2      0x151 .\CortexM3\ARM_GCC_493\Debug\Led_Capsense.a(USBUART_hid.o)
 .debug_line    0x000012f3      0x110 .\CortexM3\ARM_GCC_493\Debug\Led_Capsense.a(USBUART_pm.o)
 .debug_line    0x00001403      0x3e7 .\CortexM3\ARM_GCC_493\Debug\Led_Capsense.a(USBUART_std.o)
 .debug_line    0x000017ea       0x8d .\CortexM3\ARM_GCC_493\Debug\Led_Capsense.a(USBUART_vnd.o)
 .debug_line    0x00001877      0x2a9 .\CortexM3\ARM_GCC_493\Debug\Led_Capsense.a(CapSense.o)
 .debug_line    0x00001b20      0x2d0 .\CortexM3\ARM_GCC_493\Debug\Led_Capsense.a(CapSense_CSHL.o)
 .debug_line    0x00001df0       0x7b .\CortexM3\ARM_GCC_493\Debug\Led_Capsense.a(CapSense_INT.o)
 .debug_line    0x00001e6b      0x13a .\CortexM3\ARM_GCC_493\Debug\Led_Capsense.a(PWM.o)
 .debug_line    0x00001fa5       0xbd .\CortexM3\ARM_GCC_493\Debug\Led_Capsense.a(USBUART_Dp.o)
 .debug_line    0x00002062      0x171 .\CortexM3\ARM_GCC_493\Debug\Led_Capsense.a(CapSense_CompCH0.o)
 .debug_line    0x000021d3      0x106 .\CortexM3\ARM_GCC_493\Debug\Led_Capsense.a(CapSense_IdacCH0.o)
 .debug_line    0x000022d9       0xe9 .\CortexM3\ARM_GCC_493\Debug\Led_Capsense.a(CapSense_AMuxCH0.o)
 .debug_line    0x000023c2      0x199 .\CortexM3\ARM_GCC_493\Debug\Led_Capsense.a(CapSense_IntClock.o)
 .debug_line    0x0000255b       0x68 .\CortexM3\ARM_GCC_493\Debug\Led_Capsense.a(CyBootAsmGnu.o)
 .debug_line    0x000025c3      0x806 .\CortexM3\ARM_GCC_493\Debug\Led_Capsense.a(CyLib.o)
 .debug_line    0x00002dc9      0x366 .\CortexM3\ARM_GCC_493\Debug\Led_Capsense.a(cyPm.o)
 .debug_line    0x0000312f       0x96 .\CortexM3\ARM_GCC_493\Debug\Led_Capsense.a(USBUART_cls.o)
 .debug_line    0x000031c5       0x63 .\CortexM3\ARM_GCC_493\Debug\Led_Capsense.a(USBUART_descr.o)
 .debug_line    0x00003228      0x1ec .\CortexM3\ARM_GCC_493\Debug\Led_Capsense.a(CyFlash.o)
 .debug_line    0x00003414      0x23e .\CortexM3\ARM_GCC_493\Debug\Led_Capsense.a(CySpc.o)

.debug_frame    0x00000000     0x2880
 *(.debug_frame)
 .debug_frame   0x00000000       0x40 .\CortexM3\ARM_GCC_493\Debug\main.o
 .debug_frame   0x00000040       0xac .\CortexM3\ARM_GCC_493\Debug\Cm3Start.o
 .debug_frame   0x000000ec      0x100 .\CortexM3\ARM_GCC_493\Debug\Led_Capsense.a(cyfitter_cfg.o)
 .debug_frame   0x000001ec      0x1e4 .\CortexM3\ARM_GCC_493\Debug\Led_Capsense.a(LCD.o)
 .debug_frame   0x000003d0      0x1dc .\CortexM3\ARM_GCC_493\Debug\Led_Capsense.a(USBUART.o)
 .debug_frame   0x000005ac      0x278 .\CortexM3\ARM_GCC_493\Debug\Led_Capsense.a(USBUART_cdc.o)
 .debug_frame   0x00000824      0x194 .\CortexM3\ARM_GCC_493\Debug\Led_Capsense.a(USBUART_drv.o)
 .debug_frame   0x000009b8       0x6c .\CortexM3\ARM_GCC_493\Debug\Led_Capsense.a(USBUART_episr.o)
 .debug_frame   0x00000a24       0xa0 .\CortexM3\ARM_GCC_493\Debug\Led_Capsense.a(USBUART_hid.o)
 .debug_frame   0x00000ac4       0xa0 .\CortexM3\ARM_GCC_493\Debug\Led_Capsense.a(USBUART_pm.o)
 .debug_frame   0x00000b64      0x17c .\CortexM3\ARM_GCC_493\Debug\Led_Capsense.a(USBUART_std.o)
 .debug_frame   0x00000ce0       0x2c .\CortexM3\ARM_GCC_493\Debug\Led_Capsense.a(USBUART_vnd.o)
 .debug_frame   0x00000d0c      0x1e0 .\CortexM3\ARM_GCC_493\Debug\Led_Capsense.a(CapSense.o)
 .debug_frame   0x00000eec      0x1f0 .\CortexM3\ARM_GCC_493\Debug\Led_Capsense.a(CapSense_CSHL.o)
 .debug_frame   0x000010dc       0x2c .\CortexM3\ARM_GCC_493\Debug\Led_Capsense.a(CapSense_INT.o)
 .debug_frame   0x00001108       0xf8 .\CortexM3\ARM_GCC_493\Debug\Led_Capsense.a(PWM.o)
 .debug_frame   0x00001200       0x70 .\CortexM3\ARM_GCC_493\Debug\Led_Capsense.a(USBUART_Dp.o)
 .debug_frame   0x00001270      0x108 .\CortexM3\ARM_GCC_493\Debug\Led_Capsense.a(CapSense_CompCH0.o)
 .debug_frame   0x00001378       0xd0 .\CortexM3\ARM_GCC_493\Debug\Led_Capsense.a(CapSense_IdacCH0.o)
 .debug_frame   0x00001448       0xb8 .\CortexM3\ARM_GCC_493\Debug\Led_Capsense.a(CapSense_AMuxCH0.o)
 .debug_frame   0x00001500       0xe0 .\CortexM3\ARM_GCC_493\Debug\Led_Capsense.a(CapSense_IntClock.o)
 .debug_frame   0x000015e0      0x728 .\CortexM3\ARM_GCC_493\Debug\Led_Capsense.a(CyLib.o)
 .debug_frame   0x00001d08      0x1f8 .\CortexM3\ARM_GCC_493\Debug\Led_Capsense.a(cyPm.o)
 .debug_frame   0x00001f00       0x2c .\CortexM3\ARM_GCC_493\Debug\Led_Capsense.a(USBUART_cls.o)
 .debug_frame   0x00001f2c      0x174 .\CortexM3\ARM_GCC_493\Debug\Led_Capsense.a(CyFlash.o)
 .debug_frame   0x000020a0      0x160 .\CortexM3\ARM_GCC_493\Debug\Led_Capsense.a(CySpc.o)
 .debug_frame   0x00002200       0x20 c:/program files (x86)/cypress/psoc creator/3.3/psoc creator/import/gnu/arm/4.9.3/bin/../lib/gcc/arm-none-eabi/4.9.3/../../../../arm-none-eabi/lib/armv7-m\libg_nano.a(lib_a-errno.o)
 .debug_frame   0x00002220       0x28 c:/program files (x86)/cypress/psoc creator/3.3/psoc creator/import/gnu/arm/4.9.3/bin/../lib/gcc/arm-none-eabi/4.9.3/../../../../arm-none-eabi/lib/armv7-m\libg_nano.a(lib_a-exit.o)
 .debug_frame   0x00002248       0x2c c:/program files (x86)/cypress/psoc creator/3.3/psoc creator/import/gnu/arm/4.9.3/bin/../lib/gcc/arm-none-eabi/4.9.3/../../../../arm-none-eabi/lib/armv7-m\libg_nano.a(lib_a-init.o)
 .debug_frame   0x00002274       0x28 c:/program files (x86)/cypress/psoc creator/3.3/psoc creator/import/gnu/arm/4.9.3/bin/../lib/gcc/arm-none-eabi/4.9.3/../../../../arm-none-eabi/lib/armv7-m\libg_nano.a(lib_a-memcpy.o)
 .debug_frame   0x0000229c       0x20 c:/program files (x86)/cypress/psoc creator/3.3/psoc creator/import/gnu/arm/4.9.3/bin/../lib/gcc/arm-none-eabi/4.9.3/../../../../arm-none-eabi/lib/armv7-m\libg_nano.a(lib_a-memset.o)
 .debug_frame   0x000022bc       0x8c c:/program files (x86)/cypress/psoc creator/3.3/psoc creator/import/gnu/arm/4.9.3/bin/../lib/gcc/arm-none-eabi/4.9.3/../../../../arm-none-eabi/lib/armv7-m\libg_nano.a(lib_a-nano-vfprintf_float.o)
 .debug_frame   0x00002348       0x58 c:/program files (x86)/cypress/psoc creator/3.3/psoc creator/import/gnu/arm/4.9.3/bin/../lib/gcc/arm-none-eabi/4.9.3/../../../../arm-none-eabi/lib/armv7-m\libg_nano.a(lib_a-nano-vfprintf_i.o)
 .debug_frame   0x000023a0       0x28 c:/program files (x86)/cypress/psoc creator/3.3/psoc creator/import/gnu/arm/4.9.3/bin/../lib/gcc/arm-none-eabi/4.9.3/../../../../arm-none-eabi/lib/armv7-m\libg_nano.a(lib_a-s_fpclassify.o)
 .debug_frame   0x000023c8       0x20 c:/program files (x86)/cypress/psoc creator/3.3/psoc creator/import/gnu/arm/4.9.3/bin/../lib/gcc/arm-none-eabi/4.9.3/../../../../arm-none-eabi/lib/armv7-m\libg_nano.a(lib_a-strlen.o)
 .debug_frame   0x000023e8       0x6c c:/program files (x86)/cypress/psoc creator/3.3/psoc creator/import/gnu/arm/4.9.3/bin/../lib/gcc/arm-none-eabi/4.9.3/../../../../arm-none-eabi/lib/armv7-m\libg_nano.a(lib_a-dtoa.o)
 .debug_frame   0x00002454       0x98 c:/program files (x86)/cypress/psoc creator/3.3/psoc creator/import/gnu/arm/4.9.3/bin/../lib/gcc/arm-none-eabi/4.9.3/../../../../arm-none-eabi/lib/armv7-m\libg_nano.a(lib_a-locale.o)
 .debug_frame   0x000024ec       0x30 c:/program files (x86)/cypress/psoc creator/3.3/psoc creator/import/gnu/arm/4.9.3/bin/../lib/gcc/arm-none-eabi/4.9.3/../../../../arm-none-eabi/lib/armv7-m\libg_nano.a(lib_a-malloc.o)
 .debug_frame   0x0000251c       0x28 c:/program files (x86)/cypress/psoc creator/3.3/psoc creator/import/gnu/arm/4.9.3/bin/../lib/gcc/arm-none-eabi/4.9.3/../../../../arm-none-eabi/lib/armv7-m\libg_nano.a(lib_a-memchr.o)
 .debug_frame   0x00002544      0x230 c:/program files (x86)/cypress/psoc creator/3.3/psoc creator/import/gnu/arm/4.9.3/bin/../lib/gcc/arm-none-eabi/4.9.3/../../../../arm-none-eabi/lib/armv7-m\libg_nano.a(lib_a-mprec.o)
 .debug_frame   0x00002774       0x2c c:/program files (x86)/cypress/psoc creator/3.3/psoc creator/import/gnu/arm/4.9.3/bin/../lib/gcc/arm-none-eabi/4.9.3/../../../../arm-none-eabi/lib/armv7-m\libg_nano.a(lib_a-nano-callocr.o)
 .debug_frame   0x000027a0       0x2c c:/program files (x86)/cypress/psoc creator/3.3/psoc creator/import/gnu/arm/4.9.3/bin/../lib/gcc/arm-none-eabi/4.9.3/../../../../arm-none-eabi/lib/armv7-m\libg_nano.a(lib_a-nano-freer.o)
 .debug_frame   0x000027cc       0x2c c:/program files (x86)/cypress/psoc creator/3.3/psoc creator/import/gnu/arm/4.9.3/bin/../lib/gcc/arm-none-eabi/4.9.3/../../../../arm-none-eabi/lib/armv7-m\libg_nano.a(lib_a-nano-mallocr.o)
 .debug_frame   0x000027f8       0x2c c:/program files (x86)/cypress/psoc creator/3.3/psoc creator/import/gnu/arm/4.9.3/bin/../lib/gcc/arm-none-eabi/4.9.3/../../../../arm-none-eabi/lib/armv7-m\libg_nano.a(lib_a-sbrkr.o)
 .debug_frame   0x00002824       0x5c c:/program files (x86)/cypress/psoc creator/3.3/psoc creator/import/gnu/arm/4.9.3/bin/../lib/gcc/arm-none-eabi/4.9.3/../../../../arm-none-eabi/lib/armv7-m\libg_nano.a(lib_a-reent.o)

.debug_str      0x00000000     0x35d6
 *(.debug_str)
 .debug_str     0x00000000      0x34f .\CortexM3\ARM_GCC_493\Debug\main.o
                                0x3aa (size before relaxing)
 .debug_str     0x0000034f       0x77 .\CortexM3\ARM_GCC_493\Debug\cymetadata.o
                                0x1e6 (size before relaxing)
 .debug_str     0x000003c6      0x165 .\CortexM3\ARM_GCC_493\Debug\Cm3Start.o
                                0x2fa (size before relaxing)
 .debug_str     0x0000052b      0x1c2 .\CortexM3\ARM_GCC_493\Debug\Led_Capsense.a(cyfitter_cfg.o)
                                0x36b (size before relaxing)
 .debug_str     0x000006ed      0x156 .\CortexM3\ARM_GCC_493\Debug\Led_Capsense.a(LCD.o)
                                0x31b (size before relaxing)
 .debug_str     0x00000843      0x470 .\CortexM3\ARM_GCC_493\Debug\Led_Capsense.a(USBUART.o)
                                0x661 (size before relaxing)
 .debug_str     0x00000cb3      0x4ea .\CortexM3\ARM_GCC_493\Debug\Led_Capsense.a(USBUART_cdc.o)
                                0x7c1 (size before relaxing)
 .debug_str     0x0000119d      0x293 .\CortexM3\ARM_GCC_493\Debug\Led_Capsense.a(USBUART_drv.o)
                                0x638 (size before relaxing)
 .debug_str     0x00001430       0x82 .\CortexM3\ARM_GCC_493\Debug\Led_Capsense.a(USBUART_episr.o)
                                0x2cf (size before relaxing)
 .debug_str     0x000014b2      0x13c .\CortexM3\ARM_GCC_493\Debug\Led_Capsense.a(USBUART_hid.o)
                                0x3f2 (size before relaxing)
 .debug_str     0x000015ee       0xe2 .\CortexM3\ARM_GCC_493\Debug\Led_Capsense.a(USBUART_pm.o)
                                0x2e7 (size before relaxing)
 .debug_str     0x000016d0      0x24f .\CortexM3\ARM_GCC_493\Debug\Led_Capsense.a(USBUART_std.o)
                                0x7bf (size before relaxing)
 .debug_str     0x0000191f       0x48 .\CortexM3\ARM_GCC_493\Debug\Led_Capsense.a(USBUART_vnd.o)
                                0x27f (size before relaxing)
 .debug_str     0x00001967      0x3de .\CortexM3\ARM_GCC_493\Debug\Led_Capsense.a(CapSense.o)
                                0x63d (size before relaxing)
 .debug_str     0x00001d45      0x37b .\CortexM3\ARM_GCC_493\Debug\Led_Capsense.a(CapSense_CSHL.o)
                                0x676 (size before relaxing)
 .debug_str     0x000020c0       0x3c .\CortexM3\ARM_GCC_493\Debug\Led_Capsense.a(CapSense_INT.o)
                                0x208 (size before relaxing)
 .debug_str     0x000020fc       0xfd .\CortexM3\ARM_GCC_493\Debug\Led_Capsense.a(PWM.o)
                                0x293 (size before relaxing)
 .debug_str     0x000021f9       0x9d .\CortexM3\ARM_GCC_493\Debug\Led_Capsense.a(USBUART_Dp.o)
                                0x23d (size before relaxing)
 .debug_str     0x00002296      0x173 .\CortexM3\ARM_GCC_493\Debug\Led_Capsense.a(CapSense_CompCH0.o)
                                0x34a (size before relaxing)
 .debug_str     0x00002409       0x9e .\CortexM3\ARM_GCC_493\Debug\Led_Capsense.a(CapSense_IdacCH0.o)
                                0x2af (size before relaxing)
 .debug_str     0x000024a7       0xe7 .\CortexM3\ARM_GCC_493\Debug\Led_Capsense.a(CapSense_AMuxCH0.o)
                                0x297 (size before relaxing)
 .debug_str     0x0000258e      0x1ad .\CortexM3\ARM_GCC_493\Debug\Led_Capsense.a(CapSense_IntClock.o)
                                0x362 (size before relaxing)
 .debug_str     0x0000273b      0x7a9 .\CortexM3\ARM_GCC_493\Debug\Led_Capsense.a(CyLib.o)
                                0xa1f (size before relaxing)
 .debug_str     0x00002ee4      0x35b .\CortexM3\ARM_GCC_493\Debug\Led_Capsense.a(cyPm.o)
                                0x717 (size before relaxing)
 .debug_str     0x0000323f       0x27 .\CortexM3\ARM_GCC_493\Debug\Led_Capsense.a(USBUART_cls.o)
                                0x2b9 (size before relaxing)
 .debug_str     0x00003266      0x124 .\CortexM3\ARM_GCC_493\Debug\Led_Capsense.a(USBUART_descr.o)
                                0x3a0 (size before relaxing)
 .debug_str     0x0000338a      0x19e .\CortexM3\ARM_GCC_493\Debug\Led_Capsense.a(CyFlash.o)
                                0x391 (size before relaxing)
 .debug_str     0x00003528       0xae .\CortexM3\ARM_GCC_493\Debug\Led_Capsense.a(CySpc.o)
                                0x31a (size before relaxing)

.debug_loc      0x00000000     0x4584
 *(.debug_loc)
 .debug_loc     0x00000000      0x1d1 .\CortexM3\ARM_GCC_493\Debug\main.o
 .debug_loc     0x000001d1      0x144 .\CortexM3\ARM_GCC_493\Debug\Cm3Start.o
 .debug_loc     0x00000315      0x219 .\CortexM3\ARM_GCC_493\Debug\Led_Capsense.a(cyfitter_cfg.o)
 .debug_loc     0x0000052e      0x3c6 .\CortexM3\ARM_GCC_493\Debug\Led_Capsense.a(LCD.o)
 .debug_loc     0x000008f4      0x435 .\CortexM3\ARM_GCC_493\Debug\Led_Capsense.a(USBUART.o)
 .debug_loc     0x00000d29      0x56b .\CortexM3\ARM_GCC_493\Debug\Led_Capsense.a(USBUART_cdc.o)
 .debug_loc     0x00001294      0x171 .\CortexM3\ARM_GCC_493\Debug\Led_Capsense.a(USBUART_drv.o)
 .debug_loc     0x00001405      0x397 .\CortexM3\ARM_GCC_493\Debug\Led_Capsense.a(USBUART_hid.o)
 .debug_loc     0x0000179c       0x26 .\CortexM3\ARM_GCC_493\Debug\Led_Capsense.a(USBUART_pm.o)
 .debug_loc     0x000017c2      0x93f .\CortexM3\ARM_GCC_493\Debug\Led_Capsense.a(USBUART_std.o)
 .debug_loc     0x00002101       0x36 .\CortexM3\ARM_GCC_493\Debug\Led_Capsense.a(USBUART_vnd.o)
 .debug_loc     0x00002137      0x24e .\CortexM3\ARM_GCC_493\Debug\Led_Capsense.a(CapSense.o)
 .debug_loc     0x00002385      0x8d9 .\CortexM3\ARM_GCC_493\Debug\Led_Capsense.a(CapSense_CSHL.o)
 .debug_loc     0x00002c5e       0x13 .\CortexM3\ARM_GCC_493\Debug\Led_Capsense.a(PWM.o)
 .debug_loc     0x00002c71       0x84 .\CortexM3\ARM_GCC_493\Debug\Led_Capsense.a(USBUART_Dp.o)
 .debug_loc     0x00002cf5       0xed .\CortexM3\ARM_GCC_493\Debug\Led_Capsense.a(CapSense_CompCH0.o)
 .debug_loc     0x00002de2       0x76 .\CortexM3\ARM_GCC_493\Debug\Led_Capsense.a(CapSense_IdacCH0.o)
 .debug_loc     0x00002e58       0x6c .\CortexM3\ARM_GCC_493\Debug\Led_Capsense.a(CapSense_AMuxCH0.o)
 .debug_loc     0x00002ec4      0x12c .\CortexM3\ARM_GCC_493\Debug\Led_Capsense.a(CapSense_IntClock.o)
 .debug_loc     0x00002ff0      0xa11 .\CortexM3\ARM_GCC_493\Debug\Led_Capsense.a(CyLib.o)
 .debug_loc     0x00003a01      0x1e4 .\CortexM3\ARM_GCC_493\Debug\Led_Capsense.a(cyPm.o)
 .debug_loc     0x00003be5       0x52 .\CortexM3\ARM_GCC_493\Debug\Led_Capsense.a(USBUART_cls.o)
 .debug_loc     0x00003c37      0x300 .\CortexM3\ARM_GCC_493\Debug\Led_Capsense.a(CyFlash.o)
 .debug_loc     0x00003f37      0x64d .\CortexM3\ARM_GCC_493\Debug\Led_Capsense.a(CySpc.o)

.debug_macinfo
 *(.debug_macinfo)

.debug_ranges   0x00000000      0xb88
 *(.debug_ranges)
 .debug_ranges  0x00000000       0x10 .\CortexM3\ARM_GCC_493\Debug\main.o
 .debug_ranges  0x00000010       0x38 .\CortexM3\ARM_GCC_493\Debug\Cm3Start.o
 .debug_ranges  0x00000048       0x58 .\CortexM3\ARM_GCC_493\Debug\Led_Capsense.a(cyfitter_cfg.o)
 .debug_ranges  0x000000a0       0x88 .\CortexM3\ARM_GCC_493\Debug\Led_Capsense.a(LCD.o)
 .debug_ranges  0x00000128       0xd0 .\CortexM3\ARM_GCC_493\Debug\Led_Capsense.a(USBUART.o)
 .debug_ranges  0x000001f8       0xd8 .\CortexM3\ARM_GCC_493\Debug\Led_Capsense.a(USBUART_cdc.o)
 .debug_ranges  0x000002d0       0x88 .\CortexM3\ARM_GCC_493\Debug\Led_Capsense.a(USBUART_drv.o)
 .debug_ranges  0x00000358       0x30 .\CortexM3\ARM_GCC_493\Debug\Led_Capsense.a(USBUART_episr.o)
 .debug_ranges  0x00000388       0x38 .\CortexM3\ARM_GCC_493\Debug\Led_Capsense.a(USBUART_hid.o)
 .debug_ranges  0x000003c0       0x30 .\CortexM3\ARM_GCC_493\Debug\Led_Capsense.a(USBUART_pm.o)
 .debug_ranges  0x000003f0       0x70 .\CortexM3\ARM_GCC_493\Debug\Led_Capsense.a(USBUART_std.o)
 .debug_ranges  0x00000460       0x10 .\CortexM3\ARM_GCC_493\Debug\Led_Capsense.a(USBUART_vnd.o)
 .debug_ranges  0x00000470       0xa0 .\CortexM3\ARM_GCC_493\Debug\Led_Capsense.a(CapSense.o)
 .debug_ranges  0x00000510       0x80 .\CortexM3\ARM_GCC_493\Debug\Led_Capsense.a(CapSense_CSHL.o)
 .debug_ranges  0x00000590       0x10 .\CortexM3\ARM_GCC_493\Debug\Led_Capsense.a(CapSense_INT.o)
 .debug_ranges  0x000005a0       0x70 .\CortexM3\ARM_GCC_493\Debug\Led_Capsense.a(PWM.o)
 .debug_ranges  0x00000610       0x38 .\CortexM3\ARM_GCC_493\Debug\Led_Capsense.a(USBUART_Dp.o)
 .debug_ranges  0x00000648       0x60 .\CortexM3\ARM_GCC_493\Debug\Led_Capsense.a(CapSense_CompCH0.o)
 .debug_ranges  0x000006a8       0x50 .\CortexM3\ARM_GCC_493\Debug\Led_Capsense.a(CapSense_IdacCH0.o)
 .debug_ranges  0x000006f8       0x38 .\CortexM3\ARM_GCC_493\Debug\Led_Capsense.a(CapSense_AMuxCH0.o)
 .debug_ranges  0x00000730       0x60 .\CortexM3\ARM_GCC_493\Debug\Led_Capsense.a(CapSense_IntClock.o)
 .debug_ranges  0x00000790      0x288 .\CortexM3\ARM_GCC_493\Debug\Led_Capsense.a(CyLib.o)
 .debug_ranges  0x00000a18       0x88 .\CortexM3\ARM_GCC_493\Debug\Led_Capsense.a(cyPm.o)
 .debug_ranges  0x00000aa0       0x10 .\CortexM3\ARM_GCC_493\Debug\Led_Capsense.a(USBUART_cls.o)
 .debug_ranges  0x00000ab0       0x70 .\CortexM3\ARM_GCC_493\Debug\Led_Capsense.a(CyFlash.o)
 .debug_ranges  0x00000b20       0x68 .\CortexM3\ARM_GCC_493\Debug\Led_Capsense.a(CySpc.o)

.comment        0x00000000       0x70
 .comment       0x00000000       0x70 .\CortexM3\ARM_GCC_493\Debug\main.o
                                 0x71 (size before relaxing)
 .comment       0x00000000       0x71 .\CortexM3\ARM_GCC_493\Debug\cymetadata.o
 .comment       0x00000000       0x71 .\CortexM3\ARM_GCC_493\Debug\Cm3Start.o
 .comment       0x00000000       0x71 .\CortexM3\ARM_GCC_493\Debug\Led_Capsense.a(cyfitter_cfg.o)
 .comment       0x00000000       0x71 .\CortexM3\ARM_GCC_493\Debug\Led_Capsense.a(LCD.o)
 .comment       0x00000000       0x71 .\CortexM3\ARM_GCC_493\Debug\Led_Capsense.a(USBUART.o)
 .comment       0x00000000       0x71 .\CortexM3\ARM_GCC_493\Debug\Led_Capsense.a(USBUART_cdc.o)
 .comment       0x00000000       0x71 .\CortexM3\ARM_GCC_493\Debug\Led_Capsense.a(USBUART_drv.o)
 .comment       0x00000000       0x71 .\CortexM3\ARM_GCC_493\Debug\Led_Capsense.a(USBUART_episr.o)
 .comment       0x00000000       0x71 .\CortexM3\ARM_GCC_493\Debug\Led_Capsense.a(USBUART_hid.o)
 .comment       0x00000000       0x71 .\CortexM3\ARM_GCC_493\Debug\Led_Capsense.a(USBUART_pm.o)
 .comment       0x00000000       0x71 .\CortexM3\ARM_GCC_493\Debug\Led_Capsense.a(USBUART_std.o)
 .comment       0x00000000       0x71 .\CortexM3\ARM_GCC_493\Debug\Led_Capsense.a(USBUART_vnd.o)
 .comment       0x00000000       0x71 .\CortexM3\ARM_GCC_493\Debug\Led_Capsense.a(CapSense.o)
 .comment       0x00000000       0x71 .\CortexM3\ARM_GCC_493\Debug\Led_Capsense.a(CapSense_CSHL.o)
 .comment       0x00000000       0x71 .\CortexM3\ARM_GCC_493\Debug\Led_Capsense.a(CapSense_INT.o)
 .comment       0x00000000       0x71 .\CortexM3\ARM_GCC_493\Debug\Led_Capsense.a(PWM.o)
 .comment       0x00000000       0x71 .\CortexM3\ARM_GCC_493\Debug\Led_Capsense.a(USBUART_Dp.o)
 .comment       0x00000000       0x71 .\CortexM3\ARM_GCC_493\Debug\Led_Capsense.a(CapSense_CompCH0.o)
 .comment       0x00000000       0x71 .\CortexM3\ARM_GCC_493\Debug\Led_Capsense.a(CapSense_IdacCH0.o)
 .comment       0x00000000       0x71 .\CortexM3\ARM_GCC_493\Debug\Led_Capsense.a(CapSense_AMuxCH0.o)
 .comment       0x00000000       0x71 .\CortexM3\ARM_GCC_493\Debug\Led_Capsense.a(CapSense_IntClock.o)
 .comment       0x00000000       0x71 .\CortexM3\ARM_GCC_493\Debug\Led_Capsense.a(CyLib.o)
 .comment       0x00000000       0x71 .\CortexM3\ARM_GCC_493\Debug\Led_Capsense.a(cyPm.o)
 .comment       0x00000000       0x71 .\CortexM3\ARM_GCC_493\Debug\Led_Capsense.a(USBUART_cls.o)
 .comment       0x00000000       0x71 .\CortexM3\ARM_GCC_493\Debug\Led_Capsense.a(USBUART_descr.o)
 .comment       0x00000000       0x71 .\CortexM3\ARM_GCC_493\Debug\Led_Capsense.a(CyFlash.o)
 .comment       0x00000000       0x71 .\CortexM3\ARM_GCC_493\Debug\Led_Capsense.a(CySpc.o)

.debug_weaknames
 *(.debug_weaknames)

.debug_funcnames
 *(.debug_funcnames)

.debug_typenames
 *(.debug_typenames)

.debug_varnames
 *(.debug_varnames)

.note.gnu.arm.ident
 *(.note.gnu.arm.ident)

.ARM.attributes
                0x00000000       0x29
 *(.ARM.attributes)
 .ARM.attributes
                0x00000000       0x1d c:/program files (x86)/cypress/psoc creator/3.3/psoc creator/import/gnu/arm/4.9.3/bin/../lib/gcc/arm-none-eabi/4.9.3/armv7-m/crti.o
 .ARM.attributes
                0x0000001d       0x2d c:/program files (x86)/cypress/psoc creator/3.3/psoc creator/import/gnu/arm/4.9.3/bin/../lib/gcc/arm-none-eabi/4.9.3/armv7-m/crtbegin.o
 .ARM.attributes
                0x0000004a       0x1b c:/program files (x86)/cypress/psoc creator/3.3/psoc creator/import/gnu/arm/4.9.3/bin/../lib/gcc/arm-none-eabi/4.9.3/../../../../arm-none-eabi/lib/armv7-m/crt0.o
 .ARM.attributes
                0x00000065       0x33 .\CortexM3\ARM_GCC_493\Debug\main.o
 .ARM.attributes
                0x00000098       0x33 .\CortexM3\ARM_GCC_493\Debug\cymetadata.o
 .ARM.attributes
                0x000000cb       0x33 .\CortexM3\ARM_GCC_493\Debug\Cm3Start.o
 .ARM.attributes
                0x000000fe       0x33 .\CortexM3\ARM_GCC_493\Debug\Led_Capsense.a(cyfitter_cfg.o)
 .ARM.attributes
                0x00000131       0x33 .\CortexM3\ARM_GCC_493\Debug\Led_Capsense.a(LCD.o)
 .ARM.attributes
                0x00000164       0x33 .\CortexM3\ARM_GCC_493\Debug\Led_Capsense.a(USBUART.o)
 .ARM.attributes
                0x00000197       0x33 .\CortexM3\ARM_GCC_493\Debug\Led_Capsense.a(USBUART_cdc.o)
 .ARM.attributes
                0x000001ca       0x33 .\CortexM3\ARM_GCC_493\Debug\Led_Capsense.a(USBUART_drv.o)
 .ARM.attributes
                0x000001fd       0x33 .\CortexM3\ARM_GCC_493\Debug\Led_Capsense.a(USBUART_episr.o)
 .ARM.attributes
                0x00000230       0x33 .\CortexM3\ARM_GCC_493\Debug\Led_Capsense.a(USBUART_hid.o)
 .ARM.attributes
                0x00000263       0x33 .\CortexM3\ARM_GCC_493\Debug\Led_Capsense.a(USBUART_pm.o)
 .ARM.attributes
                0x00000296       0x33 .\CortexM3\ARM_GCC_493\Debug\Led_Capsense.a(USBUART_std.o)
 .ARM.attributes
                0x000002c9       0x33 .\CortexM3\ARM_GCC_493\Debug\Led_Capsense.a(USBUART_vnd.o)
 .ARM.attributes
                0x000002fc       0x33 .\CortexM3\ARM_GCC_493\Debug\Led_Capsense.a(CapSense.o)
 .ARM.attributes
                0x0000032f       0x33 .\CortexM3\ARM_GCC_493\Debug\Led_Capsense.a(CapSense_CSHL.o)
 .ARM.attributes
                0x00000362       0x33 .\CortexM3\ARM_GCC_493\Debug\Led_Capsense.a(CapSense_INT.o)
 .ARM.attributes
                0x00000395       0x33 .\CortexM3\ARM_GCC_493\Debug\Led_Capsense.a(PWM.o)
 .ARM.attributes
                0x000003c8       0x33 .\CortexM3\ARM_GCC_493\Debug\Led_Capsense.a(USBUART_Dp.o)
 .ARM.attributes
                0x000003fb       0x33 .\CortexM3\ARM_GCC_493\Debug\Led_Capsense.a(CapSense_CompCH0.o)
 .ARM.attributes
                0x0000042e       0x33 .\CortexM3\ARM_GCC_493\Debug\Led_Capsense.a(CapSense_IdacCH0.o)
 .ARM.attributes
                0x00000461       0x33 .\CortexM3\ARM_GCC_493\Debug\Led_Capsense.a(CapSense_AMuxCH0.o)
 .ARM.attributes
                0x00000494       0x33 .\CortexM3\ARM_GCC_493\Debug\Led_Capsense.a(CapSense_IntClock.o)
 .ARM.attributes
                0x000004c7       0x21 .\CortexM3\ARM_GCC_493\Debug\Led_Capsense.a(CyBootAsmGnu.o)
 .ARM.attributes
                0x000004e8       0x33 .\CortexM3\ARM_GCC_493\Debug\Led_Capsense.a(CyLib.o)
 .ARM.attributes
                0x0000051b       0x33 .\CortexM3\ARM_GCC_493\Debug\Led_Capsense.a(cyPm.o)
 .ARM.attributes
                0x0000054e       0x33 .\CortexM3\ARM_GCC_493\Debug\Led_Capsense.a(USBUART_cls.o)
 .ARM.attributes
                0x00000581       0x33 .\CortexM3\ARM_GCC_493\Debug\Led_Capsense.a(USBUART_descr.o)
 .ARM.attributes
                0x000005b4       0x33 .\CortexM3\ARM_GCC_493\Debug\Led_Capsense.a(CyFlash.o)
 .ARM.attributes
                0x000005e7       0x33 .\CortexM3\ARM_GCC_493\Debug\Led_Capsense.a(CySpc.o)
 .ARM.attributes
                0x0000061a       0x2d c:/program files (x86)/cypress/psoc creator/3.3/psoc creator/import/gnu/arm/4.9.3/bin/../lib/gcc/arm-none-eabi/4.9.3/../../../../arm-none-eabi/lib/armv7-m\libg_nano.a(lib_a-errno.o)
 .ARM.attributes
                0x00000647       0x2d c:/program files (x86)/cypress/psoc creator/3.3/psoc creator/import/gnu/arm/4.9.3/bin/../lib/gcc/arm-none-eabi/4.9.3/../../../../arm-none-eabi/lib/armv7-m\libg_nano.a(lib_a-exit.o)
 .ARM.attributes
                0x00000674       0x2d c:/program files (x86)/cypress/psoc creator/3.3/psoc creator/import/gnu/arm/4.9.3/bin/../lib/gcc/arm-none-eabi/4.9.3/../../../../arm-none-eabi/lib/armv7-m\libg_nano.a(lib_a-impure.o)
 .ARM.attributes
                0x000006a1       0x2d c:/program files (x86)/cypress/psoc creator/3.3/psoc creator/import/gnu/arm/4.9.3/bin/../lib/gcc/arm-none-eabi/4.9.3/../../../../arm-none-eabi/lib/armv7-m\libg_nano.a(lib_a-init.o)
 .ARM.attributes
                0x000006ce       0x2d c:/program files (x86)/cypress/psoc creator/3.3/psoc creator/import/gnu/arm/4.9.3/bin/../lib/gcc/arm-none-eabi/4.9.3/../../../../arm-none-eabi/lib/armv7-m\libg_nano.a(lib_a-memcpy.o)
 .ARM.attributes
                0x000006fb       0x2d c:/program files (x86)/cypress/psoc creator/3.3/psoc creator/import/gnu/arm/4.9.3/bin/../lib/gcc/arm-none-eabi/4.9.3/../../../../arm-none-eabi/lib/armv7-m\libg_nano.a(lib_a-memset.o)
 .ARM.attributes
                0x00000728       0x2d c:/program files (x86)/cypress/psoc creator/3.3/psoc creator/import/gnu/arm/4.9.3/bin/../lib/gcc/arm-none-eabi/4.9.3/../../../../arm-none-eabi/lib/armv7-m\libg_nano.a(lib_a-nano-vfprintf_float.o)
 .ARM.attributes
                0x00000755       0x2d c:/program files (x86)/cypress/psoc creator/3.3/psoc creator/import/gnu/arm/4.9.3/bin/../lib/gcc/arm-none-eabi/4.9.3/../../../../arm-none-eabi/lib/armv7-m\libg_nano.a(lib_a-nano-vfprintf_i.o)
 .ARM.attributes
                0x00000782       0x2d c:/program files (x86)/cypress/psoc creator/3.3/psoc creator/import/gnu/arm/4.9.3/bin/../lib/gcc/arm-none-eabi/4.9.3/../../../../arm-none-eabi/lib/armv7-m\libg_nano.a(lib_a-s_fpclassify.o)
 .ARM.attributes
                0x000007af       0x2d c:/program files (x86)/cypress/psoc creator/3.3/psoc creator/import/gnu/arm/4.9.3/bin/../lib/gcc/arm-none-eabi/4.9.3/../../../../arm-none-eabi/lib/armv7-m\libg_nano.a(lib_a-strlen.o)
 .ARM.attributes
                0x000007dc       0x2d c:/program files (x86)/cypress/psoc creator/3.3/psoc creator/import/gnu/arm/4.9.3/bin/../lib/gcc/arm-none-eabi/4.9.3/../../../../arm-none-eabi/lib/armv7-m\libg_nano.a(lib_a-dtoa.o)
 .ARM.attributes
                0x00000809       0x2d c:/program files (x86)/cypress/psoc creator/3.3/psoc creator/import/gnu/arm/4.9.3/bin/../lib/gcc/arm-none-eabi/4.9.3/../../../../arm-none-eabi/lib/armv7-m\libg_nano.a(lib_a-locale.o)
 .ARM.attributes
                0x00000836       0x2d c:/program files (x86)/cypress/psoc creator/3.3/psoc creator/import/gnu/arm/4.9.3/bin/../lib/gcc/arm-none-eabi/4.9.3/../../../../arm-none-eabi/lib/armv7-m\libg_nano.a(lib_a-malloc.o)
 .ARM.attributes
                0x00000863       0x2d c:/program files (x86)/cypress/psoc creator/3.3/psoc creator/import/gnu/arm/4.9.3/bin/../lib/gcc/arm-none-eabi/4.9.3/../../../../arm-none-eabi/lib/armv7-m\libg_nano.a(lib_a-memchr.o)
 .ARM.attributes
                0x00000890       0x2d c:/program files (x86)/cypress/psoc creator/3.3/psoc creator/import/gnu/arm/4.9.3/bin/../lib/gcc/arm-none-eabi/4.9.3/../../../../arm-none-eabi/lib/armv7-m\libg_nano.a(lib_a-mprec.o)
 .ARM.attributes
                0x000008bd       0x2d c:/program files (x86)/cypress/psoc creator/3.3/psoc creator/import/gnu/arm/4.9.3/bin/../lib/gcc/arm-none-eabi/4.9.3/../../../../arm-none-eabi/lib/armv7-m\libg_nano.a(lib_a-nano-callocr.o)
 .ARM.attributes
                0x000008ea       0x2d c:/program files (x86)/cypress/psoc creator/3.3/psoc creator/import/gnu/arm/4.9.3/bin/../lib/gcc/arm-none-eabi/4.9.3/../../../../arm-none-eabi/lib/armv7-m\libg_nano.a(lib_a-nano-freer.o)
 .ARM.attributes
                0x00000917       0x2d c:/program files (x86)/cypress/psoc creator/3.3/psoc creator/import/gnu/arm/4.9.3/bin/../lib/gcc/arm-none-eabi/4.9.3/../../../../arm-none-eabi/lib/armv7-m\libg_nano.a(lib_a-nano-mallocr.o)
 .ARM.attributes
                0x00000944       0x2d c:/program files (x86)/cypress/psoc creator/3.3/psoc creator/import/gnu/arm/4.9.3/bin/../lib/gcc/arm-none-eabi/4.9.3/../../../../arm-none-eabi/lib/armv7-m\libg_nano.a(lib_a-sbrkr.o)
 .ARM.attributes
                0x00000971       0x1b c:/program files (x86)/cypress/psoc creator/3.3/psoc creator/import/gnu/arm/4.9.3/bin/../lib/gcc/arm-none-eabi/4.9.3/../../../../arm-none-eabi/lib/armv7-m\libg_nano.a(lib_a-strcmp.o)
 .ARM.attributes
                0x0000098c       0x2d c:/program files (x86)/cypress/psoc creator/3.3/psoc creator/import/gnu/arm/4.9.3/bin/../lib/gcc/arm-none-eabi/4.9.3/../../../../arm-none-eabi/lib/armv7-m\libg_nano.a(lib_a-reent.o)
 .ARM.attributes
                0x000009b9       0x1d c:/program files (x86)/cypress/psoc creator/3.3/psoc creator/import/gnu/arm/4.9.3/bin/../lib/gcc/arm-none-eabi/4.9.3/armv7-m\libgcc.a(_arm_addsubdf3.o)
 .ARM.attributes
                0x000009d6       0x1d c:/program files (x86)/cypress/psoc creator/3.3/psoc creator/import/gnu/arm/4.9.3/bin/../lib/gcc/arm-none-eabi/4.9.3/armv7-m\libgcc.a(_arm_muldivdf3.o)
 .ARM.attributes
                0x000009f3       0x1d c:/program files (x86)/cypress/psoc creator/3.3/psoc creator/import/gnu/arm/4.9.3/bin/../lib/gcc/arm-none-eabi/4.9.3/armv7-m\libgcc.a(_arm_cmpdf2.o)
 .ARM.attributes
                0x00000a10       0x1d c:/program files (x86)/cypress/psoc creator/3.3/psoc creator/import/gnu/arm/4.9.3/bin/../lib/gcc/arm-none-eabi/4.9.3/armv7-m\libgcc.a(_arm_fixdfsi.o)
 .ARM.attributes
                0x00000a2d       0x2d c:/program files (x86)/cypress/psoc creator/3.3/psoc creator/import/gnu/arm/4.9.3/bin/../lib/gcc/arm-none-eabi/4.9.3/armv7-m/crtend.o
 .ARM.attributes
                0x00000a5a       0x1d c:/program files (x86)/cypress/psoc creator/3.3/psoc creator/import/gnu/arm/4.9.3/bin/../lib/gcc/arm-none-eabi/4.9.3/armv7-m/crtn.o

/DISCARD/
 *(.note.GNU-stack)
OUTPUT(.\CortexM3\ARM_GCC_493\Debug\Led_Capsense.elf elf32-littlearm)
