Archive member included because of file (symbol)

.\CortexM3\ARM_GCC_493\Debug\Fridge.a(cyfitter_cfg.o)
                              .\CortexM3\ARM_GCC_493\Debug\Cm3Start.o (cyfitter_cfg)
.\CortexM3\ARM_GCC_493\Debug\Fridge.a(ADC.o)
                              .\CortexM3\ARM_GCC_493\Debug\main.o (ADC_Start)
.\CortexM3\ARM_GCC_493\Debug\Fridge.a(ADC_INT.o)
                              .\CortexM3\ARM_GCC_493\Debug\Fridge.a(ADC.o) (ADC_ISR1)
.\CortexM3\ARM_GCC_493\Debug\Fridge.a(CapSense.o)
                              .\CortexM3\ARM_GCC_493\Debug\main.o (CapSense_IsBusy)
.\CortexM3\ARM_GCC_493\Debug\Fridge.a(CapSense_CSHL.o)
                              .\CortexM3\ARM_GCC_493\Debug\main.o (CapSense_InitializeAllBaselines)
.\CortexM3\ARM_GCC_493\Debug\Fridge.a(CapSense_INT.o)
                              .\CortexM3\ARM_GCC_493\Debug\Fridge.a(CapSense.o) (CapSense_IsrCH0_ISR)
.\CortexM3\ARM_GCC_493\Debug\Fridge.a(LCD.o)
                              .\CortexM3\ARM_GCC_493\Debug\main.o (LCD_PrintString)
.\CortexM3\ARM_GCC_493\Debug\Fridge.a(USBUART_1.o)
                              .\CortexM3\ARM_GCC_493\Debug\main.o (USBUART_1_Start)
.\CortexM3\ARM_GCC_493\Debug\Fridge.a(USBUART_1_cdc.o)
                              .\CortexM3\ARM_GCC_493\Debug\main.o (USBUART_1_CDC_Init)
.\CortexM3\ARM_GCC_493\Debug\Fridge.a(USBUART_1_drv.o)
                              .\CortexM3\ARM_GCC_493\Debug\Fridge.a(USBUART_1.o) (USBUART_1_lastPacketSize)
.\CortexM3\ARM_GCC_493\Debug\Fridge.a(USBUART_1_episr.o)
                              .\CortexM3\ARM_GCC_493\Debug\Fridge.a(USBUART_1.o) (USBUART_1_EP_1_ISR)
.\CortexM3\ARM_GCC_493\Debug\Fridge.a(USBUART_1_hid.o)
                              .\CortexM3\ARM_GCC_493\Debug\Fridge.a(USBUART_1.o) (USBUART_1_hidProtocol)
.\CortexM3\ARM_GCC_493\Debug\Fridge.a(USBUART_1_pm.o)
                              .\CortexM3\ARM_GCC_493\Debug\Fridge.a(USBUART_1.o) (USBUART_1_DP_ISR)
.\CortexM3\ARM_GCC_493\Debug\Fridge.a(USBUART_1_std.o)
                              .\CortexM3\ARM_GCC_493\Debug\Fridge.a(USBUART_1_pm.o) (USBUART_1_ConfigReg)
.\CortexM3\ARM_GCC_493\Debug\Fridge.a(USBUART_1_vnd.o)
                              .\CortexM3\ARM_GCC_493\Debug\Fridge.a(USBUART_1_drv.o) (USBUART_1_HandleVendorRqst)
.\CortexM3\ARM_GCC_493\Debug\Fridge.a(PWM_1.o)
                              .\CortexM3\ARM_GCC_493\Debug\main.o (PWM_1_WriteCompare1)
.\CortexM3\ARM_GCC_493\Debug\Fridge.a(ADC_AMux.o)
                              .\CortexM3\ARM_GCC_493\Debug\Fridge.a(ADC.o) (ADC_AMux_Select)
.\CortexM3\ARM_GCC_493\Debug\Fridge.a(ADC_Ext_CP_Clk.o)
                              .\CortexM3\ARM_GCC_493\Debug\Fridge.a(ADC.o) (ADC_Ext_CP_Clk_SetModeRegister)
.\CortexM3\ARM_GCC_493\Debug\Fridge.a(ADC_theACLK.o)
                              .\CortexM3\ARM_GCC_493\Debug\Fridge.a(ADC.o) (ADC_theACLK_SetModeRegister)
.\CortexM3\ARM_GCC_493\Debug\Fridge.a(CapSense_CompCH0.o)
                              .\CortexM3\ARM_GCC_493\Debug\Fridge.a(CapSense.o) (CapSense_CompCH0_Enable)
.\CortexM3\ARM_GCC_493\Debug\Fridge.a(CapSense_IdacCH0.o)
                              .\CortexM3\ARM_GCC_493\Debug\Fridge.a(CapSense.o) (CapSense_IdacCH0_Enable)
.\CortexM3\ARM_GCC_493\Debug\Fridge.a(CapSense_AMuxCH0.o)
                              .\CortexM3\ARM_GCC_493\Debug\Fridge.a(CapSense.o) (CapSense_AMuxCH0_Init)
.\CortexM3\ARM_GCC_493\Debug\Fridge.a(CapSense_IntClock.o)
                              .\CortexM3\ARM_GCC_493\Debug\Fridge.a(CapSense.o) (CapSense_IntClock_Start)
.\CortexM3\ARM_GCC_493\Debug\Fridge.a(USBUART_1_Dp.o)
                              .\CortexM3\ARM_GCC_493\Debug\Fridge.a(USBUART_1_pm.o) (USBUART_1_Dp_ClearInterrupt)
.\CortexM3\ARM_GCC_493\Debug\Fridge.a(CyBootAsmGnu.o)
                              .\CortexM3\ARM_GCC_493\Debug\Fridge.a(cyfitter_cfg.o) (CyDelayCycles)
.\CortexM3\ARM_GCC_493\Debug\Fridge.a(CyLib.o)
                              .\CortexM3\ARM_GCC_493\Debug\Cm3Start.o (CyHalt)
.\CortexM3\ARM_GCC_493\Debug\Fridge.a(cyPm.o)
                              .\CortexM3\ARM_GCC_493\Debug\Fridge.a(CyLib.o) (CyPmReadStatus)
.\CortexM3\ARM_GCC_493\Debug\Fridge.a(UART.o)
                              .\CortexM3\ARM_GCC_493\Debug\main.o (UART_Start)
.\CortexM3\ARM_GCC_493\Debug\Fridge.a(UART_Blue.o)
                              .\CortexM3\ARM_GCC_493\Debug\main.o (UART_Blue_Start)
.\CortexM3\ARM_GCC_493\Debug\Fridge.a(USBUART_1_cls.o)
                              .\CortexM3\ARM_GCC_493\Debug\Fridge.a(USBUART_1_drv.o) (USBUART_1_DispatchClassRqst)
.\CortexM3\ARM_GCC_493\Debug\Fridge.a(USBUART_1_descr.o)
                              .\CortexM3\ARM_GCC_493\Debug\Fridge.a(USBUART_1_std.o) (USBUART_1_idSerialNumberStringDescriptor)
.\CortexM3\ARM_GCC_493\Debug\Fridge.a(CyFlash.o)
                              .\CortexM3\ARM_GCC_493\Debug\Fridge.a(cyPm.o) (CyFlash_SetWaitCycles)
.\CortexM3\ARM_GCC_493\Debug\Fridge.a(CySpc.o)
[...]
Memory Configuration

Name             Origin             Length             Attributes
rom              0x00000000         0x00040000         xr
ram              0x1fff8000         0x00010000         xrw
*default*        0x00000000         0xffffffff

Linker script and memory map

LOAD c:/program files (x86)/cypress/psoc creator/3.3/psoc creator/import/gnu/arm/4.9.3/bin/../lib/gcc/arm-none-eabi/4.9.3/armv7-m/crti.o
LOAD c:/program files (x86)/cypress/psoc creator/3.3/psoc creator/import/gnu/arm/4.9.3/bin/../lib/gcc/arm-none-eabi/4.9.3/armv7-m/crtbegin.o
LOAD c:/program files (x86)/cypress/psoc creator/3.3/psoc creator/import/gnu/arm/4.9.3/bin/../lib/gcc/arm-none-eabi/4.9.3/../../../../arm-none-eabi/lib/armv7-m/crt0.o
START GROUP
LOAD .\CortexM3\ARM_GCC_493\Debug\main.o
LOAD .\CortexM3\ARM_GCC_493\Debug\cymetadata.o
LOAD .\CortexM3\ARM_GCC_493\Debug\Cm3Start.o
LOAD .\CortexM3\ARM_GCC_493\Debug\Fridge.a
LOAD C:\Program Files (x86)\Cypress\PSoC Creator\3.3\PSoC Creator\psoc\content\cycomponentlibrary\CyComponentLibrary.cylib\CapSense_CSD_v3_50\Library\CapSenseLibrary_GCC.a
LOAD C:\Program Files (x86)\Cypress\PSoC Creator\3.3\PSoC Creator\psoc\content\cycomponentlibrary\CyComponentLibrary.cylib\CortexM3\ARM_GCC_493\Debug\CyComponentLibrary.a
END GROUP
START GROUP
LOAD c:/program files (x86)/cypress/psoc creator/3.3/psoc creator/import/gnu/arm/4.9.3/bin/../lib/gcc/arm-none-eabi/4.9.3/armv7-m\libgcc.a
LOAD c:/program files (x86)/cypress/psoc creator/3.3/psoc creator/import/gnu/arm/4.9.3/bin/../lib/gcc/arm-none-eabi/4.9.3/../../../../arm-none-eabi/lib/armv7-m\libg_nano.a
LOAD c:/program files (x86)/cypress/psoc creator/3.3/psoc creator/import/gnu/arm/4.9.3/bin/../lib/gcc/arm-none-eabi/4.9.3/../../../../arm-none-eabi/lib/armv7-m\libc_nano.a
END GROUP
START GROUP
LOAD c:/program files (x86)/cypress/psoc creator/3.3/psoc creator/import/gnu/arm/4.9.3/bin/../lib/gcc/arm-none-eabi/4.9.3/armv7-m\libgcc.a
LOAD c:/program files (x86)/cypress/psoc creator/3.3/psoc creator/import/gnu/arm/4.9.3/bin/../lib/gcc/arm-none-eabi/4.9.3/../../../../arm-none-eabi/lib/armv7-m\libc_nano.a
END GROUP
LOAD c:/program files (x86)/cypress/psoc creator/3.3/psoc creator/import/gnu/arm/4.9.3/bin/../lib/gcc/arm-none-eabi/4.9.3/armv7-m/crtend.o
LOAD c:/program files (x86)/cypress/psoc creator/3.3/psoc creator/import/gnu/arm/4.9.3/bin/../lib/gcc/arm-none-eabi/4.9.3/armv7-m/crtn.o
START GROUP
LOAD c:/program files (x86)/cypress/psoc creator/3.3/psoc creator/import/gnu/arm/4.9.3/bin/../lib/gcc/arm-none-eabi/4.9.3/armv7-m\libgcc.a
LOAD c:/program files (x86)/cypress/psoc creator/3.3/psoc creator/import/gnu/arm/4.9.3/bin/../lib/gcc/arm-none-eabi/4.9.3/../../../../arm-none-eabi/lib/armv7-m\libc.a
LOAD c:/program files (x86)/cypress/psoc creator/3.3/psoc creator/import/gnu/arm/4.9.3/bin/../lib/gcc/arm-none-eabi/4.9.3/../../../../arm-none-eabi/lib/armv7-m\libnosys.a
END GROUP
                0x00000000                CY_APPL_ORIGIN = 0x0
                0x00000100                CY_FLASH_ROW_SIZE = 0x100
                0x00000020                CY_ECC_ROW_SIZE = 0x20
                0x00000000                CY_EE_IN_BTLDR = 0x0
                0x00000000                CY_APPL_LOADABLE = 0x0
                0x00000800                CY_EE_SIZE = 0x800
                0x00000001                CY_APPL_NUM = 0x1
                0x00000001                CY_APPL_MAX = 0x1
                0x00000040                CY_METADATA_SIZE = 0x40
                0x00000000                CY_APPL_LOADABLE = 0x0
                0x00000000                CY_CHECKSUM_EXCLUDE_SIZE = ALIGN (0x0, CY_FLASH_ROW_SIZE)
                0x1fff8328                PROVIDE (__cy_heap_start, _end)
                0x00000001                PROVIDE (__cy_region_num, ((__cy_regions_end - __cy_regions) / 0x10))
                0x20008000                PROVIDE (__cy_stack, (ORIGIN (ram) + 0x10000))
                0x20007800                PROVIDE (__cy_heap_end, (__cy_stack - 0x800))

.cybootloader   0x00000000        0x0
 *(.cybootloader)
                0x00000000                appl1_start = CY_APPL_ORIGIN?CY_APPL_ORIGIN:ALIGN (CY_FLASH_ROW_SIZE)
                0x0001ff00                appl2_start = (appl1_start + ALIGN ((((0x40000 - appl1_start) - (0x2 * CY_FLASH_ROW_SIZE)) / 0x2), CY_FLASH_ROW_SIZE))
                0x00000000                appl_start = (CY_APPL_NUM == 0x1)?appl1_start:appl2_start
                0x00000000                ecc_offset = ((appl_start / CY_FLASH_ROW_SIZE) * CY_ECC_ROW_SIZE)
                0x00000000                ee_offset = (CY_APPL_LOADABLE && ! (CY_EE_IN_BTLDR))?((CY_EE_SIZE / CY_APPL_MAX) * (CY_APPL_NUM - 0x1)):0x0
                0x00000800                ee_size = (CY_APPL_LOADABLE && ! (CY_EE_IN_BTLDR))?(CY_EE_SIZE / CY_APPL_MAX):CY_EE_SIZE
                0x00000000                PROVIDE (CY_ECC_OFFSET, ecc_offset)

.text           0x00000000     0x4afe
 CREATE_OBJECT_SYMBOLS
                0x00000000                PROVIDE (__cy_interrupt_vector, RomVectors)
 *(.romvectors)
 .romvectors    0x00000000       0x10 .\CortexM3\ARM_GCC_493\Debug\Cm3Start.o
                0x00000000                RomVectors
                0x00000001                ASSERT ((. != __cy_interrupt_vector), No interrupt vector)
                0x00000001                ASSERT (CY_APPL_ORIGIN?(SIZEOF (.cybootloader) <= CY_APPL_ORIGIN):0x1, Wrong image location)
                0x00000010                PROVIDE (__cy_reset, Reset)
 *(.text.Reset)
 .text.Reset    0x00000010       0x18 .\CortexM3\ARM_GCC_493\Debug\Cm3Start.o
                0x00000010                Reset
                0x00000001                ASSERT ((. != __cy_reset), No reset code)
 *(.dma_init)
                0x00000001                ASSERT ((((appl_start + .) <= 0x10000) || 0x1), DMA Init must be within the first 64k of flash)
 *(.text .text.* .gnu.linkonce.t.*)
 .text          0x00000028       0x5c c:/program files (x86)/cypress/psoc creator/3.3/psoc creator/import/gnu/arm/4.9.3/bin/../lib/gcc/arm-none-eabi/4.9.3/armv7-m/crtbegin.o
 .text.UART_GetString
                0x00000084       0x40 .\CortexM3\ARM_GCC_493\Debug\main.o
                0x00000084                UART_GetString
 .text.convert2string
                0x000000c4       0x64 .\CortexM3\ARM_GCC_493\Debug\main.o
                0x000000c4                convert2string
 .text.convert2float
                0x00000128       0x38 .\CortexM3\ARM_GCC_493\Debug\main.o
                0x00000128                convert2float
 .text.main     0x00000160      0x778 .\CortexM3\ARM_GCC_493\Debug\main.o
                0x00000160                main
 .text.IntDefaultHandler
                0x000008d8        0x4 .\CortexM3\ARM_GCC_493\Debug\Cm3Start.o
                0x000008d8                IntDefaultHandler
 .text.Start_c  0x000008dc       0x4c .\CortexM3\ARM_GCC_493\Debug\Cm3Start.o
                0x000008dc                Start_c
 .text.initialize_psoc
                0x00000928       0x74 .\CortexM3\ARM_GCC_493\Debug\Cm3Start.o
                0x00000928                initialize_psoc
 .text.CyClockStartupError
                0x0000099c        0x4 .\CortexM3\ARM_GCC_493\Debug\Fridge.a(cyfitter_cfg.o)
 .text.cfg_write_bytes32
                0x000009a0       0x34 .\CortexM3\ARM_GCC_493\Debug\Fridge.a(cyfitter_cfg.o)
 .text.AnalogSetDefault
                0x000009d4       0x58 .\CortexM3\ARM_GCC_493\Debug\Fridge.a(cyfitter_cfg.o)
 .text.CYMEMZERO
                0x00000a2c        0xc .\CortexM3\ARM_GCC_493\Debug\Fridge.a(cyfitter_cfg.o)
 .text.CYCONFIGCPY
                0x00000a38        0x8 .\CortexM3\ARM_GCC_493\Debug\Fridge.a(cyfitter_cfg.o)
 .text.ClockSetup
                0x00000a40      0x118 .\CortexM3\ARM_GCC_493\Debug\Fridge.a(cyfitter_cfg.o)
 .text.ADC_AMux_Set
                0x00000b58       0x1c .\CortexM3\ARM_GCC_493\Debug\Fridge.a(cyfitter_cfg.o)
                0x00000b58                ADC_AMux_Set
 .text.ADC_AMux_Unset
                0x00000b74       0x1c .\CortexM3\ARM_GCC_493\Debug\Fridge.a(cyfitter_cfg.o)
                0x00000b74                ADC_AMux_Unset
 .text.CapSense_AMuxCH0_Set
                0x00000b90       0x20 .\CortexM3\ARM_GCC_493\Debug\Fridge.a(cyfitter_cfg.o)
                0x00000b90                CapSense_AMuxCH0_Set
 .text.CapSense_AMuxCH0_Unset
                0x00000bb0       0x20 .\CortexM3\ARM_GCC_493\Debug\Fridge.a(cyfitter_cfg.o)
                0x00000bb0                CapSense_AMuxCH0_Unset
 .text.cyfitter_cfg
                0x00000bd0      0x150 .\CortexM3\ARM_GCC_493\Debug\Fridge.a(cyfitter_cfg.o)
                0x00000bd0                cyfitter_cfg
 .text.ADC_GainCompensation
                0x00000d20       0xcc .\CortexM3\ARM_GCC_493\Debug\Fridge.a(ADC.o)
 .text.ADC_SetDSMRef0Reg
                0x00000dec       0x4c .\CortexM3\ARM_GCC_493\Debug\Fridge.a(ADC.o)
 .text.ADC_InitConfig
                0x00000e38       0xe4 .\CortexM3\ARM_GCC_493\Debug\Fridge.a(ADC.o)
 .text.ADC_Init
                0x00000f1c       0xc4 .\CortexM3\ARM_GCC_493\Debug\Fridge.a(ADC.o)
                0x00000f1c                ADC_Init
 .text.ADC_Enable
                0x00000fe0       0xd8 .\CortexM3\ARM_GCC_493\Debug\Fridge.a(ADC.o)
                0x00000fe0                ADC_Enable
 .text.ADC_Start
                0x000010b8       0x28 .\CortexM3\ARM_GCC_493\Debug\Fridge.a(ADC.o)
                0x000010b8                ADC_Start
 .text.ADC_StartConvert
                0x000010e0       0x10 .\CortexM3\ARM_GCC_493\Debug\Fridge.a(ADC.o)
                0x000010e0                ADC_StartConvert
 .text.ADC_IsEndConversion
                0x000010f0       0x30 .\CortexM3\ARM_GCC_493\Debug\Fridge.a(ADC.o)
                0x000010f0                ADC_IsEndConversion
 .text.ADC_GetResult16
                0x00001120       0x50 .\CortexM3\ARM_GCC_493\Debug\Fridge.a(ADC.o)
                0x00001120                ADC_GetResult16
 .text.ADC_ISR1
                0x00001170        0x4 .\CortexM3\ARM_GCC_493\Debug\Fridge.a(ADC_INT.o)
                0x00001170                ADC_ISR1
 .text.CapSense_Enable
                0x00001174       0x68 .\CortexM3\ARM_GCC_493\Debug\Fridge.a(CapSense.o)
                0x00001174                CapSense_Enable
 .text.CapSense_FindNextSensor
                0x000011dc       0x20 .\CortexM3\ARM_GCC_493\Debug\Fridge.a(CapSense.o)
                0x000011dc                CapSense_FindNextSensor
 .text.CapSense_IsBusy
                0x000011fc       0x10 .\CortexM3\ARM_GCC_493\Debug\Fridge.a(CapSense.o)
                0x000011fc                CapSense_IsBusy
 .text.CapSense_EnableSensor
                0x0000120c       0x34 .\CortexM3\ARM_GCC_493\Debug\Fridge.a(CapSense.o)
                0x0000120c                CapSense_EnableSensor
 .text.CapSense_DisableSensor
                0x00001240       0x38 .\CortexM3\ARM_GCC_493\Debug\Fridge.a(CapSense.o)
                0x00001240                CapSense_DisableSensor
 .text.CapSense_ClearSensors
                0x00001278       0x18 .\CortexM3\ARM_GCC_493\Debug\Fridge.a(CapSense.o)
                0x00001278                CapSense_ClearSensors
 .text.CapSense_PostScan
                0x00001290       0x4c .\CortexM3\ARM_GCC_493\Debug\Fridge.a(CapSense.o)
                0x00001290                CapSense_PostScan
 .text.CapSense_SetPrescaler
                0x000012dc       0x10 .\CortexM3\ARM_GCC_493\Debug\Fridge.a(CapSense.o)
                0x000012dc                CapSense_SetPrescaler
 .text.CapSense_SetScanSlotSettings
                0x000012ec       0x34 .\CortexM3\ARM_GCC_493\Debug\Fridge.a(CapSense.o)
                0x000012ec                CapSense_SetScanSlotSettings
 .text.CapSense_PreScan
                0x00001320       0x34 .\CortexM3\ARM_GCC_493\Debug\Fridge.a(CapSense.o)
                0x00001320                CapSense_PreScan
 .text.CapSense_ScanSensor
                0x00001354       0x20 .\CortexM3\ARM_GCC_493\Debug\Fridge.a(CapSense.o)
                0x00001354                CapSense_ScanSensor
 .text.CapSense_ScanEnabledWidgets
                0x00001374       0x38 .\CortexM3\ARM_GCC_493\Debug\Fridge.a(CapSense.o)
                0x00001374                CapSense_ScanEnabledWidgets
 .text.CapSense_SetAnalogSwitchesSource
                0x000013ac       0x20 .\CortexM3\ARM_GCC_493\Debug\Fridge.a(CapSense.o)
                0x000013ac                CapSense_SetAnalogSwitchesSource
 .text.CapSense_Init
                0x000013cc       0xd0 .\CortexM3\ARM_GCC_493\Debug\Fridge.a(CapSense.o)
                0x000013cc                CapSense_Init
 .text.CapSense_Start
                0x0000149c       0x1c .\CortexM3\ARM_GCC_493\Debug\Fridge.a(CapSense.o)
                0x0000149c                CapSense_Start
 .text.CapSense_BaseInit
                0x000014b8       0x54 .\CortexM3\ARM_GCC_493\Debug\Fridge.a(CapSense_CSHL.o)
                0x000014b8                CapSense_BaseInit
 .text.CapSense_InitializeSensorBaseline
                0x0000150c       0x18 .\CortexM3\ARM_GCC_493\Debug\Fridge.a(CapSense_CSHL.o)
                0x0000150c                CapSense_InitializeSensorBaseline
 .text.CapSense_InitializeAllBaselines
                0x00001524       0x18 .\CortexM3\ARM_GCC_493\Debug\Fridge.a(CapSense_CSHL.o)
                0x00001524                CapSense_InitializeAllBaselines
 .text.CapSense_CheckIsSensorActive
                0x0000153c       0x9c .\CortexM3\ARM_GCC_493\Debug\Fridge.a(CapSense_CSHL.o)
                0x0000153c                CapSense_CheckIsSensorActive
 .text.CapSense_CheckIsWidgetActive
                0x000015d8       0x2c .\CortexM3\ARM_GCC_493\Debug\Fridge.a(CapSense_CSHL.o)
                0x000015d8                CapSense_CheckIsWidgetActive
 .text.CapSense_FindMaximum
                0x00001604       0x2c .\CortexM3\ARM_GCC_493\Debug\Fridge.a(CapSense_CSHL.o)
                0x00001604                CapSense_FindMaximum
 .text.CapSense_CalcCentroid
                0x00001630       0xb0 .\CortexM3\ARM_GCC_493\Debug\Fridge.a(CapSense_CSHL.o)
                0x00001630                CapSense_CalcCentroid
 .text.CapSense_GetCentroidPos
                0x000016e0       0x48 .\CortexM3\ARM_GCC_493\Debug\Fridge.a(CapSense_CSHL.o)
                0x000016e0                CapSense_GetCentroidPos
 .text.CapSense_IIR2Filter
                0x00001728        0x8 .\CortexM3\ARM_GCC_493\Debug\Fridge.a(CapSense_CSHL.o)
                0x00001728                CapSense_IIR2Filter
 .text.CapSense_UpdateSensorBaseline
                0x00001730       0xcc .\CortexM3\ARM_GCC_493\Debug\Fridge.a(CapSense_CSHL.o)
                0x00001730                CapSense_UpdateSensorBaseline
 .text.CapSense_UpdateEnabledBaselines
                0x000017fc       0x2c .\CortexM3\ARM_GCC_493\Debug\Fridge.a(CapSense_CSHL.o)
                0x000017fc                CapSense_UpdateEnabledBaselines
 .text.CapSense_IsrCH0_ISR
                0x00001828       0x50 .\CortexM3\ARM_GCC_493\Debug\Fridge.a(CapSense_INT.o)
                0x00001828                CapSense_IsrCH0_ISR
 .text.LCD_WrCntrlNib
                0x00001878       0x34 .\CortexM3\ARM_GCC_493\Debug\Fridge.a(LCD.o)
 .text.LCD_WrDatNib
                0x000018ac       0x44 .\CortexM3\ARM_GCC_493\Debug\Fridge.a(LCD.o)
 .text.LCD_IsReady
                0x000018f0       0xe4 .\CortexM3\ARM_GCC_493\Debug\Fridge.a(LCD.o)
                0x000018f0                LCD_IsReady
 .text.LCD_WriteData
                0x000019d4       0x18 .\CortexM3\ARM_GCC_493\Debug\Fridge.a(LCD.o)
                0x000019d4                LCD_WriteData
 .text.LCD_PrintString
                0x000019ec       0x1c .\CortexM3\ARM_GCC_493\Debug\Fridge.a(LCD.o)
                0x000019ec                LCD_PrintString
 .text.LCD_WriteControl
                0x00001a08       0x18 .\CortexM3\ARM_GCC_493\Debug\Fridge.a(LCD.o)
                0x00001a08                LCD_WriteControl
 .text.LCD_Init
                0x00001a20       0x6c .\CortexM3\ARM_GCC_493\Debug\Fridge.a(LCD.o)
                0x00001a20                LCD_Init
 .text.LCD_Enable
                0x00001a8c       0x14 .\CortexM3\ARM_GCC_493\Debug\Fridge.a(LCD.o)
                0x00001a8c                LCD_Enable
 .text.LCD_Start
                0x00001aa0       0x1c .\CortexM3\ARM_GCC_493\Debug\Fridge.a(LCD.o)
                0x00001aa0                LCD_Start
 .text.LCD_Position
                0x00001abc       0x3c .\CortexM3\ARM_GCC_493\Debug\Fridge.a(LCD.o)
                0x00001abc                LCD_Position
 .text.USBUART_1_Init
                0x00001af8      0x140 .\CortexM3\ARM_GCC_493\Debug\Fridge.a(USBUART_1.o)
                0x00001af8                USBUART_1_Init
 .text.USBUART_1_InitComponent
                0x00001c38       0xd0 .\CortexM3\ARM_GCC_493\Debug\Fridge.a(USBUART_1.o)
                0x00001c38                USBUART_1_InitComponent
 .text.USBUART_1_Start
                0x00001d08       0x24 .\CortexM3\ARM_GCC_493\Debug\Fridge.a(USBUART_1.o)
                0x00001d08                USBUART_1_Start
 .text.USBUART_1_ReInitComponent
                0x00001d2c       0x64 .\CortexM3\ARM_GCC_493\Debug\Fridge.a(USBUART_1.o)
                0x00001d2c                USBUART_1_ReInitComponent
 .text.USBUART_1_GetConfiguration
                0x00001d90        0xc .\CortexM3\ARM_GCC_493\Debug\Fridge.a(USBUART_1.o)
                0x00001d90                USBUART_1_GetConfiguration
 .text.USBUART_1_GetEPState
                0x00001d9c       0x14 .\CortexM3\ARM_GCC_493\Debug\Fridge.a(USBUART_1.o)
                0x00001d9c                USBUART_1_GetEPState
 .text.USBUART_1_GetEPCount
                0x00001db0       0x28 .\CortexM3\ARM_GCC_493\Debug\Fridge.a(USBUART_1.o)
                0x00001db0                USBUART_1_GetEPCount
 .text.USBUART_1_LoadInEP
                0x00001dd8       0x94 .\CortexM3\ARM_GCC_493\Debug\Fridge.a(USBUART_1.o)
                0x00001dd8                USBUART_1_LoadInEP
 .text.USBUART_1_EnableOutEP
                0x00001e6c       0x2c .\CortexM3\ARM_GCC_493\Debug\Fridge.a(USBUART_1.o)
                0x00001e6c                USBUART_1_EnableOutEP
 .text.USBUART_1_ReadOutEP
                0x00001e98       0x50 .\CortexM3\ARM_GCC_493\Debug\Fridge.a(USBUART_1.o)
                0x00001e98                USBUART_1_ReadOutEP
 .text.USBUART_1_StrLen
                0x00001ee8       0x14 .\CortexM3\ARM_GCC_493\Debug\Fridge.a(USBUART_1_cdc.o)
 .text.USBUART_1_GetInterfaceComPort
                0x00001efc       0x3c .\CortexM3\ARM_GCC_493\Debug\Fridge.a(USBUART_1_cdc.o)
                0x00001efc                USBUART_1_GetInterfaceComPort
 .text.USBUART_1_DispatchCDCClassRqst
                0x00001f38       0x98 .\CortexM3\ARM_GCC_493\Debug\Fridge.a(USBUART_1_cdc.o)
                0x00001f38                USBUART_1_DispatchCDCClassRqst
 .text.USBUART_1_CDC_Init
                0x00001fd0       0x98 .\CortexM3\ARM_GCC_493\Debug\Fridge.a(USBUART_1_cdc.o)
                0x00001fd0                USBUART_1_CDC_Init
 .text.USBUART_1_PutString
                0x00002068       0x9c .\CortexM3\ARM_GCC_493\Debug\Fridge.a(USBUART_1_cdc.o)
                0x00002068                USBUART_1_PutString
 .text.USBUART_1_DataIsReady
                0x00002104       0x18 .\CortexM3\ARM_GCC_493\Debug\Fridge.a(USBUART_1_cdc.o)
                0x00002104                USBUART_1_DataIsReady
 .text.USBUART_1_CDCIsReady
                0x0000211c       0x18 .\CortexM3\ARM_GCC_493\Debug\Fridge.a(USBUART_1_cdc.o)
                0x0000211c                USBUART_1_CDCIsReady
 .text.USBUART_1_GetAll
                0x00002134       0x30 .\CortexM3\ARM_GCC_493\Debug\Fridge.a(USBUART_1_cdc.o)
                0x00002134                USBUART_1_GetAll
 .text.USBUART_1_Cdc_EpInit
                0x00002164       0x50 .\CortexM3\ARM_GCC_493\Debug\Fridge.a(USBUART_1_cdc.o)
                0x00002164                USBUART_1_Cdc_EpInit
 .text.USBUART_1_LoadEP0
                0x000021b4       0x94 .\CortexM3\ARM_GCC_493\Debug\Fridge.a(USBUART_1_drv.o)
                0x000021b4                USBUART_1_LoadEP0
 .text.USBUART_1_InitZeroLengthControlTransfer
                0x00002248       0x34 .\CortexM3\ARM_GCC_493\Debug\Fridge.a(USBUART_1_drv.o)
                0x00002248                USBUART_1_InitZeroLengthControlTransfer
 .text.USBUART_1_ControlReadDataStage
                0x0000227c        0x8 .\CortexM3\ARM_GCC_493\Debug\Fridge.a(USBUART_1_drv.o)
                0x0000227c                USBUART_1_ControlReadDataStage
 .text.USBUART_1_ControlWriteDataStage
                0x00002284       0x80 .\CortexM3\ARM_GCC_493\Debug\Fridge.a(USBUART_1_drv.o)
                0x00002284                USBUART_1_ControlWriteDataStage
 .text.USBUART_1_InitNoDataControlTransfer
                0x00002304       0x2c .\CortexM3\ARM_GCC_493\Debug\Fridge.a(USBUART_1_drv.o)
                0x00002304                USBUART_1_InitNoDataControlTransfer
 .text.USBUART_1_UpdateStatusBlock
                0x00002330       0x24 .\CortexM3\ARM_GCC_493\Debug\Fridge.a(USBUART_1_drv.o)
                0x00002330                USBUART_1_UpdateStatusBlock
 .text.USBUART_1_HandleSetup
                0x00002354       0x5c .\CortexM3\ARM_GCC_493\Debug\Fridge.a(USBUART_1_drv.o)
                0x00002354                USBUART_1_HandleSetup
 .text.USBUART_1_ControlReadStatusStage
                0x000023b0       0x34 .\CortexM3\ARM_GCC_493\Debug\Fridge.a(USBUART_1_drv.o)
                0x000023b0                USBUART_1_ControlReadStatusStage
 .text.USBUART_1_HandleOUT
                0x000023e4       0x38 .\CortexM3\ARM_GCC_493\Debug\Fridge.a(USBUART_1_drv.o)
                0x000023e4                USBUART_1_HandleOUT
 .text.USBUART_1_ControlWriteStatusStage
                0x0000241c       0x20 .\CortexM3\ARM_GCC_493\Debug\Fridge.a(USBUART_1_drv.o)
                0x0000241c                USBUART_1_ControlWriteStatusStage
 .text.USBUART_1_NoDataControlStatusStage
                0x0000243c       0x40 .\CortexM3\ARM_GCC_493\Debug\Fridge.a(USBUART_1_drv.o)
                0x0000243c                USBUART_1_NoDataControlStatusStage
 .text.USBUART_1_HandleIN
                0x0000247c       0x2c .\CortexM3\ARM_GCC_493\Debug\Fridge.a(USBUART_1_drv.o)
                0x0000247c                USBUART_1_HandleIN
 .text.USBUART_1_EP_0_ISR
                0x000024a8       0xb8 .\CortexM3\ARM_GCC_493\Debug\Fridge.a(USBUART_1_drv.o)
                0x000024a8                USBUART_1_EP_0_ISR
 .text.USBUART_1_InitializeStatusBlock
                0x00002560       0x24 .\CortexM3\ARM_GCC_493\Debug\Fridge.a(USBUART_1_drv.o)
                0x00002560                USBUART_1_InitializeStatusBlock
 .text.USBUART_1_InitControlRead
                0x00002584       0x50 .\CortexM3\ARM_GCC_493\Debug\Fridge.a(USBUART_1_drv.o)
                0x00002584                USBUART_1_InitControlRead
 .text.USBUART_1_InitControlWrite
                0x000025d4       0x48 .\CortexM3\ARM_GCC_493\Debug\Fridge.a(USBUART_1_drv.o)
                0x000025d4                USBUART_1_InitControlWrite
 .text.USBUART_1_EP_1_ISR
                0x0000261c       0x38 .\CortexM3\ARM_GCC_493\Debug\Fridge.a(USBUART_1_episr.o)
                0x0000261c                USBUART_1_EP_1_ISR
 .text.USBUART_1_EP_2_ISR
                0x00002654       0x3c .\CortexM3\ARM_GCC_493\Debug\Fridge.a(USBUART_1_episr.o)
                0x00002654                USBUART_1_EP_2_ISR
 .text.USBUART_1_EP_3_ISR
                0x00002690       0x44 .\CortexM3\ARM_GCC_493\Debug\Fridge.a(USBUART_1_episr.o)
                0x00002690                USBUART_1_EP_3_ISR
 .text.USBUART_1_SOF_ISR
                0x000026d4        0x4 .\CortexM3\ARM_GCC_493\Debug\Fridge.a(USBUART_1_episr.o)
                0x000026d4                USBUART_1_SOF_ISR
 .text.USBUART_1_BUS_RESET_ISR
                0x000026d8        0x8 .\CortexM3\ARM_GCC_493\Debug\Fridge.a(USBUART_1_episr.o)
                0x000026d8                USBUART_1_BUS_RESET_ISR
 .text.USBUART_1_FindHidClassDecriptor
                0x000026e0       0x40 .\CortexM3\ARM_GCC_493\Debug\Fridge.a(USBUART_1_hid.o)
                0x000026e0                USBUART_1_FindHidClassDecriptor
 .text.USBUART_1_FindReportDescriptor
                0x00002720       0x48 .\CortexM3\ARM_GCC_493\Debug\Fridge.a(USBUART_1_hid.o)
                0x00002720                USBUART_1_FindReportDescriptor
 .text.USBUART_1_FindReport
                0x00002768       0x7c .\CortexM3\ARM_GCC_493\Debug\Fridge.a(USBUART_1_hid.o)
                0x00002768                USBUART_1_FindReport
 .text.USBUART_1_DispatchHIDClassRqst
                0x000027e4      0x184 .\CortexM3\ARM_GCC_493\Debug\Fridge.a(USBUART_1_hid.o)
                0x000027e4                USBUART_1_DispatchHIDClassRqst
 .text.USBUART_1_DP_ISR
                0x00002968        0x8 .\CortexM3\ARM_GCC_493\Debug\Fridge.a(USBUART_1_pm.o)
                0x00002968                USBUART_1_DP_ISR
 .text.USBUART_1_ReadDieID
                0x00002970       0x6c .\CortexM3\ARM_GCC_493\Debug\Fridge.a(USBUART_1_std.o)
                0x00002970                USBUART_1_ReadDieID
 .text.USBUART_1_ConfigReg
                0x000029dc       0xa4 .\CortexM3\ARM_GCC_493\Debug\Fridge.a(USBUART_1_std.o)
                0x000029dc                USBUART_1_ConfigReg
 .text.USBUART_1_GetConfigTablePtr
                0x00002a80       0x28 .\CortexM3\ARM_GCC_493\Debug\Fridge.a(USBUART_1_std.o)
                0x00002a80                USBUART_1_GetConfigTablePtr
 .text.USBUART_1_ConfigAltChanged
                0x00002aa8      0x11c .\CortexM3\ARM_GCC_493\Debug\Fridge.a(USBUART_1_std.o)
                0x00002aa8                USBUART_1_ConfigAltChanged
 .text.USBUART_1_GetDeviceTablePtr
                0x00002bc4       0x18 .\CortexM3\ARM_GCC_493\Debug\Fridge.a(USBUART_1_std.o)
                0x00002bc4                USBUART_1_GetDeviceTablePtr
 .text.USBUART_1_GetInterfaceClassTablePtr
                0x00002bdc       0x24 .\CortexM3\ARM_GCC_493\Debug\Fridge.a(USBUART_1_std.o)
                0x00002bdc                USBUART_1_GetInterfaceClassTablePtr
 .text.USBUART_1_Config
                0x00002c00      0x1dc .\CortexM3\ARM_GCC_493\Debug\Fridge.a(USBUART_1_std.o)
                0x00002c00                USBUART_1_Config
 .text.USBUART_1_SetEndpointHalt
                0x00002ddc       0x64 .\CortexM3\ARM_GCC_493\Debug\Fridge.a(USBUART_1_std.o)
                0x00002ddc                USBUART_1_SetEndpointHalt
 .text.USBUART_1_ClearEndpointHalt
                0x00002e40       0xa8 .\CortexM3\ARM_GCC_493\Debug\Fridge.a(USBUART_1_std.o)
                0x00002e40                USBUART_1_ClearEndpointHalt
 .text.USBUART_1_ValidateAlternateSetting
                0x00002ee8       0x4c .\CortexM3\ARM_GCC_493\Debug\Fridge.a(USBUART_1_std.o)
                0x00002ee8                USBUART_1_ValidateAlternateSetting
 .text.USBUART_1_HandleStandardRqst
                0x00002f34      0x35c .\CortexM3\ARM_GCC_493\Debug\Fridge.a(USBUART_1_std.o)
                0x00002f34                USBUART_1_HandleStandardRqst
 .text.USBUART_1_HandleVendorRqst
                0x00003290       0x3c .\CortexM3\ARM_GCC_493\Debug\Fridge.a(USBUART_1_vnd.o)
                0x00003290                USBUART_1_HandleVendorRqst
 .text.PWM_1_Enable
                0x000032cc       0x10 .\CortexM3\ARM_GCC_493\Debug\Fridge.a(PWM_1.o)
                0x000032cc                PWM_1_Enable
 .text.PWM_1_WriteCounter
                0x000032dc        0xc .\CortexM3\ARM_GCC_493\Debug\Fridge.a(PWM_1.o)
                0x000032dc                PWM_1_WriteCounter
 .text.PWM_1_WritePeriod
                0x000032e8        0xc .\CortexM3\ARM_GCC_493\Debug\Fridge.a(PWM_1.o)
                0x000032e8                PWM_1_WritePeriod
 .text.PWM_1_WriteCompare1
                0x000032f4        0xc .\CortexM3\ARM_GCC_493\Debug\Fridge.a(PWM_1.o)
                0x000032f4                PWM_1_WriteCompare1
 .text.PWM_1_WriteCompare2
                0x00003300        0xc .\CortexM3\ARM_GCC_493\Debug\Fridge.a(PWM_1.o)
                0x00003300                PWM_1_WriteCompare2
 .text.PWM_1_Init
                0x0000330c       0x48 .\CortexM3\ARM_GCC_493\Debug\Fridge.a(PWM_1.o)
                0x0000330c                PWM_1_Init
 .text.PWM_1_Start
                0x00003354       0x1c .\CortexM3\ARM_GCC_493\Debug\Fridge.a(PWM_1.o)
                0x00003354                PWM_1_Start
 .text.ADC_AMux_Start
                0x00003370       0x20 .\CortexM3\ARM_GCC_493\Debug\Fridge.a(ADC_AMux.o)
                0x00003370                ADC_AMux_Start
 .text.ADC_AMux_Select
                0x00003390       0x18 .\CortexM3\ARM_GCC_493\Debug\Fridge.a(ADC_AMux.o)
                0x00003390                ADC_AMux_Select
 .text.ADC_Ext_CP_Clk_GetDividerRegister
                0x000033a8        0xc .\CortexM3\ARM_GCC_493\Debug\Fridge.a(ADC_Ext_CP_Clk.o)
                0x000033a8                ADC_Ext_CP_Clk_GetDividerRegister
 .text.ADC_Ext_CP_Clk_SetModeRegister
                0x000033b4       0x14 .\CortexM3\ARM_GCC_493\Debug\Fridge.a(ADC_Ext_CP_Clk.o)
                0x000033b4                ADC_Ext_CP_Clk_SetModeRegister
 .text.ADC_Ext_CP_Clk_GetSourceRegister
                0x000033c8       0x10 .\CortexM3\ARM_GCC_493\Debug\Fridge.a(ADC_Ext_CP_Clk.o)
                0x000033c8                ADC_Ext_CP_Clk_GetSourceRegister
 .text.ADC_Ext_CP_Clk_SetDividerRegister
                0x000033d8       0xd8 .\CortexM3\ARM_GCC_493\Debug\Fridge.a(ADC_Ext_CP_Clk.o)
                0x000033d8                ADC_Ext_CP_Clk_SetDividerRegister
 .text.ADC_theACLK_GetDividerRegister
                0x000034b0        0xc .\CortexM3\ARM_GCC_493\Debug\Fridge.a(ADC_theACLK.o)
                0x000034b0                ADC_theACLK_GetDividerRegister
 .text.ADC_theACLK_SetModeRegister
                0x000034bc       0x14 .\CortexM3\ARM_GCC_493\Debug\Fridge.a(ADC_theACLK.o)
                0x000034bc                ADC_theACLK_SetModeRegister
 .text.ADC_theACLK_GetSourceRegister
                0x000034d0       0x10 .\CortexM3\ARM_GCC_493\Debug\Fridge.a(ADC_theACLK.o)
                0x000034d0                ADC_theACLK_GetSourceRegister
 .text.ADC_theACLK_SetDividerRegister
                0x000034e0       0xd8 .\CortexM3\ARM_GCC_493\Debug\Fridge.a(ADC_theACLK.o)
                0x000034e0                ADC_theACLK_SetDividerRegister
 .text.CapSense_CompCH0_Enable
                0x000035b8       0x1c .\CortexM3\ARM_GCC_493\Debug\Fridge.a(CapSense_CompCH0.o)
                0x000035b8                CapSense_CompCH0_Enable
 .text.CapSense_CompCH0_SetSpeed
                0x000035d4       0x58 .\CortexM3\ARM_GCC_493\Debug\Fridge.a(CapSense_CompCH0.o)
                0x000035d4                CapSense_CompCH0_SetSpeed
 .text.CapSense_CompCH0_Init
                0x0000362c       0x3c .\CortexM3\ARM_GCC_493\Debug\Fridge.a(CapSense_CompCH0.o)
                0x0000362c                CapSense_CompCH0_Init
 .text.CapSense_IdacCH0_Enable
                0x00003668       0x1c .\CortexM3\ARM_GCC_493\Debug\Fridge.a(CapSense_IdacCH0.o)
                0x00003668                CapSense_IdacCH0_Enable
 .text.CapSense_IdacCH0_SetSpeed
                0x00003684       0x1c .\CortexM3\ARM_GCC_493\Debug\Fridge.a(CapSense_IdacCH0.o)
                0x00003684                CapSense_IdacCH0_SetSpeed
 .text.CapSense_IdacCH0_SetValue
                0x000036a0        0xc .\CortexM3\ARM_GCC_493\Debug\Fridge.a(CapSense_IdacCH0.o)
                0x000036a0                CapSense_IdacCH0_SetValue
 .text.CapSense_IdacCH0_DacTrim
                0x000036ac       0x34 .\CortexM3\ARM_GCC_493\Debug\Fridge.a(CapSense_IdacCH0.o)
                0x000036ac                CapSense_IdacCH0_DacTrim
 .text.CapSense_IdacCH0_Init
                0x000036e0       0x2c .\CortexM3\ARM_GCC_493\Debug\Fridge.a(CapSense_IdacCH0.o)
                0x000036e0                CapSense_IdacCH0_Init
 .text.CapSense_IdacCH0_SetPolarity
                0x0000370c       0x20 .\CortexM3\ARM_GCC_493\Debug\Fridge.a(CapSense_IdacCH0.o)
                0x0000370c                CapSense_IdacCH0_SetPolarity
 .text.CapSense_IdacCH0_SetRange
                0x0000372c       0x20 .\CortexM3\ARM_GCC_493\Debug\Fridge.a(CapSense_IdacCH0.o)
                0x0000372c                CapSense_IdacCH0_SetRange
 .text.CapSense_AMuxCH0_DisconnectAll
                0x0000374c       0x18 .\CortexM3\ARM_GCC_493\Debug\Fridge.a(CapSense_AMuxCH0.o)
                0x0000374c                CapSense_AMuxCH0_DisconnectAll
 .text.CapSense_AMuxCH0_Init
                0x00003764        0x8 .\CortexM3\ARM_GCC_493\Debug\Fridge.a(CapSense_AMuxCH0.o)
                0x00003764                CapSense_AMuxCH0_Init
 .text.CapSense_IntClock_Start
                0x0000376c       0x1c .\CortexM3\ARM_GCC_493\Debug\Fridge.a(CapSense_IntClock.o)
                0x0000376c                CapSense_IntClock_Start
 .text.USBUART_1_Dp_ClearInterrupt
                0x00003788       0x10 .\CortexM3\ARM_GCC_493\Debug\Fridge.a(USBUART_1_Dp.o)
                0x00003788                USBUART_1_Dp_ClearInterrupt
 .text          0x00003798       0x20 .\CortexM3\ARM_GCC_493\Debug\Fridge.a(CyBootAsmGnu.o)
                0x00003798                CyDelayCycles
                0x000037a8                CyEnterCriticalSection
                0x000037b0                CyExitCriticalSection
 .text.CyHalt   0x000037b8        0x4 .\CortexM3\ARM_GCC_493\Debug\Fridge.a(CyLib.o)
                0x000037b8                CyHalt
 .text.CyDelay  0x000037bc       0x2c .\CortexM3\ARM_GCC_493\Debug\Fridge.a(CyLib.o)
                0x000037bc                CyDelay
 .text.CyDelayUs
                0x000037e8       0x14 .\CortexM3\ARM_GCC_493\Debug\Fridge.a(CyLib.o)
                0x000037e8                CyDelayUs
 .text.CyIntSetVector
                0x000037fc       0x28 .\CortexM3\ARM_GCC_493\Debug\Fridge.a(CyLib.o)
                0x000037fc                CyIntSetVector
 .text.CyIntSetPriority
                0x00003824       0x30 .\CortexM3\ARM_GCC_493\Debug\Fridge.a(CyLib.o)
                0x00003824                CyIntSetPriority
 .text.CyGetUniqueId
                0x00003854       0x70 .\CortexM3\ARM_GCC_493\Debug\Fridge.a(CyLib.o)
                0x00003854                CyGetUniqueId
 .text.UART_Init
                0x000038c4       0x28 .\CortexM3\ARM_GCC_493\Debug\Fridge.a(UART.o)
                0x000038c4                UART_Init
 .text.UART_Enable
                0x000038ec       0x30 .\CortexM3\ARM_GCC_493\Debug\Fridge.a(UART.o)
                0x000038ec                UART_Enable
 .text.UART_Start
                0x0000391c       0x1c .\CortexM3\ARM_GCC_493\Debug\Fridge.a(UART.o)
                0x0000391c                UART_Start
 .text.UART_GetChar
                0x00003938       0x2c .\CortexM3\ARM_GCC_493\Debug\Fridge.a(UART.o)
                0x00003938                UART_GetChar
 .text.UART_ClearRxBuffer
                0x00003964       0x24 .\CortexM3\ARM_GCC_493\Debug\Fridge.a(UART.o)
                0x00003964                UART_ClearRxBuffer
 .text.UART_PutChar
                0x00003988       0x18 .\CortexM3\ARM_GCC_493\Debug\Fridge.a(UART.o)
                0x00003988                UART_PutChar
 .text.UART_PutString
                0x000039a0       0x24 .\CortexM3\ARM_GCC_493\Debug\Fridge.a(UART.o)
                0x000039a0                UART_PutString
 .text.UART_ClearTxBuffer
                0x000039c4       0x24 .\CortexM3\ARM_GCC_493\Debug\Fridge.a(UART.o)
                0x000039c4                UART_ClearTxBuffer
 .text.UART_Blue_Init
                0x000039e8       0x24 .\CortexM3\ARM_GCC_493\Debug\Fridge.a(UART_Blue.o)
                0x000039e8                UART_Blue_Init
 .text.UART_Blue_Enable
                0x00003a0c       0x30 .\CortexM3\ARM_GCC_493\Debug\Fridge.a(UART_Blue.o)
                0x00003a0c                UART_Blue_Enable
 .text.UART_Blue_Start
                0x00003a3c       0x1c .\CortexM3\ARM_GCC_493\Debug\Fridge.a(UART_Blue.o)
                0x00003a3c                UART_Blue_Start
 .text.UART_Blue_GetChar
                0x00003a58       0x2c .\CortexM3\ARM_GCC_493\Debug\Fridge.a(UART_Blue.o)
                0x00003a58                UART_Blue_GetChar
 .text.UART_Blue_PutChar
                0x00003a84       0x18 .\CortexM3\ARM_GCC_493\Debug\Fridge.a(UART_Blue.o)
                0x00003a84                UART_Blue_PutChar
 .text.UART_Blue_PutString
                0x00003a9c       0x24 .\CortexM3\ARM_GCC_493\Debug\Fridge.a(UART_Blue.o)
                0x00003a9c                UART_Blue_PutString
 .text.USBUART_1_DispatchClassRqst
                0x00003ac0       0x60 .\CortexM3\ARM_GCC_493\Debug\Fridge.a(USBUART_1_cls.o)
                0x00003ac0                USBUART_1_DispatchClassRqst
 .text          0x00003b20      0x370 c:/program files (x86)/cypress/psoc creator/3.3/psoc creator/import/gnu/arm/4.9.3/bin/../lib/gcc/arm-none-eabi/4.9.3/armv7-m\libgcc.a(_arm_addsubdf3.o)
                0x00003b20                __aeabi_drsub
                0x00003b28                __aeabi_dsub
                0x00003b28                __subdf3
                0x00003b2c                __aeabi_dadd
                0x00003b2c                __adddf3
                0x00003da4                __floatunsidf
                0x00003da4                __aeabi_ui2d
                0x00003dc4                __floatsidf
                0x00003dc4                __aeabi_i2d
                0x00003de8                __aeabi_f2d
                0x00003de8                __extendsfdf2
                0x00003e24                __floatundidf
                0x00003e24                __aeabi_ul2d
                0x00003e34                __floatdidf
                0x00003e34                __aeabi_l2d
 .text          0x00003e90      0x424 c:/program files (x86)/cypress/psoc creator/3.3/psoc creator/import/gnu/arm/4.9.3/bin/../lib/gcc/arm-none-eabi/4.9.3/armv7-m\libgcc.a(_arm_muldivdf3.o)
                0x00003e90                __aeabi_dmul
                0x00003e90                __muldf3
                0x000040e4                __divdf3
                0x000040e4                __aeabi_ddiv
 .text          0x000042b4      0x110 c:/program files (x86)/cypress/psoc creator/3.3/psoc creator/import/gnu/arm/4.9.3/bin/../lib/gcc/arm-none-eabi/4.9.3/armv7-m\libgcc.a(_arm_cmpdf2.o)
                0x000042b4                __gtdf2
                0x000042b4                __gedf2
                0x000042bc                __ltdf2
                0x000042bc                __ledf2
                0x000042c4                __nedf2
                0x000042c4                __eqdf2
                0x000042c4                __cmpdf2
                0x00004340                __aeabi_cdrcmple
                0x00004350                __aeabi_cdcmpeq
                0x00004350                __aeabi_cdcmple
                0x00004360                __aeabi_dcmpeq
                0x00004374                __aeabi_dcmplt
                0x00004388                __aeabi_dcmple
                0x0000439c                __aeabi_dcmpge
                0x000043b0                __aeabi_dcmpgt
 .text          0x000043c4       0x40 c:/program files (x86)/cypress/psoc creator/3.3/psoc creator/import/gnu/arm/4.9.3/bin/../lib/gcc/arm-none-eabi/4.9.3/armv7-m\libgcc.a(_arm_fixunsdfsi.o)
                0x000043c4                __aeabi_d2uiz
                0x000043c4                __fixunsdfsi
 .text          0x00004404       0xa0 c:/program files (x86)/cypress/psoc creator/3.3/psoc creator/import/gnu/arm/4.9.3/bin/../lib/gcc/arm-none-eabi/4.9.3/armv7-m\libgcc.a(_arm_truncdfsf2.o)
                0x00004404                __truncdfsf2
                0x00004404                __aeabi_d2f
 .text          0x000044a4      0x21c c:/program files (x86)/cypress/psoc creator/3.3/psoc creator/import/gnu/arm/4.9.3/bin/../lib/gcc/arm-none-eabi/4.9.3/armv7-m\libgcc.a(_arm_addsubsf3.o)
                0x000044a4                __aeabi_frsub
                0x000044ac                __subsf3
                0x000044ac                __aeabi_fsub
                0x000044b0                __aeabi_fadd
                0x000044b0                __addsf3
                0x00004610                __aeabi_ui2f
                0x00004610                __floatunsisf
                0x00004618                __aeabi_i2f
                0x00004618                __floatsisf
                0x00004634                __aeabi_ul2f
                0x00004634                __floatundisf
                0x00004644                __aeabi_l2f
                0x00004644                __floatdisf
 .text          0x000046c0      0x2a0 c:/program files (x86)/cypress/psoc creator/3.3/psoc creator/import/gnu/arm/4.9.3/bin/../lib/gcc/arm-none-eabi/4.9.3/armv7-m\libgcc.a(_arm_muldivsf3.o)
                0x000046c0                __mulsf3
                0x000046c0                __aeabi_fmul
                0x00004828                __aeabi_fdiv
                0x00004828                __divsf3
 .text          0x00004960       0xec c:/program files (x86)/cypress/psoc creator/3.3/psoc creator/import/gnu/arm/4.9.3/bin/../lib/gcc/arm-none-eabi/4.9.3/armv7-m\libgcc.a(_arm_cmpsf2.o)
                0x00004960                __gesf2
                0x00004960                __gtsf2
                0x00004968                __lesf2
                0x00004968                __ltsf2
                0x00004970                __nesf2
                0x00004970                __eqsf2
                0x00004970                __cmpsf2
                0x000049d0                __aeabi_cfrcmple
                0x000049d8                __aeabi_cfcmpeq
                0x000049d8                __aeabi_cfcmple
                0x000049e8                __aeabi_fcmpeq
                0x000049fc                __aeabi_fcmplt
                0x00004a10                __aeabi_fcmple
                0x00004a24                __aeabi_fcmpge
                0x00004a38                __aeabi_fcmpgt
 .text          0x00004a4c       0x40 c:/program files (x86)/cypress/psoc creator/3.3/psoc creator/import/gnu/arm/4.9.3/bin/../lib/gcc/arm-none-eabi/4.9.3/armv7-m\libgcc.a(_arm_fixunssfsi.o)
                0x00004a4c                __fixunssfsi
                0x00004a4c                __aeabi_f2uiz
 .text.__libc_init_array
                0x00004a8c       0x4c c:/program files (x86)/cypress/psoc creator/3.3/psoc creator/import/gnu/arm/4.9.3/bin/../lib/gcc/arm-none-eabi/4.9.3/../../../../arm-none-eabi/lib/armv7-m\libg_nano.a(lib_a-init.o)
                0x00004a8c                __libc_init_array
 .text.memcpy   0x00004ad8       0x16 c:/program files (x86)/cypress/psoc creator/3.3/psoc creator/import/gnu/arm/4.9.3/bin/../lib/gcc/arm-none-eabi/4.9.3/../../../../arm-none-eabi/lib/armv7-m\libg_nano.a(lib_a-memcpy.o)
                0x00004ad8                memcpy
 .text.memset   0x00004aee       0x10 c:/program files (x86)/cypress/psoc creator/3.3/psoc creator/import/gnu/arm/4.9.3/bin/../lib/gcc/arm-none-eabi/4.9.3/../../../../arm-none-eabi/lib/armv7-m\libg_nano.a(lib_a-memset.o)
                0x00004aee                memset
 *(.plt)
 *(.gnu.warning)
 *(.glue_7t)
 .glue_7t       0x00000000        0x0 linker stubs
 *(.glue_7)
 .glue_7        0x00000000        0x0 linker stubs
 *(.vfp11_veneer)
 .vfp11_veneer  0x00000000        0x0 linker stubs
 *(.bootloader)
 *(.ARM.extab* .gnu.linkonce.armextab.*)
 *(.gcc_except_table)

.v4_bx          0x00004b00        0x0
 .v4_bx         0x00000000        0x0 linker stubs

.iplt           0x00004b00        0x0
 .iplt          0x00000000        0x0 c:/program files (x86)/cypress/psoc creator/3.3/psoc creator/import/gnu/arm/4.9.3/bin/../lib/gcc/arm-none-eabi/4.9.3/armv7-m/crtbegin.o

.eh_frame_hdr
 *(.eh_frame_hdr)

.eh_frame       0x00004b00        0x4
 *(.eh_frame)
 .eh_frame      0x00004b00        0x0 c:/program files (x86)/cypress/psoc creator/3.3/psoc creator/import/gnu/arm/4.9.3/bin/../lib/gcc/arm-none-eabi/4.9.3/armv7-m/crtbegin.o
 .eh_frame      0x00004b00        0x0 c:/program files (x86)/cypress/psoc creator/3.3/psoc creator/import/gnu/arm/4.9.3/bin/../lib/gcc/arm-none-eabi/4.9.3/../../../../arm-none-eabi/lib/armv7-m\libg_nano.a(lib_a-strcmp.o)
                                 0x28 (size before relaxing)
 .eh_frame      0x00004b00        0x4 c:/program files (x86)/cypress/psoc creator/3.3/psoc creator/import/gnu/arm/4.9.3/bin/../lib/gcc/arm-none-eabi/4.9.3/armv7-m/crtend.o
                0x00004b04                PROVIDE (__exidx_start, .)

.ARM.exidx
 *(.ARM.exidx* .gnu.linkonce.armexidx.*)
                0x00004b04                __exidx_end = .

.rodata         0x00004b04      0x43c
 *(.rodata .rodata.* .gnu.linkonce.r.*)
 .rodata        0x00004b04       0x18 .\CortexM3\ARM_GCC_493\Debug\main.o
 .rodata.str1.4
                0x00004b1c      0x11e .\CortexM3\ARM_GCC_493\Debug\main.o
                                0x120 (size before relaxing)
 *fill*         0x00004c3a        0x2 
 .rodata        0x00004c3c       0x84 .\CortexM3\ARM_GCC_493\Debug\Fridge.a(cyfitter_cfg.o)
                0x00004c3c                ADC_AMux__addrTable
                0x00004c44                ADC_AMux__maskTable
                0x00004c48                CapSense_AMuxCH0__addrTable
                0x00004c70                CapSense_AMuxCH0__maskTable
 .rodata        0x00004cc0       0x54 .\CortexM3\ARM_GCC_493\Debug\Fridge.a(CapSense.o)
                0x00004cc0                CapSense_portTable
                0x00004cc8                CapSense_maskTable
                0x00004cd0                CapSense_pcTable
                0x00004cec                CapSense_csTable
                0x00004d0c                CapSense_widgetNumber
 .rodata        0x00004d14        0xc .\CortexM3\ARM_GCC_493\Debug\Fridge.a(CapSense_CSHL.o)
                0x00004d14                CapSense_rawDataIndex
                0x00004d18                CapSense_numberOfSensors
                0x00004d1c                CapSense_centroidMult
 .rodata.str1.4
                0x00004d20       0x14 .\CortexM3\ARM_GCC_493\Debug\Fridge.a(USBUART_1_std.o)
 .rodata        0x00004d34      0x1d4 .\CortexM3\ARM_GCC_493\Debug\Fridge.a(USBUART_1_descr.o)
                0x00004d34                USBUART_1_MSOS_CONFIGURATION_DESCR
                0x00004d5c                USBUART_1_MSOS_DESCRIPTOR
                0x00004d70                USBUART_1_TABLE
                0x00004d78                USBUART_1_DEVICE0_TABLE
                0x00004d90                USBUART_1_DEVICE0_CONFIGURATION0_TABLE
                0x00004db8                USBUART_1_DEVICE0_CONFIGURATION0_INTERFACE_CLASS
                0x00004dbc                USBUART_1_DEVICE0_CONFIGURATION0_EP_SETTINGS_TABLE
                0x00004dd4                USBUART_1_HIDREPORT_DESCRIPTOR1
                0x00004e0c                USBUART_1_SN_STRING_DESCRIPTOR
                0x00004e10                USBUART_1_STRING_DESCRIPTORS
                0x00004eb0                USBUART_1_DEVICE0_CONFIGURATION0_DESCR
                0x00004ef4                USBUART_1_DEVICE0_DESCR
                0x00004f08                . = ALIGN (0x4)
 *(.init)
 .init          0x00004f08        0x4 c:/program files (x86)/cypress/psoc creator/3.3/psoc creator/import/gnu/arm/4.9.3/bin/../lib/gcc/arm-none-eabi/4.9.3/armv7-m/crti.o
                0x00004f08                _init
 .init          0x00004f0c        0x8 c:/program files (x86)/cypress/psoc creator/3.3/psoc creator/import/gnu/arm/4.9.3/bin/../lib/gcc/arm-none-eabi/4.9.3/armv7-m/crtn.o
                0x00004f14                . = ALIGN (0x4)
                0x00004f14                __preinit_array_start = .
 *(.preinit_array)
                0x00004f14                __preinit_array_end = .
                0x00004f14                . = ALIGN (0x4)
                0x00004f14                __init_array_start = .
 *(SORT(.init_array.*))
 *(.init_array)
 .init_array    0x00004f14        0x4 c:/program files (x86)/cypress/psoc creator/3.3/psoc creator/import/gnu/arm/4.9.3/bin/../lib/gcc/arm-none-eabi/4.9.3/armv7-m/crtbegin.o
 .init_array    0x00004f18        0x4 .\CortexM3\ARM_GCC_493\Debug\Cm3Start.o
                0x00004f1c                __init_array_end = .
                0x00004f1c                . = ALIGN (0x4)
 *(.fini)
 .fini          0x00004f1c        0x4 c:/program files (x86)/cypress/psoc creator/3.3/psoc creator/import/gnu/arm/4.9.3/bin/../lib/gcc/arm-none-eabi/4.9.3/armv7-m/crti.o
                0x00004f1c                _fini
 .fini          0x00004f20        0x8 c:/program files (x86)/cypress/psoc creator/3.3/psoc creator/import/gnu/arm/4.9.3/bin/../lib/gcc/arm-none-eabi/4.9.3/armv7-m/crtn.o
                0x00004f28                . = ALIGN (0x4)
                0x00004f28                __fini_array_start = .
 *(.fini_array)
 .fini_array    0x00004f28        0x4 c:/program files (x86)/cypress/psoc creator/3.3/psoc creator/import/gnu/arm/4.9.3/bin/../lib/gcc/arm-none-eabi/4.9.3/armv7-m/crtbegin.o
 *(SORT(.fini_array.*))
                0x00004f2c                __fini_array_end = .
                0x00004f2c                . = ALIGN (0x4)
 *crtbegin.o(.ctors)
 *(EXCLUDE_FILE(*crtend.o) .ctors)
 *(SORT(.ctors.*))
 *crtend.o(.ctors)
                0x00004f2c                . = ALIGN (0x4)
 *crtbegin.o(.dtors)
 *(EXCLUDE_FILE(*crtend.o) .dtors)
 *(SORT(.dtors.*))
 *crtend.o(.dtors)
                0x00004f2c                . = ALIGN (0x4)
                0x00004f2c                __cy_regions = .
                0x00004f2c        0x4 LONG 0x4f40 __cy_region_init_ram
                0x00004f30        0x4 LONG 0x1fff8108 __cy_region_start_data
                0x00004f34        0x4 LONG 0x78 __cy_region_init_size_ram
                0x00004f38        0x4 LONG 0x1a8 __cy_region_zero_size_ram
                0x00004f3c                __cy_regions_end = .
                0x00004f40                . = ALIGN (0x8)
 *fill*         0x00004f3c        0x4 
                0x00004f40                _etext = .

.cy_checksum_exclude
                0x00004f40        0x0
 *(.cy_checksum_exclude)

.ramvectors     0x1fff8000      0x100
                0x1fff8000                __cy_region_start_ram = .
 *(.ramvectors)
 .ramvectors    0x1fff8000      0x100 .\CortexM3\ARM_GCC_493\Debug\Cm3Start.o
                0x1fff8000                CyRamVectors

.noinit         0x1fff8100        0x5
 *(.noinit)
 .noinit        0x1fff8100        0x4 .\CortexM3\ARM_GCC_493\Debug\Cm3Start.o
 .noinit        0x1fff8104        0x1 .\CortexM3\ARM_GCC_493\Debug\Fridge.a(CyLib.o)
                0x1fff8104                CyResetStatus

.data           0x1fff8108       0x78 load address 0x00004f40
                0x1fff8108                __cy_region_start_data = .
 *(.jcr)
 .jcr           0x1fff8108        0x0 c:/program files (x86)/cypress/psoc creator/3.3/psoc creator/import/gnu/arm/4.9.3/bin/../lib/gcc/arm-none-eabi/4.9.3/armv7-m/crtbegin.o
 .jcr           0x1fff8108        0x4 c:/program files (x86)/cypress/psoc creator/3.3/psoc creator/import/gnu/arm/4.9.3/bin/../lib/gcc/arm-none-eabi/4.9.3/armv7-m/crtend.o
 *(.got.plt)
 *(.got)
 *(.shdata)
 *(.data .data.* .gnu.linkonce.d.*)
 .data          0x1fff810c       0x24 .\CortexM3\ARM_GCC_493\Debug\main.o
                0x1fff810c                power_on
                0x1fff8110                stop
                0x1fff811c                parity
 .data          0x1fff8130        0x1 .\CortexM3\ARM_GCC_493\Debug\Fridge.a(ADC.o)
                0x1fff8130                ADC_Config
 *fill*         0x1fff8131        0x3 
 .data          0x1fff8134        0xc .\CortexM3\ARM_GCC_493\Debug\Fridge.a(CapSense.o)
                0x1fff8134                CapSense_sensorEnableMask
                0x1fff8138                CapSense_idacSettings
                0x1fff813f                CapSense_analogSwitchDivider
 .data          0x1fff8140       0x10 .\CortexM3\ARM_GCC_493\Debug\Fridge.a(CapSense_CSHL.o)
                0x1fff8140                CapSense_debounce
                0x1fff8144                CapSense_fingerThreshold
                0x1fff8148                CapSense_hysteresis
                0x1fff814c                CapSense_noiseThreshold
 .data          0x1fff8150       0x1c .\CortexM3\ARM_GCC_493\Debug\Fridge.a(USBUART_1_cdc.o)
                0x1fff8150                USBUART_1_linesCoding
 .data          0x1fff816c        0x1 .\CortexM3\ARM_GCC_493\Debug\Fridge.a(ADC_AMux.o)
 *fill*         0x1fff816d        0x3 
 .data          0x1fff8170       0x10 .\CortexM3\ARM_GCC_493\Debug\Fridge.a(CyLib.o)
                0x1fff8170                cydelay_32k_ms
                0x1fff8174                cydelay_freq_khz
                0x1fff8178                cydelay_freq_mhz
                0x1fff817c                cydelay_freq_hz
                0x1fff8180                . = ALIGN (0x8)
 *(.ram)
                0x1fff8180                _edata = .

.igot.plt       0x1fff8180        0x0 load address 0x00004fb8
 .igot.plt      0x00000000        0x0 c:/program files (x86)/cypress/psoc creator/3.3/psoc creator/import/gnu/arm/4.9.3/bin/../lib/gcc/arm-none-eabi/4.9.3/armv7-m/crtbegin.o

.bss            0x1fff8180      0x1a8 load address 0x00004fb8
                0x1fff8180                PROVIDE (__bss_start__, .)
 *(.shbss)
 *(.bss .bss.* .gnu.linkonce.b.*)
 .bss           0x1fff8180       0x1c c:/program files (x86)/cypress/psoc creator/3.3/psoc creator/import/gnu/arm/4.9.3/bin/../lib/gcc/arm-none-eabi/4.9.3/armv7-m/crtbegin.o
 .bss           0x1fff819c       0x10 .\CortexM3\ARM_GCC_493\Debug\main.o
                0x1fff819c                cnt
                0x1fff81a0                on_off
                0x1fff81a4                i
                0x1fff81a8                interruptCnt
 .bss           0x1fff81ac        0x8 .\CortexM3\ARM_GCC_493\Debug\Fridge.a(ADC.o)
                0x1fff81b0                ADC_stopConversion
                0x1fff81b1                ADC_convDone
                0x1fff81b2                ADC_initVar
                0x1fff81b3                ADC_started
 .bss           0x1fff81b4        0x4 .\CortexM3\ARM_GCC_493\Debug\Fridge.a(CapSense.o)
                0x1fff81b4                CapSense_widgetResolution
 .bss           0x1fff81b8        0x8 .\CortexM3\ARM_GCC_493\Debug\Fridge.a(CapSense_CSHL.o)
                0x1fff81b8                CapSense_debounceCounter
 .bss           0x1fff81c0        0x2 .\CortexM3\ARM_GCC_493\Debug\Fridge.a(LCD.o)
                0x1fff81c0                LCD_enableState
                0x1fff81c1                LCD_initVar
 .bss           0x1fff81c2        0x1 .\CortexM3\ARM_GCC_493\Debug\Fridge.a(USBUART_1.o)
                0x1fff81c2                USBUART_1_initVar
 .bss           0x1fff81c3        0x1 .\CortexM3\ARM_GCC_493\Debug\Fridge.a(USBUART_1_cdc.o)
 .bss           0x1fff81c4        0x4 .\CortexM3\ARM_GCC_493\Debug\Fridge.a(USBUART_1_std.o)
 .bss           0x1fff81c8        0x1 .\CortexM3\ARM_GCC_493\Debug\Fridge.a(PWM_1.o)
                0x1fff81c8                PWM_1_initVar
 .bss           0x1fff81c9        0x2 .\CortexM3\ARM_GCC_493\Debug\Fridge.a(UART.o)
                0x1fff81c9                UART_initVar
 .bss           0x1fff81cb        0x2 .\CortexM3\ARM_GCC_493\Debug\Fridge.a(UART_Blue.o)
                0x1fff81cb                UART_Blue_initVar
 *(COMMON)
 *fill*         0x1fff81cd        0x3 
 COMMON         0x1fff81d0       0x20 .\CortexM3\ARM_GCC_493\Debug\main.o
                0x1fff81d0                blue_rec
                0x1fff81d4                stPID
 COMMON         0x1fff81f0        0x8 .\CortexM3\ARM_GCC_493\Debug\Fridge.a(ADC.o)
                0x1fff81f0                ADC_Offset
                0x1fff81f4                ADC_CountsPerVolt
 COMMON         0x1fff81f8       0x10 .\CortexM3\ARM_GCC_493\Debug\Fridge.a(CapSense.o)
                0x1fff81f8                CapSense_sensorRaw
                0x1fff8206                CapSense_sensorIndex
                0x1fff8207                CapSense_csv
 COMMON         0x1fff8208       0x39 .\CortexM3\ARM_GCC_493\Debug\Fridge.a(CapSense_CSHL.o)
                0x1fff8208                CapSense_lowBaselineResetCnt
                0x1fff8210                CapSense_sensorBaselineLow
                0x1fff8218                CapSense_sensorSignal
                0x1fff8220                CapSense_sensorBaseline
                0x1fff8230                CapSense_rawFilterData1
                0x1fff8240                CapSense_sensorOnMask
 *fill*         0x1fff8241        0x3 
 COMMON         0x1fff8244       0x18 .\CortexM3\ARM_GCC_493\Debug\Fridge.a(USBUART_1_cdc.o)
                0x1fff8244                USBUART_1_cdcDataInEp
                0x1fff8248                USBUART_1_cdcDataOutEp
                0x1fff824c                USBUART_1_cdcCommInInterruptEp
                0x1fff8250                USBUART_1_serialStateBitmap
                0x1fff8254                USBUART_1_linesChanged
                0x1fff8258                USBUART_1_linesControlBitmap
 COMMON         0x1fff825c       0x97 .\CortexM3\ARM_GCC_493\Debug\Fridge.a(USBUART_1_drv.o)
                0x1fff825c                USBUART_1_interfaceSettingLast
                0x1fff825e                USBUART_1_ep0Mode
                0x1fff825f                USBUART_1_lastPacketSize
                0x1fff8260                USBUART_1_configurationChanged
                0x1fff8261                USBUART_1_configuration
                0x1fff8262                USBUART_1_interfaceNumber
                0x1fff8263                USBUART_1_deviceStatus
                0x1fff8264                USBUART_1_ep0Toggle
                0x1fff8268                USBUART_1_interfaceClass
                0x1fff826c                USBUART_1_interfaceSetting
                0x1fff8270                USBUART_1_currentTD
                0x1fff827c                USBUART_1_ep0Count
                0x1fff8280                USBUART_1_EP
                0x1fff82ec                USBUART_1_transferByteCount
                0x1fff82ee                USBUART_1_transferState
                0x1fff82ef                USBUART_1_device
                0x1fff82f0                USBUART_1_interfaceStatus
                0x1fff82f2                USBUART_1_deviceAddress
 *fill*         0x1fff82f3        0x1 
 COMMON         0x1fff82f4        0xa .\CortexM3\ARM_GCC_493\Debug\Fridge.a(USBUART_1_hid.o)
                0x1fff82f4                USBUART_1_hidProtocol
                0x1fff82f8                USBUART_1_hidIdleTimer
                0x1fff82fc                USBUART_1_hidIdleRate
 *fill*         0x1fff82fe        0x2 
 COMMON         0x1fff8300       0x22 .\CortexM3\ARM_GCC_493\Debug\Fridge.a(USBUART_1_descr.o)
                0x1fff8300                USBUART_1_idSerialNumberStringDescriptor
                0x1fff8328                . = ALIGN (0x8)
 *fill*         0x1fff8322        0x6 
 *(.ram.b)
                0x1fff8328                _end = .
                0x1fff8328                __end = .
                0x1fff8328                PROVIDE (end, .)
                0x1fff8328                PROVIDE (__bss_end__, .)
                0x00004f40                __cy_region_init_ram = LOADADDR (.data)
                0x00000078                __cy_region_init_size_ram = (_edata - ADDR (.data))
                0x000001a8                __cy_region_zero_size_ram = (_end - _edata)

.heap           0x1fff8328       0x80 load address 0x00004fb8
                0x1fff8328                . = _end
                0x1fff83a8                . = (. + 0x80)
 *fill*         0x1fff8328       0x80 
                0x1fff83a8                __cy_heap_limit = .

.stack          0x20007800      0x800
                0x20007800                __cy_stack_limit = .
                0x20008000                . = (. + 0x800)
 *fill*         0x20007800      0x800 
                0x00000001                ASSERT ((__cy_stack_limit >= __cy_heap_limit), region RAM overflowed with stack)
                0x00000000                cy_checksum_exclude_size = (CY_APPL_LOADABLE == 0x1)?SIZEOF (.cy_checksum_exclude):0x0
                0x00000001                ASSERT ((cy_checksum_exclude_size <= CY_CHECKSUM_EXCLUDE_SIZE), CY_BOOT: Section .cy_checksum_exclude size exceedes specified limit.)

.cyloadermeta
 *(.cyloadermeta)

.cyloadablemeta
 *(.cyloadablemeta)

.cyconfigecc    0x80000000      0xb74
 *(.cyconfigecc)
 .cyconfigecc   0x80000000      0xb74 .\CortexM3\ARM_GCC_493\Debug\cymetadata.o
                0x80000000                cy_meta_configecc

.cycustnvl      0x90000000        0x4
 *(.cycustnvl)
 .cycustnvl     0x90000000        0x4 .\CortexM3\ARM_GCC_493\Debug\cymetadata.o
                0x90000000                cy_meta_custnvl

.cywolatch      0x90100000        0x4
 *(.cywolatch)
 .cywolatch     0x90100000        0x4 .\CortexM3\ARM_GCC_493\Debug\cymetadata.o
                0x90100000                cy_meta_wonvl

.cyeeprom       0x90200000        0x0
 *(.cyeeprom)
                0x00000001                ASSERT ((. <= ((0x90200000 + ee_offset) + ee_size)), .cyeeprom data will not fit in EEPROM)

.cyflashprotect
                0x90400000      0x100
 *(.cyflashprotect)
 .cyflashprotect
                0x90400000      0x100 .\CortexM3\ARM_GCC_493\Debug\cymetadata.o
                0x90400000                cy_meta_flashprotect

.cymeta         0x90500000        0xc
 *(.cymeta)
 .cymeta        0x90500000        0xc .\CortexM3\ARM_GCC_493\Debug\cymetadata.o
                0x90500000                cy_metadata

.rel.dyn        0x00004fb8        0x0 load address 0x9050000c
 .rel.iplt      0x00000000        0x0 c:/program files (x86)/cypress/psoc creator/3.3/psoc creator/import/gnu/arm/4.9.3/bin/../lib/gcc/arm-none-eabi/4.9.3/armv7-m/crtbegin.o

.stab
 *(.stab)

.stabstr
 *(.stabstr)

.debug
 *(.debug)

.line
 *(.line)

.debug_srcinfo
 *(.debug_srcinfo)

.debug_sfnames
 *(.debug_sfnames)

.debug_aranges  0x00000000     0x11c8
 *(.debug_aranges)
 .debug_aranges
                0x00000000       0x48 .\CortexM3\ARM_GCC_493\Debug\main.o
 .debug_aranges
                0x00000048       0x18 .\CortexM3\ARM_GCC_493\Debug\cymetadata.o
 .debug_aranges
                0x00000060       0x48 .\CortexM3\ARM_GCC_493\Debug\Cm3Start.o
 .debug_aranges
                0x000000a8       0x78 .\CortexM3\ARM_GCC_493\Debug\Fridge.a(cyfitter_cfg.o)
 .debug_aranges
                0x00000120       0xe8 .\CortexM3\ARM_GCC_493\Debug\Fridge.a(ADC.o)
 .debug_aranges
                0x00000208       0x38 .\CortexM3\ARM_GCC_493\Debug\Fridge.a(ADC_INT.o)
 .debug_aranges
                0x00000240       0xb0 .\CortexM3\ARM_GCC_493\Debug\Fridge.a(CapSense.o)
 .debug_aranges
                0x000002f0       0x90 .\CortexM3\ARM_GCC_493\Debug\Fridge.a(CapSense_CSHL.o)
 .debug_aranges
                0x00000380       0x20 .\CortexM3\ARM_GCC_493\Debug\Fridge.a(CapSense_INT.o)
 .debug_aranges
                0x000003a0       0x98 .\CortexM3\ARM_GCC_493\Debug\Fridge.a(LCD.o)
 .debug_aranges
                0x00000438       0xc8 .\CortexM3\ARM_GCC_493\Debug\Fridge.a(USBUART_1.o)
 .debug_aranges
                0x00000500       0xe8 .\CortexM3\ARM_GCC_493\Debug\Fridge.a(USBUART_1_cdc.o)
 .debug_aranges
                0x000005e8       0x98 .\CortexM3\ARM_GCC_493\Debug\Fridge.a(USBUART_1_drv.o)
 .debug_aranges
                0x00000680       0x40 .\CortexM3\ARM_GCC_493\Debug\Fridge.a(USBUART_1_episr.o)
 .debug_aranges
                0x000006c0       0x48 .\CortexM3\ARM_GCC_493\Debug\Fridge.a(USBUART_1_hid.o)
 .debug_aranges
                0x00000708       0x40 .\CortexM3\ARM_GCC_493\Debug\Fridge.a(USBUART_1_pm.o)
 .debug_aranges
                0x00000748       0x80 .\CortexM3\ARM_GCC_493\Debug\Fridge.a(USBUART_1_std.o)
 .debug_aranges
                0x000007c8       0x20 .\CortexM3\ARM_GCC_493\Debug\Fridge.a(USBUART_1_vnd.o)
 .debug_aranges
                0x000007e8       0x90 .\CortexM3\ARM_GCC_493\Debug\Fridge.a(PWM_1.o)
 .debug_aranges
                0x00000878       0x30 .\CortexM3\ARM_GCC_493\Debug\Fridge.a(ADC_AMux.o)
 .debug_aranges
                0x000008a8       0x70 .\CortexM3\ARM_GCC_493\Debug\Fridge.a(ADC_Ext_CP_Clk.o)
 .debug_aranges
                0x00000918       0x80 .\CortexM3\ARM_GCC_493\Debug\Fridge.a(ADC_theACLK.o)
 .debug_aranges
                0x00000998       0x70 .\CortexM3\ARM_GCC_493\Debug\Fridge.a(CapSense_CompCH0.o)
 .debug_aranges
                0x00000a08       0x60 .\CortexM3\ARM_GCC_493\Debug\Fridge.a(CapSense_IdacCH0.o)
 .debug_aranges
                0x00000a68       0x48 .\CortexM3\ARM_GCC_493\Debug\Fridge.a(CapSense_AMuxCH0.o)
 .debug_aranges
                0x00000ab0       0x70 .\CortexM3\ARM_GCC_493\Debug\Fridge.a(CapSense_IntClock.o)
 .debug_aranges
                0x00000b20       0x48 .\CortexM3\ARM_GCC_493\Debug\Fridge.a(USBUART_1_Dp.o)
 .debug_aranges
                0x00000b68       0x20 .\CortexM3\ARM_GCC_493\Debug\Fridge.a(CyBootAsmGnu.o)
 .debug_aranges
                0x00000b88      0x298 .\CortexM3\ARM_GCC_493\Debug\Fridge.a(CyLib.o)
 .debug_aranges
                0x00000e20       0x98 .\CortexM3\ARM_GCC_493\Debug\Fridge.a(cyPm.o)
 .debug_aranges
                0x00000eb8       0xf0 .\CortexM3\ARM_GCC_493\Debug\Fridge.a(UART.o)
 .debug_aranges
                0x00000fa8       0xf0 .\CortexM3\ARM_GCC_493\Debug\Fridge.a(UART_Blue.o)
 .debug_aranges
                0x00001098       0x20 .\CortexM3\ARM_GCC_493\Debug\Fridge.a(USBUART_1_cls.o)
 .debug_aranges
                0x000010b8       0x18 .\CortexM3\ARM_GCC_493\Debug\Fridge.a(USBUART_1_descr.o)
 .debug_aranges
                0x000010d0       0x80 .\CortexM3\ARM_GCC_493\Debug\Fridge.a(CyFlash.o)
 .debug_aranges
                0x00001150       0x78 .\CortexM3\ARM_GCC_493\Debug\Fridge.a(CySpc.o)

.debug_pubnames
 *(.debug_pubnames)

.debug_info     0x00000000     0xc04e
 *(.debug_info .gnu.linkonce.wi.*)
 .debug_info    0x00000000     0x1011 .\CortexM3\ARM_GCC_493\Debug\main.o
 .debug_info    0x00001011      0x13f .\CortexM3\ARM_GCC_493\Debug\cymetadata.o
 .debug_info    0x00001150      0x39f .\CortexM3\ARM_GCC_493\Debug\Cm3Start.o
 .debug_info    0x000014ef      0x774 .\CortexM3\ARM_GCC_493\Debug\Fridge.a(cyfitter_cfg.o)
 .debug_info    0x00001c63      0xa7a .\CortexM3\ARM_GCC_493\Debug\Fridge.a(ADC.o)
 .debug_info    0x000026dd       0xcc .\CortexM3\ARM_GCC_493\Debug\Fridge.a(ADC_INT.o)
 .debug_info    0x000027a9      0x81f .\CortexM3\ARM_GCC_493\Debug\Fridge.a(CapSense.o)
 .debug_info    0x00002fc8      0x8c4 .\CortexM3\ARM_GCC_493\Debug\Fridge.a(CapSense_CSHL.o)
 .debug_info    0x0000388c      0x118 .\CortexM3\ARM_GCC_493\Debug\Fridge.a(CapSense_INT.o)
 .debug_info    0x000039a4      0x716 .\CortexM3\ARM_GCC_493\Debug\Fridge.a(LCD.o)
 .debug_info    0x000040ba      0x9e0 .\CortexM3\ARM_GCC_493\Debug\Fridge.a(USBUART_1.o)
 .debug_info    0x00004a9a      0xb16 .\CortexM3\ARM_GCC_493\Debug\Fridge.a(USBUART_1_cdc.o)
 .debug_info    0x000055b0      0x649 .\CortexM3\ARM_GCC_493\Debug\Fridge.a(USBUART_1_drv.o)
 .debug_info    0x00005bf9      0x244 .\CortexM3\ARM_GCC_493\Debug\Fridge.a(USBUART_1_episr.o)
 .debug_info    0x00005e3d      0x43e .\CortexM3\ARM_GCC_493\Debug\Fridge.a(USBUART_1_hid.o)
 .debug_info    0x0000627b      0x2ef .\CortexM3\ARM_GCC_493\Debug\Fridge.a(USBUART_1_pm.o)
 .debug_info    0x0000656a      0xb45 .\CortexM3\ARM_GCC_493\Debug\Fridge.a(USBUART_1_std.o)
 .debug_info    0x000070af      0x1b2 .\CortexM3\ARM_GCC_493\Debug\Fridge.a(USBUART_1_vnd.o)
 .debug_info    0x00007261      0x2e1 .\CortexM3\ARM_GCC_493\Debug\Fridge.a(PWM_1.o)
 .debug_info    0x00007542      0x16d .\CortexM3\ARM_GCC_493\Debug\Fridge.a(ADC_AMux.o)
 .debug_info    0x000076af      0x283 .\CortexM3\ARM_GCC_493\Debug\Fridge.a(ADC_Ext_CP_Clk.o)
 .debug_info    0x00007932      0x2c4 .\CortexM3\ARM_GCC_493\Debug\Fridge.a(ADC_theACLK.o)
 .debug_info    0x00007bf6      0x2c3 .\CortexM3\ARM_GCC_493\Debug\Fridge.a(CapSense_CompCH0.o)
 .debug_info    0x00007eb9      0x209 .\CortexM3\ARM_GCC_493\Debug\Fridge.a(CapSense_IdacCH0.o)
 .debug_info    0x000080c2      0x1db .\CortexM3\ARM_GCC_493\Debug\Fridge.a(CapSense_AMuxCH0.o)
 .debug_info    0x0000829d      0x283 .\CortexM3\ARM_GCC_493\Debug\Fridge.a(CapSense_IntClock.o)
 .debug_info    0x00008520      0x174 .\CortexM3\ARM_GCC_493\Debug\Fridge.a(USBUART_1_Dp.o)
 .debug_info    0x00008694       0x85 .\CortexM3\ARM_GCC_493\Debug\Fridge.a(CyBootAsmGnu.o)
 .debug_info    0x00008719     0x136f .\CortexM3\ARM_GCC_493\Debug\Fridge.a(CyLib.o)
 .debug_info    0x00009a88      0xa57 .\CortexM3\ARM_GCC_493\Debug\Fridge.a(cyPm.o)
 .debug_info    0x0000a4df      0x5d1 .\CortexM3\ARM_GCC_493\Debug\Fridge.a(UART.o)
 .debug_info    0x0000aab0      0x5d1 .\CortexM3\ARM_GCC_493\Debug\Fridge.a(UART_Blue.o)
 .debug_info    0x0000b081      0x1e6 .\CortexM3\ARM_GCC_493\Debug\Fridge.a(USBUART_1_cls.o)
 .debug_info    0x0000b267      0x2f5 .\CortexM3\ARM_GCC_493\Debug\Fridge.a(USBUART_1_descr.o)
 .debug_info    0x0000b55c      0x608 .\CortexM3\ARM_GCC_493\Debug\Fridge.a(CyFlash.o)
 .debug_info    0x0000bb64      0x4ea .\CortexM3\ARM_GCC_493\Debug\Fridge.a(CySpc.o)

.debug_abbrev   0x00000000     0x3360
 *(.debug_abbrev)
 .debug_abbrev  0x00000000      0x29d .\CortexM3\ARM_GCC_493\Debug\main.o
 .debug_abbrev  0x0000029d       0x77 .\CortexM3\ARM_GCC_493\Debug\cymetadata.o
 .debug_abbrev  0x00000314      0x200 .\CortexM3\ARM_GCC_493\Debug\Cm3Start.o
 .debug_abbrev  0x00000514      0x21f .\CortexM3\ARM_GCC_493\Debug\Fridge.a(cyfitter_cfg.o)
 .debug_abbrev  0x00000733      0x21f .\CortexM3\ARM_GCC_493\Debug\Fridge.a(ADC.o)
 .debug_abbrev  0x00000952       0x42 .\CortexM3\ARM_GCC_493\Debug\Fridge.a(ADC_INT.o)
 .debug_abbrev  0x00000994      0x1ed .\CortexM3\ARM_GCC_493\Debug\Fridge.a(CapSense.o)
 .debug_abbrev  0x00000b81      0x1dd .\CortexM3\ARM_GCC_493\Debug\Fridge.a(CapSense_CSHL.o)
 .debug_abbrev  0x00000d5e       0xb4 .\CortexM3\ARM_GCC_493\Debug\Fridge.a(CapSense_INT.o)
 .debug_abbrev  0x00000e12      0x171 .\CortexM3\ARM_GCC_493\Debug\Fridge.a(LCD.o)
 .debug_abbrev  0x00000f83      0x25e .\CortexM3\ARM_GCC_493\Debug\Fridge.a(USBUART_1.o)
 .debug_abbrev  0x000011e1      0x28b .\CortexM3\ARM_GCC_493\Debug\Fridge.a(USBUART_1_cdc.o)
 .debug_abbrev  0x0000146c      0x18b .\CortexM3\ARM_GCC_493\Debug\Fridge.a(USBUART_1_drv.o)
 .debug_abbrev  0x000015f7      0x11b .\CortexM3\ARM_GCC_493\Debug\Fridge.a(USBUART_1_episr.o)
 .debug_abbrev  0x00001712      0x18b .\CortexM3\ARM_GCC_493\Debug\Fridge.a(USBUART_1_hid.o)
 .debug_abbrev  0x0000189d      0x146 .\CortexM3\ARM_GCC_493\Debug\Fridge.a(USBUART_1_pm.o)
 .debug_abbrev  0x000019e3      0x23d .\CortexM3\ARM_GCC_493\Debug\Fridge.a(USBUART_1_std.o)
 .debug_abbrev  0x00001c20       0xe3 .\CortexM3\ARM_GCC_493\Debug\Fridge.a(USBUART_1_vnd.o)
 .debug_abbrev  0x00001d03      0x12d .\CortexM3\ARM_GCC_493\Debug\Fridge.a(PWM_1.o)
 .debug_abbrev  0x00001e30       0xcb .\CortexM3\ARM_GCC_493\Debug\Fridge.a(ADC_AMux.o)
 .debug_abbrev  0x00001efb      0x139 .\CortexM3\ARM_GCC_493\Debug\Fridge.a(ADC_Ext_CP_Clk.o)
 .debug_abbrev  0x00002034      0x121 .\CortexM3\ARM_GCC_493\Debug\Fridge.a(ADC_theACLK.o)
 .debug_abbrev  0x00002155      0x175 .\CortexM3\ARM_GCC_493\Debug\Fridge.a(CapSense_CompCH0.o)
 .debug_abbrev  0x000022ca      0x106 .\CortexM3\ARM_GCC_493\Debug\Fridge.a(CapSense_IdacCH0.o)
 .debug_abbrev  0x000023d0       0xcd .\CortexM3\ARM_GCC_493\Debug\Fridge.a(CapSense_AMuxCH0.o)
 .debug_abbrev  0x0000249d      0x139 .\CortexM3\ARM_GCC_493\Debug\Fridge.a(CapSense_IntClock.o)
 .debug_abbrev  0x000025d6       0x90 .\CortexM3\ARM_GCC_493\Debug\Fridge.a(USBUART_1_Dp.o)
 .debug_abbrev  0x00002666       0x14 .\CortexM3\ARM_GCC_493\Debug\Fridge.a(CyBootAsmGnu.o)
 .debug_abbrev  0x0000267a      0x296 .\CortexM3\ARM_GCC_493\Debug\Fridge.a(CyLib.o)
 .debug_abbrev  0x00002910      0x1ed .\CortexM3\ARM_GCC_493\Debug\Fridge.a(cyPm.o)
 .debug_abbrev  0x00002afd      0x18f .\CortexM3\ARM_GCC_493\Debug\Fridge.a(UART.o)
 .debug_abbrev  0x00002c8c      0x18f .\CortexM3\ARM_GCC_493\Debug\Fridge.a(UART_Blue.o)
 .debug_abbrev  0x00002e1b       0xe3 .\CortexM3\ARM_GCC_493\Debug\Fridge.a(USBUART_1_cls.o)
 .debug_abbrev  0x00002efe       0xb4 .\CortexM3\ARM_GCC_493\Debug\Fridge.a(USBUART_1_descr.o)
 .debug_abbrev  0x00002fb2      0x1ed .\CortexM3\ARM_GCC_493\Debug\Fridge.a(CyFlash.o)
 .debug_abbrev  0x0000319f      0x1c1 .\CortexM3\ARM_GCC_493\Debug\Fridge.a(CySpc.o)

.debug_line     0x00000000     0x461d
 *(.debug_line)
 .debug_line    0x00000000      0x42b .\CortexM3\ARM_GCC_493\Debug\main.o
 .debug_line    0x0000042b       0x53 .\CortexM3\ARM_GCC_493\Debug\cymetadata.o
 .debug_line    0x0000047e      0x249 .\CortexM3\ARM_GCC_493\Debug\Cm3Start.o
 .debug_line    0x000006c7      0x258 .\CortexM3\ARM_GCC_493\Debug\Fridge.a(cyfitter_cfg.o)
 .debug_line    0x0000091f      0x35e .\CortexM3\ARM_GCC_493\Debug\Fridge.a(ADC.o)
 .debug_line    0x00000c7d       0x82 .\CortexM3\ARM_GCC_493\Debug\Fridge.a(ADC_INT.o)
 .debug_line    0x00000cff      0x2a9 .\CortexM3\ARM_GCC_493\Debug\Fridge.a(CapSense.o)
 .debug_line    0x00000fa8      0x2c2 .\CortexM3\ARM_GCC_493\Debug\Fridge.a(CapSense_CSHL.o)
 .debug_line    0x0000126a       0x7b .\CortexM3\ARM_GCC_493\Debug\Fridge.a(CapSense_INT.o)
 .debug_line    0x000012e5      0x1de .\CortexM3\ARM_GCC_493\Debug\Fridge.a(LCD.o)
 .debug_line    0x000014c3      0x2f0 .\CortexM3\ARM_GCC_493\Debug\Fridge.a(USBUART_1.o)
 .debug_line    0x000017b3      0x2fa .\CortexM3\ARM_GCC_493\Debug\Fridge.a(USBUART_1_cdc.o)
 .debug_line    0x00001aad      0x229 .\CortexM3\ARM_GCC_493\Debug\Fridge.a(USBUART_1_drv.o)
 .debug_line    0x00001cd6       0xee .\CortexM3\ARM_GCC_493\Debug\Fridge.a(USBUART_1_episr.o)
 .debug_line    0x00001dc4      0x157 .\CortexM3\ARM_GCC_493\Debug\Fridge.a(USBUART_1_hid.o)
 .debug_line    0x00001f1b      0x118 .\CortexM3\ARM_GCC_493\Debug\Fridge.a(USBUART_1_pm.o)
 .debug_line    0x00002033      0x3e6 .\CortexM3\ARM_GCC_493\Debug\Fridge.a(USBUART_1_std.o)
 .debug_line    0x00002419       0x93 .\CortexM3\ARM_GCC_493\Debug\Fridge.a(USBUART_1_vnd.o)
 .debug_line    0x000024ac      0x163 .\CortexM3\ARM_GCC_493\Debug\Fridge.a(PWM_1.o)
 .debug_line    0x0000260f       0xae .\CortexM3\ARM_GCC_493\Debug\Fridge.a(ADC_AMux.o)
 .debug_line    0x000026bd      0x196 .\CortexM3\ARM_GCC_493\Debug\Fridge.a(ADC_Ext_CP_Clk.o)
 .debug_line    0x00002853      0x1b6 .\CortexM3\ARM_GCC_493\Debug\Fridge.a(ADC_theACLK.o)
 .debug_line    0x00002a09      0x171 .\CortexM3\ARM_GCC_493\Debug\Fridge.a(CapSense_CompCH0.o)
 .debug_line    0x00002b7a      0x106 .\CortexM3\ARM_GCC_493\Debug\Fridge.a(CapSense_IdacCH0.o)
 .debug_line    0x00002c80       0xe9 .\CortexM3\ARM_GCC_493\Debug\Fridge.a(CapSense_AMuxCH0.o)
 .debug_line    0x00002d69      0x199 .\CortexM3\ARM_GCC_493\Debug\Fridge.a(CapSense_IntClock.o)
 .debug_line    0x00002f02       0xbf .\CortexM3\ARM_GCC_493\Debug\Fridge.a(USBUART_1_Dp.o)
 .debug_line    0x00002fc1       0x68 .\CortexM3\ARM_GCC_493\Debug\Fridge.a(CyBootAsmGnu.o)
 .debug_line    0x00003029      0x806 .\CortexM3\ARM_GCC_493\Debug\Fridge.a(CyLib.o)
 .debug_line    0x0000382f      0x366 .\CortexM3\ARM_GCC_493\Debug\Fridge.a(cyPm.o)
 .debug_line    0x00003b95      0x2ab .\CortexM3\ARM_GCC_493\Debug\Fridge.a(UART.o)
 .debug_line    0x00003e40      0x2b0 .\CortexM3\ARM_GCC_493\Debug\Fridge.a(UART_Blue.o)
 .debug_line    0x000040f0       0x9c .\CortexM3\ARM_GCC_493\Debug\Fridge.a(USBUART_1_cls.o)
 .debug_line    0x0000418c       0x67 .\CortexM3\ARM_GCC_493\Debug\Fridge.a(USBUART_1_descr.o)
 .debug_line    0x000041f3      0x1ec .\CortexM3\ARM_GCC_493\Debug\Fridge.a(CyFlash.o)
 .debug_line    0x000043df      0x23e .\CortexM3\ARM_GCC_493\Debug\Fridge.a(CySpc.o)

.debug_frame    0x00000000     0x3314
 *(.debug_frame)
 .debug_frame   0x00000000       0xdc .\CortexM3\ARM_GCC_493\Debug\main.o
 .debug_frame   0x000000dc       0xac .\CortexM3\ARM_GCC_493\Debug\Cm3Start.o
 .debug_frame   0x00000188      0x124 .\CortexM3\ARM_GCC_493\Debug\Fridge.a(cyfitter_cfg.o)
 .debug_frame   0x000002ac      0x284 .\CortexM3\ARM_GCC_493\Debug\Fridge.a(ADC.o)
 .debug_frame   0x00000530       0x50 .\CortexM3\ARM_GCC_493\Debug\Fridge.a(ADC_INT.o)
 .debug_frame   0x00000580      0x1e0 .\CortexM3\ARM_GCC_493\Debug\Fridge.a(CapSense.o)
 .debug_frame   0x00000760      0x1ec .\CortexM3\ARM_GCC_493\Debug\Fridge.a(CapSense_CSHL.o)
 .debug_frame   0x0000094c       0x2c .\CortexM3\ARM_GCC_493\Debug\Fridge.a(CapSense_INT.o)
 .debug_frame   0x00000978      0x1e4 .\CortexM3\ARM_GCC_493\Debug\Fridge.a(LCD.o)
 .debug_frame   0x00000b5c      0x1dc .\CortexM3\ARM_GCC_493\Debug\Fridge.a(USBUART_1.o)
 .debug_frame   0x00000d38      0x278 .\CortexM3\ARM_GCC_493\Debug\Fridge.a(USBUART_1_cdc.o)
 .debug_frame   0x00000fb0      0x194 .\CortexM3\ARM_GCC_493\Debug\Fridge.a(USBUART_1_drv.o)
 .debug_frame   0x00001144       0x6c .\CortexM3\ARM_GCC_493\Debug\Fridge.a(USBUART_1_episr.o)
 .debug_frame   0x000011b0       0xa0 .\CortexM3\ARM_GCC_493\Debug\Fridge.a(USBUART_1_hid.o)
 .debug_frame   0x00001250       0xa0 .\CortexM3\ARM_GCC_493\Debug\Fridge.a(USBUART_1_pm.o)
 .debug_frame   0x000012f0      0x17c .\CortexM3\ARM_GCC_493\Debug\Fridge.a(USBUART_1_std.o)
 .debug_frame   0x0000146c       0x2c .\CortexM3\ARM_GCC_493\Debug\Fridge.a(USBUART_1_vnd.o)
 .debug_frame   0x00001498      0x118 .\CortexM3\ARM_GCC_493\Debug\Fridge.a(PWM_1.o)
 .debug_frame   0x000015b0       0x64 .\CortexM3\ARM_GCC_493\Debug\Fridge.a(ADC_AMux.o)
 .debug_frame   0x00001614       0xe0 .\CortexM3\ARM_GCC_493\Debug\Fridge.a(ADC_Ext_CP_Clk.o)
 .debug_frame   0x000016f4      0x100 .\CortexM3\ARM_GCC_493\Debug\Fridge.a(ADC_theACLK.o)
 .debug_frame   0x000017f4      0x108 .\CortexM3\ARM_GCC_493\Debug\Fridge.a(CapSense_CompCH0.o)
 .debug_frame   0x000018fc       0xd0 .\CortexM3\ARM_GCC_493\Debug\Fridge.a(CapSense_IdacCH0.o)
 .debug_frame   0x000019cc       0xb8 .\CortexM3\ARM_GCC_493\Debug\Fridge.a(CapSense_AMuxCH0.o)
 .debug_frame   0x00001a84       0xe0 .\CortexM3\ARM_GCC_493\Debug\Fridge.a(CapSense_IntClock.o)
 .debug_frame   0x00001b64       0x70 .\CortexM3\ARM_GCC_493\Debug\Fridge.a(USBUART_1_Dp.o)
 .debug_frame   0x00001bd4      0x728 .\CortexM3\ARM_GCC_493\Debug\Fridge.a(CyLib.o)
 .debug_frame   0x000022fc      0x1f8 .\CortexM3\ARM_GCC_493\Debug\Fridge.a(cyPm.o)
 .debug_frame   0x000024f4      0x250 .\CortexM3\ARM_GCC_493\Debug\Fridge.a(UART.o)
 .debug_frame   0x00002744      0x250 .\CortexM3\ARM_GCC_493\Debug\Fridge.a(UART_Blue.o)
 .debug_frame   0x00002994       0x2c .\CortexM3\ARM_GCC_493\Debug\Fridge.a(USBUART_1_cls.o)
 .debug_frame   0x000029c0      0x174 .\CortexM3\ARM_GCC_493\Debug\Fridge.a(CyFlash.o)
 .debug_frame   0x00002b34      0x160 .\CortexM3\ARM_GCC_493\Debug\Fridge.a(CySpc.o)
 .debug_frame   0x00002c94       0x20 c:/program files (x86)/cypress/psoc creator/3.3/psoc creator/import/gnu/arm/4.9.3/bin/../lib/gcc/arm-none-eabi/4.9.3/../../../../arm-none-eabi/lib/armv7-m\libg_nano.a(lib_a-errno.o)
 .debug_frame   0x00002cb4       0x28 c:/program files (x86)/cypress/psoc creator/3.3/psoc creator/import/gnu/arm/4.9.3/bin/../lib/gcc/arm-none-eabi/4.9.3/../../../../arm-none-eabi/lib/armv7-m\libg_nano.a(lib_a-exit.o)
 .debug_frame   0x00002cdc       0x2c c:/program files (x86)/cypress/psoc creator/3.3/psoc creator/import/gnu/arm/4.9.3/bin/../lib/gcc/arm-none-eabi/4.9.3/../../../../arm-none-eabi/lib/armv7-m\libg_nano.a(lib_a-init.o)
 .debug_frame   0x00002d08       0x28 c:/program files (x86)/cypress/psoc creator/3.3/psoc creator/import/gnu/arm/4.9.3/bin/../lib/gcc/arm-none-eabi/4.9.3/../../../../arm-none-eabi/lib/armv7-m\libg_nano.a(lib_a-memcpy.o)
 .debug_frame   0x00002d30       0x20 c:/program files (x86)/cypress/psoc creator/3.3/psoc creator/import/gnu/arm/4.9.3/bin/../lib/gcc/arm-none-eabi/4.9.3/../../../../arm-none-eabi/lib/armv7-m\libg_nano.a(lib_a-memset.o)
 .debug_frame   0x00002d50       0x8c c:/program files (x86)/cypress/psoc creator/3.3/psoc creator/import/gnu/arm/4.9.3/bin/../lib/gcc/arm-none-eabi/4.9.3/../../../../arm-none-eabi/lib/armv7-m\libg_nano.a(lib_a-nano-vfprintf_float.o)
 .debug_frame   0x00002ddc       0x58 c:/program files (x86)/cypress/psoc creator/3.3/psoc creator/import/gnu/arm/4.9.3/bin/../lib/gcc/arm-none-eabi/4.9.3/../../../../arm-none-eabi/lib/armv7-m\libg_nano.a(lib_a-nano-vfprintf_i.o)
 .debug_frame   0x00002e34       0x28 c:/program files (x86)/cypress/psoc creator/3.3/psoc creator/import/gnu/arm/4.9.3/bin/../lib/gcc/arm-none-eabi/4.9.3/../../../../arm-none-eabi/lib/armv7-m\libg_nano.a(lib_a-s_fpclassify.o)
 .debug_frame   0x00002e5c       0x20 c:/program files (x86)/cypress/psoc creator/3.3/psoc creator/import/gnu/arm/4.9.3/bin/../lib/gcc/arm-none-eabi/4.9.3/../../../../arm-none-eabi/lib/armv7-m\libg_nano.a(lib_a-strlen.o)
 .debug_frame   0x00002e7c       0x6c c:/program files (x86)/cypress/psoc creator/3.3/psoc creator/import/gnu/arm/4.9.3/bin/../lib/gcc/arm-none-eabi/4.9.3/../../../../arm-none-eabi/lib/armv7-m\libg_nano.a(lib_a-dtoa.o)
 .debug_frame   0x00002ee8       0x98 c:/program files (x86)/cypress/psoc creator/3.3/psoc creator/import/gnu/arm/4.9.3/bin/../lib/gcc/arm-none-eabi/4.9.3/../../../../arm-none-eabi/lib/armv7-m\libg_nano.a(lib_a-locale.o)
 .debug_frame   0x00002f80       0x30 c:/program files (x86)/cypress/psoc creator/3.3/psoc creator/import/gnu/arm/4.9.3/bin/../lib/gcc/arm-none-eabi/4.9.3/../../../../arm-none-eabi/lib/armv7-m\libg_nano.a(lib_a-malloc.o)
 .debug_frame   0x00002fb0       0x28 c:/program files (x86)/cypress/psoc creator/3.3/psoc creator/import/gnu/arm/4.9.3/bin/../lib/gcc/arm-none-eabi/4.9.3/../../../../arm-none-eabi/lib/armv7-m\libg_nano.a(lib_a-memchr.o)
 .debug_frame   0x00002fd8      0x230 c:/program files (x86)/cypress/psoc creator/3.3/psoc creator/import/gnu/arm/4.9.3/bin/../lib/gcc/arm-none-eabi/4.9.3/../../../../arm-none-eabi/lib/armv7-m\libg_nano.a(lib_a-mprec.o)
 .debug_frame   0x00003208       0x2c c:/program files (x86)/cypress/psoc creator/3.3/psoc creator/import/gnu/arm/4.9.3/bin/../lib/gcc/arm-none-eabi/4.9.3/../../../../arm-none-eabi/lib/armv7-m\libg_nano.a(lib_a-nano-callocr.o)
 .debug_frame   0x00003234       0x2c c:/program files (x86)/cypress/psoc creator/3.3/psoc creator/import/gnu/arm/4.9.3/bin/../lib/gcc/arm-none-eabi/4.9.3/../../../../arm-none-eabi/lib/armv7-m\libg_nano.a(lib_a-nano-freer.o)
 .debug_frame   0x00003260       0x2c c:/program files (x86)/cypress/psoc creator/3.3/psoc creator/import/gnu/arm/4.9.3/bin/../lib/gcc/arm-none-eabi/4.9.3/../../../../arm-none-eabi/lib/armv7-m\libg_nano.a(lib_a-nano-mallocr.o)
 .debug_frame   0x0000328c       0x2c c:/program files (x86)/cypress/psoc creator/3.3/psoc creator/import/gnu/arm/4.9.3/bin/../lib/gcc/arm-none-eabi/4.9.3/../../../../arm-none-eabi/lib/armv7-m\libg_nano.a(lib_a-sbrkr.o)
 .debug_frame   0x000032b8       0x5c c:/program files (x86)/cypress/psoc creator/3.3/psoc creator/import/gnu/arm/4.9.3/bin/../lib/gcc/arm-none-eabi/4.9.3/../../../../arm-none-eabi/lib/armv7-m\libg_nano.a(lib_a-reent.o)

.debug_str      0x00000000     0x445b
 *(.debug_str)
 .debug_str     0x00000000      0x623 .\CortexM3\ARM_GCC_493\Debug\main.o
                                0x696 (size before relaxing)
 .debug_str     0x00000623       0x77 .\CortexM3\ARM_GCC_493\Debug\cymetadata.o
                                0x1df (size before relaxing)
 .debug_str     0x0000069a      0x15f .\CortexM3\ARM_GCC_493\Debug\Cm3Start.o
                                0x2f3 (size before relaxing)
 .debug_str     0x000007f9      0x234 .\CortexM3\ARM_GCC_493\Debug\Fridge.a(cyfitter_cfg.o)
                                0x3dd (size before relaxing)
 .debug_str     0x00000a2d      0x398 .\CortexM3\ARM_GCC_493\Debug\Fridge.a(ADC.o)
                                0x5bf (size before relaxing)
 .debug_str     0x00000dc5       0x47 .\CortexM3\ARM_GCC_493\Debug\Fridge.a(ADC_INT.o)
                                0x1a9 (size before relaxing)
 .debug_str     0x00000e0c      0x3de .\CortexM3\ARM_GCC_493\Debug\Fridge.a(CapSense.o)
                                0x636 (size before relaxing)
 .debug_str     0x000011ea      0x329 .\CortexM3\ARM_GCC_493\Debug\Fridge.a(CapSense_CSHL.o)
                                0x618 (size before relaxing)
 .debug_str     0x00001513       0x3c .\CortexM3\ARM_GCC_493\Debug\Fridge.a(CapSense_INT.o)
                                0x201 (size before relaxing)
 .debug_str     0x0000154f      0x134 .\CortexM3\ARM_GCC_493\Debug\Fridge.a(LCD.o)
                                0x314 (size before relaxing)
 .debug_str     0x00001683      0x457 .\CortexM3\ARM_GCC_493\Debug\Fridge.a(USBUART_1.o)
                                0x6aa (size before relaxing)
 .debug_str     0x00001ada      0x511 .\CortexM3\ARM_GCC_493\Debug\Fridge.a(USBUART_1_cdc.o)
                                0x824 (size before relaxing)
 .debug_str     0x00001feb      0x2c3 .\CortexM3\ARM_GCC_493\Debug\Fridge.a(USBUART_1_drv.o)
                                0x685 (size before relaxing)
 .debug_str     0x000022ae       0x8e .\CortexM3\ARM_GCC_493\Debug\Fridge.a(USBUART_1_episr.o)
                                0x2de (size before relaxing)
 .debug_str     0x0000233c      0x152 .\CortexM3\ARM_GCC_493\Debug\Fridge.a(USBUART_1_hid.o)
                                0x415 (size before relaxing)
 .debug_str     0x0000248e       0xf8 .\CortexM3\ARM_GCC_493\Debug\Fridge.a(USBUART_1_pm.o)
                                0x2f8 (size before relaxing)
 .debug_str     0x00002586      0x26f .\CortexM3\ARM_GCC_493\Debug\Fridge.a(USBUART_1_std.o)
                                0x814 (size before relaxing)
 .debug_str     0x000027f5       0x4c .\CortexM3\ARM_GCC_493\Debug\Fridge.a(USBUART_1_vnd.o)
                                0x288 (size before relaxing)
 .debug_str     0x00002841      0x12b .\CortexM3\ARM_GCC_493\Debug\Fridge.a(PWM_1.o)
                                0x2e0 (size before relaxing)
 .debug_str     0x0000296c       0x61 .\CortexM3\ARM_GCC_493\Debug\Fridge.a(ADC_AMux.o)
                                0x1f4 (size before relaxing)
 .debug_str     0x000029cd      0x16f .\CortexM3\ARM_GCC_493\Debug\Fridge.a(ADC_Ext_CP_Clk.o)
                                0x337 (size before relaxing)
 .debug_str     0x00002b3c      0x151 .\CortexM3\ARM_GCC_493\Debug\Fridge.a(ADC_theACLK.o)
                                0x356 (size before relaxing)
 .debug_str     0x00002c8d      0x173 .\CortexM3\ARM_GCC_493\Debug\Fridge.a(CapSense_CompCH0.o)
                                0x343 (size before relaxing)
 .debug_str     0x00002e00       0x9e .\CortexM3\ARM_GCC_493\Debug\Fridge.a(CapSense_IdacCH0.o)
                                0x2a8 (size before relaxing)
 .debug_str     0x00002e9e       0xe2 .\CortexM3\ARM_GCC_493\Debug\Fridge.a(CapSense_AMuxCH0.o)
                                0x290 (size before relaxing)
 .debug_str     0x00002f80      0x162 .\CortexM3\ARM_GCC_493\Debug\Fridge.a(CapSense_IntClock.o)
                                0x35b (size before relaxing)
 .debug_str     0x000030e2       0xa9 .\CortexM3\ARM_GCC_493\Debug\Fridge.a(USBUART_1_Dp.o)
                                0x244 (size before relaxing)
 .debug_str     0x0000318b      0x7a9 .\CortexM3\ARM_GCC_493\Debug\Fridge.a(CyLib.o)
                                0xa18 (size before relaxing)
 .debug_str     0x00003934      0x35b .\CortexM3\ARM_GCC_493\Debug\Fridge.a(cyPm.o)
                                0x710 (size before relaxing)
 .debug_str     0x00003c8f      0x1df .\CortexM3\ARM_GCC_493\Debug\Fridge.a(UART.o)
                                0x437 (size before relaxing)
 .debug_str     0x00003e6e      0x24b .\CortexM3\ARM_GCC_493\Debug\Fridge.a(UART_Blue.o)
                                0x4c8 (size before relaxing)
 .debug_str     0x000040b9       0x29 .\CortexM3\ARM_GCC_493\Debug\Fridge.a(USBUART_1_cls.o)
                                0x2c2 (size before relaxing)
 .debug_str     0x000040e2      0x134 .\CortexM3\ARM_GCC_493\Debug\Fridge.a(USBUART_1_descr.o)
                                0x3b9 (size before relaxing)
 .debug_str     0x00004216      0x197 .\CortexM3\ARM_GCC_493\Debug\Fridge.a(CyFlash.o)
                                0x38a (size before relaxing)
 .debug_str     0x000043ad       0xae .\CortexM3\ARM_GCC_493\Debug\Fridge.a(CySpc.o)
                                0x313 (size before relaxing)

.debug_loc      0x00000000     0x59e0
 *(.debug_loc)
 .debug_loc     0x00000000      0x7ec .\CortexM3\ARM_GCC_493\Debug\main.o
 .debug_loc     0x000007ec      0x144 .\CortexM3\ARM_GCC_493\Debug\Cm3Start.o
 .debug_loc     0x00000930      0x2de .\CortexM3\ARM_GCC_493\Debug\Fridge.a(cyfitter_cfg.o)
 .debug_loc     0x00000c0e      0x692 .\CortexM3\ARM_GCC_493\Debug\Fridge.a(ADC.o)
 .debug_loc     0x000012a0      0x23b .\CortexM3\ARM_GCC_493\Debug\Fridge.a(CapSense.o)
 .debug_loc     0x000014db      0x850 .\CortexM3\ARM_GCC_493\Debug\Fridge.a(CapSense_CSHL.o)
 .debug_loc     0x00001d2b      0x3c6 .\CortexM3\ARM_GCC_493\Debug\Fridge.a(LCD.o)
 .debug_loc     0x000020f1      0x435 .\CortexM3\ARM_GCC_493\Debug\Fridge.a(USBUART_1.o)
 .debug_loc     0x00002526      0x56b .\CortexM3\ARM_GCC_493\Debug\Fridge.a(USBUART_1_cdc.o)
 .debug_loc     0x00002a91      0x171 .\CortexM3\ARM_GCC_493\Debug\Fridge.a(USBUART_1_drv.o)
 .debug_loc     0x00002c02      0x397 .\CortexM3\ARM_GCC_493\Debug\Fridge.a(USBUART_1_hid.o)
 .debug_loc     0x00002f99       0x26 .\CortexM3\ARM_GCC_493\Debug\Fridge.a(USBUART_1_pm.o)
 .debug_loc     0x00002fbf      0x934 .\CortexM3\ARM_GCC_493\Debug\Fridge.a(USBUART_1_std.o)
 .debug_loc     0x000038f3       0x36 .\CortexM3\ARM_GCC_493\Debug\Fridge.a(USBUART_1_vnd.o)
 .debug_loc     0x00003929       0x13 .\CortexM3\ARM_GCC_493\Debug\Fridge.a(PWM_1.o)
 .debug_loc     0x0000393c       0x6c .\CortexM3\ARM_GCC_493\Debug\Fridge.a(ADC_AMux.o)
 .debug_loc     0x000039a8      0x12c .\CortexM3\ARM_GCC_493\Debug\Fridge.a(ADC_Ext_CP_Clk.o)
 .debug_loc     0x00003ad4      0x14d .\CortexM3\ARM_GCC_493\Debug\Fridge.a(ADC_theACLK.o)
 .debug_loc     0x00003c21       0xed .\CortexM3\ARM_GCC_493\Debug\Fridge.a(CapSense_CompCH0.o)
 .debug_loc     0x00003d0e       0x76 .\CortexM3\ARM_GCC_493\Debug\Fridge.a(CapSense_IdacCH0.o)
 .debug_loc     0x00003d84       0x6c .\CortexM3\ARM_GCC_493\Debug\Fridge.a(CapSense_AMuxCH0.o)
 .debug_loc     0x00003df0      0x128 .\CortexM3\ARM_GCC_493\Debug\Fridge.a(CapSense_IntClock.o)
 .debug_loc     0x00003f18       0x84 .\CortexM3\ARM_GCC_493\Debug\Fridge.a(USBUART_1_Dp.o)
 .debug_loc     0x00003f9c      0xa11 .\CortexM3\ARM_GCC_493\Debug\Fridge.a(CyLib.o)
 .debug_loc     0x000049ad      0x1e4 .\CortexM3\ARM_GCC_493\Debug\Fridge.a(cyPm.o)
 .debug_loc     0x00004b91      0x258 .\CortexM3\ARM_GCC_493\Debug\Fridge.a(UART.o)
 .debug_loc     0x00004de9      0x258 .\CortexM3\ARM_GCC_493\Debug\Fridge.a(UART_Blue.o)
 .debug_loc     0x00005041       0x52 .\CortexM3\ARM_GCC_493\Debug\Fridge.a(USBUART_1_cls.o)
 .debug_loc     0x00005093      0x300 .\CortexM3\ARM_GCC_493\Debug\Fridge.a(CyFlash.o)
 .debug_loc     0x00005393      0x64d .\CortexM3\ARM_GCC_493\Debug\Fridge.a(CySpc.o)

.debug_macinfo
 *(.debug_macinfo)

.debug_ranges   0x00000000      0xf98
 *(.debug_ranges)
 .debug_ranges  0x00000000       0x50 .\CortexM3\ARM_GCC_493\Debug\main.o
 .debug_ranges  0x00000050       0x38 .\CortexM3\ARM_GCC_493\Debug\Cm3Start.o
 .debug_ranges  0x00000088       0x68 .\CortexM3\ARM_GCC_493\Debug\Fridge.a(cyfitter_cfg.o)
 .debug_ranges  0x000000f0       0xd8 .\CortexM3\ARM_GCC_493\Debug\Fridge.a(ADC.o)
 .debug_ranges  0x000001c8       0x28 .\CortexM3\ARM_GCC_493\Debug\Fridge.a(ADC_INT.o)
 .debug_ranges  0x000001f0       0xa0 .\CortexM3\ARM_GCC_493\Debug\Fridge.a(CapSense.o)
 .debug_ranges  0x00000290       0x80 .\CortexM3\ARM_GCC_493\Debug\Fridge.a(CapSense_CSHL.o)
 .debug_ranges  0x00000310       0x10 .\CortexM3\ARM_GCC_493\Debug\Fridge.a(CapSense_INT.o)
 .debug_ranges  0x00000320       0x88 .\CortexM3\ARM_GCC_493\Debug\Fridge.a(LCD.o)
 .debug_ranges  0x000003a8       0xd0 .\CortexM3\ARM_GCC_493\Debug\Fridge.a(USBUART_1.o)
 .debug_ranges  0x00000478       0xd8 .\CortexM3\ARM_GCC_493\Debug\Fridge.a(USBUART_1_cdc.o)
 .debug_ranges  0x00000550       0x88 .\CortexM3\ARM_GCC_493\Debug\Fridge.a(USBUART_1_drv.o)
 .debug_ranges  0x000005d8       0x30 .\CortexM3\ARM_GCC_493\Debug\Fridge.a(USBUART_1_episr.o)
 .debug_ranges  0x00000608       0x38 .\CortexM3\ARM_GCC_493\Debug\Fridge.a(USBUART_1_hid.o)
 .debug_ranges  0x00000640       0x30 .\CortexM3\ARM_GCC_493\Debug\Fridge.a(USBUART_1_pm.o)
 .debug_ranges  0x00000670       0x70 .\CortexM3\ARM_GCC_493\Debug\Fridge.a(USBUART_1_std.o)
 .debug_ranges  0x000006e0       0x10 .\CortexM3\ARM_GCC_493\Debug\Fridge.a(USBUART_1_vnd.o)
 .debug_ranges  0x000006f0       0x80 .\CortexM3\ARM_GCC_493\Debug\Fridge.a(PWM_1.o)
 .debug_ranges  0x00000770       0x20 .\CortexM3\ARM_GCC_493\Debug\Fridge.a(ADC_AMux.o)
 .debug_ranges  0x00000790       0x60 .\CortexM3\ARM_GCC_493\Debug\Fridge.a(ADC_Ext_CP_Clk.o)
 .debug_ranges  0x000007f0       0x70 .\CortexM3\ARM_GCC_493\Debug\Fridge.a(ADC_theACLK.o)
 .debug_ranges  0x00000860       0x60 .\CortexM3\ARM_GCC_493\Debug\Fridge.a(CapSense_CompCH0.o)
 .debug_ranges  0x000008c0       0x50 .\CortexM3\ARM_GCC_493\Debug\Fridge.a(CapSense_IdacCH0.o)
 .debug_ranges  0x00000910       0x38 .\CortexM3\ARM_GCC_493\Debug\Fridge.a(CapSense_AMuxCH0.o)
 .debug_ranges  0x00000948       0x60 .\CortexM3\ARM_GCC_493\Debug\Fridge.a(CapSense_IntClock.o)
 .debug_ranges  0x000009a8       0x38 .\CortexM3\ARM_GCC_493\Debug\Fridge.a(USBUART_1_Dp.o)
 .debug_ranges  0x000009e0      0x288 .\CortexM3\ARM_GCC_493\Debug\Fridge.a(CyLib.o)
 .debug_ranges  0x00000c68       0x88 .\CortexM3\ARM_GCC_493\Debug\Fridge.a(cyPm.o)
 .debug_ranges  0x00000cf0       0xe0 .\CortexM3\ARM_GCC_493\Debug\Fridge.a(UART.o)
 .debug_ranges  0x00000dd0       0xe0 .\CortexM3\ARM_GCC_493\Debug\Fridge.a(UART_Blue.o)
 .debug_ranges  0x00000eb0       0x10 .\CortexM3\ARM_GCC_493\Debug\Fridge.a(USBUART_1_cls.o)
 .debug_ranges  0x00000ec0       0x70 .\CortexM3\ARM_GCC_493\Debug\Fridge.a(CyFlash.o)
 .debug_ranges  0x00000f30       0x68 .\CortexM3\ARM_GCC_493\Debug\Fridge.a(CySpc.o)

.comment        0x00000000       0x70
 .comment       0x00000000       0x70 .\CortexM3\ARM_GCC_493\Debug\main.o
                                 0x71 (size before relaxing)
 .comment       0x00000000       0x71 .\CortexM3\ARM_GCC_493\Debug\cymetadata.o
 .comment       0x00000000       0x71 .\CortexM3\ARM_GCC_493\Debug\Cm3Start.o
 .comment       0x00000000       0x71 .\CortexM3\ARM_GCC_493\Debug\Fridge.a(cyfitter_cfg.o)
 .comment       0x00000000       0x71 .\CortexM3\ARM_GCC_493\Debug\Fridge.a(ADC.o)